66.249.79.85 - - [30/Jun/2017:18:10:04 -0700] "GET /offline-sites/wildflowerevergreen/_css/styles.css?1498176000 HTTP/1.1" 200 7229 "http://www.evergreenwebdesign.com/offline-sites/wildflowerevergreen/find_us.php" "Mozilla/5.0 (Linux; Android 6.0.1; Nexus 5X Build/MMB29P) AppleWebKit/537.36 (KHTML, like Gecko) Chrome/41.0.2272.96 Mobile Safari/537.36 (compatible; Googlebot/2.1; +http://www.google.com/bot.html)"
66.249.79.85 - - [30/Jun/2017:18:10:05 -0700] "GET /offline-sites/wildflowerevergreen/_scripts/functions.js HTTP/1.1" 200 890 "http://www.evergreenwebdesign.com/offline-sites/wildflowerevergreen/find_us.php" "Mozilla/5.0 (Linux; Android 6.0.1; Nexus 5X Build/MMB29P) AppleWebKit/537.36 (KHTML, like Gecko) Chrome/41.0.2272.96 Mobile Safari/537.36 (compatible; Googlebot/2.1; +http://www.google.com/bot.html)"
74.115.214.134 - - [30/Jun/2017:18:26:30 -0700] "GET /robots.txt HTTP/1.1" 200 56 "-" "Mozilla/5.0 (compatible; Uptimebot/1.0; +http://www.uptime.com/uptimebot)"
74.115.214.135 - - [30/Jun/2017:18:26:30 -0700] "HEAD / HTTP/1.1" 200 - "http://uptime.com/evergreenwebdesign.com" "Mozilla/5.0 (compatible; Uptimebot/1.0; +http://www.uptime.com/uptimebot)"
74.115.214.148 - - [30/Jun/2017:18:26:34 -0700] "GET / HTTP/1.1" 200 9067 "-" "Mozilla/5.0 (compatible; Uptimebot/1.0; +http://www.uptime.com/uptimebot)"
125.176.137.177 - - [30/Jun/2017:18:29:06 -0700] "GET /wp-login.php HTTP/1.1" 404 - "-" "Mozilla/5.0 (Windows NT 6.1; WOW64; rv:40.0) Gecko/20100101 Firefox/40.1"
125.176.137.177 - - [30/Jun/2017:18:29:06 -0700] "GET / HTTP/1.1" 200 30585 "-" "Mozilla/5.0 (Windows NT 6.1; WOW64; rv:40.0) Gecko/20100101 Firefox/40.1"
66.249.79.5 - - [30/Jun/2017:18:44:16 -0700] "GET / HTTP/1.1" 200 9071 "-" "Mozilla/5.0 (compatible; Googlebot/2.1; +http://www.google.com/bot.html)"
66.249.79.89 - - [30/Jun/2017:18:48:31 -0700] "GET / HTTP/1.1" 200 9064 "-" "Mozilla/5.0 (Linux; Android 6.0.1; Nexus 5X Build/MMB29P) AppleWebKit/537.36 (KHTML, like Gecko) Chrome/41.0.2272.96 Mobile Safari/537.36 (compatible; Googlebot/2.1; +http://www.google.com/bot.html)"
77.88.47.5 - - [30/Jun/2017:18:52:17 -0700] "GET / HTTP/1.1" 200 9069 "-" "Mozilla/5.0 (compatible; YandexBot/3.0; +http://yandex.com/bots)"
104.223.123.98 - - [30/Jun/2017:18:53:25 -0700] "GET / HTTP/1.1" 200 9067 "-" "Mozilla/5.0 (Windows NT 5.1; rv:7.0.1) Gecko/20100101 Firefox/7.0.1"
93.115.95.206 - - [30/Jun/2017:18:53:27 -0700] "POST /javascript:fg_submit_form() HTTP/1.1" 404 - "http://evergreenwebdesign.com/" "Mozilla/5.0 (Windows NT 5.1; rv:7.0.1) Gecko/20100101 Firefox/7.0.1"
84.201.133.2 - - [30/Jun/2017:19:11:43 -0700] "GET / HTTP/1.1" 200 9068 "-" "Mozilla/5.0 (compatible; YandexBot/3.0; +http://yandex.com/bots)"
84.201.133.2 - - [30/Jun/2017:19:12:26 -0700] "GET /robots.txt HTTP/1.1" 200 56 "-" "Mozilla/5.0 (compatible; YandexBot/3.0; +http://yandex.com/bots)"
199.21.99.200 - - [30/Jun/2017:19:12:32 -0700] "GET / HTTP/1.1" 200 9064 "-" "Mozilla/5.0 (compatible; YandexBot/3.0; +http://yandex.com/bots)"
66.249.79.87 - - [30/Jun/2017:19:40:07 -0700] "GET /offline-sites/fhl/ HTTP/1.1" 304 - "-" "Mozilla/5.0 (compatible; Googlebot/2.1; +http://www.google.com/bot.html)"
66.249.79.5 - - [30/Jun/2017:19:53:29 -0700] "GET / HTTP/1.1" 200 9071 "-" "Mozilla/5.0 (Linux; Android 6.0.1; Nexus 5X Build/MMB29P) AppleWebKit/537.36 (KHTML, like Gecko) Chrome/41.0.2272.96 Mobile Safari/537.36 (compatible; Googlebot/2.1; +http://www.google.com/bot.html)"
66.249.79.85 - - [30/Jun/2017:19:55:37 -0700] "GET / HTTP/1.1" 200 9068 "-" "Mozilla/5.0 (compatible; Googlebot/2.1; +http://www.google.com/bot.html)"
216.218.134.12 - - [30/Jun/2017:20:04:43 -0700] "GET / HTTP/1.1" 200 9067 "-" "Mozilla/5.0 (Windows NT 5.1; rv:7.0.1) Gecko/20100101 Firefox/7.0.1"
216.218.134.12 - - [30/Jun/2017:20:04:44 -0700] "POST /javascript:fg_submit_form() HTTP/1.1" 404 - "http://evergreenwebdesign.com/" "Mozilla/5.0 (Windows NT 5.1; rv:7.0.1) Gecko/20100101 Firefox/7.0.1"
66.249.79.85 - - [30/Jun/2017:20:36:09 -0700] "GET / HTTP/1.1" 200 9068 "-" "Mozilla/5.0 (Linux; Android 6.0.1; Nexus 5X Build/MMB29P) AppleWebKit/537.36 (KHTML, like Gecko) Chrome/41.0.2272.96 Mobile Safari/537.36 (compatible; Googlebot/2.1; +http://www.google.com/bot.html)"
66.249.79.89 - - [30/Jun/2017:20:36:10 -0700] "GET /offline-sites/wildflowerevergreen/_css/styles.css?1496571918 HTTP/1.1" 200 7229 "http://www.evergreenwebdesign.com/offline-sites/wildflowerevergreen/sushi_menu.php" "Mozilla/5.0 (compatible; Googlebot/2.1; +http://www.google.com/bot.html)"
85.248.227.165 - - [30/Jun/2017:21:10:59 -0700] "GET / HTTP/1.0" 200 30585 "http://big.toys.sexgalleries.top" "Mozilla/5.0 (Windows NT 6.3; Win64; x64) AppleWebKit/537.36 (KHTML, like Gecko) Chrome/58.0.3029.96 Safari/537.36"
85.248.227.165 - - [30/Jun/2017:21:11:07 -0700] "POST /javascript:fg_submit_form%28%29 HTTP/1.0" 404 - "http://evergreenwebdesign.com/" "Mozilla/5.0 (Windows NT 6.3; Win64; x64) AppleWebKit/537.36 (KHTML, like Gecko) Chrome/58.0.3029.96 Safari/537.36"
66.249.79.2 - - [30/Jun/2017:21:23:52 -0700] "GET / HTTP/1.1" 200 9063 "-" "Mozilla/5.0 (Linux; Android 6.0.1; Nexus 5X Build/MMB29P) AppleWebKit/537.36 (KHTML, like Gecko) Chrome/41.0.2272.96 Mobile Safari/537.36 (compatible; Googlebot/2.1; +http://www.google.com/bot.html)"
66.249.79.85 - - [30/Jun/2017:21:25:34 -0700] "GET /offline-sites/wildflowerevergreen/sushi_menu.php HTTP/1.1" 200 2761 "-" "Mozilla/5.0 (compatible; Googlebot/2.1; +http://www.google.com/bot.html)"
66.249.79.85 - - [30/Jun/2017:21:25:45 -0700] "GET /offline-sites/satillainc HTTP/1.1" 301 267 "-" "Mozilla/5.0 (Linux; Android 6.0.1; Nexus 5X Build/MMB29P) AppleWebKit/537.36 (KHTML, like Gecko) Chrome/41.0.2272.96 Mobile Safari/537.36 (compatible; Googlebot/2.1; +http://www.google.com/bot.html)"
66.249.79.87 - - [30/Jun/2017:21:25:46 -0700] "GET /offline-sites/satillainc/ HTTP/1.1" 200 2188 "-" "Mozilla/5.0 (Linux; Android 6.0.1; Nexus 5X Build/MMB29P) AppleWebKit/537.36 (KHTML, like Gecko) Chrome/41.0.2272.96 Mobile Safari/537.36 (compatible; Googlebot/2.1; +http://www.google.com/bot.html)"
66.249.79.87 - - [30/Jun/2017:21:25:48 -0700] "GET /offline-sites/satillainc/navHome.js HTTP/1.1" 200 1255 "http://www.evergreenwebdesign.com/offline-sites/satillainc/" "Mozilla/5.0 (Linux; Android 6.0.1; Nexus 5X Build/MMB29P) AppleWebKit/537.36 (KHTML, like Gecko) Chrome/41.0.2272.96 Mobile Safari/537.36 (compatible; Googlebot/2.1; +http://www.google.com/bot.html)"
66.249.79.85 - - [30/Jun/2017:21:25:49 -0700] "GET /offline-sites/satillainc/main.css HTTP/1.1" 200 947 "http://www.evergreenwebdesign.com/offline-sites/satillainc/" "Mozilla/5.0 (compatible; Googlebot/2.1; +http://www.google.com/bot.html)"
66.249.79.85 - - [30/Jun/2017:21:25:49 -0700] "GET /offline-sites/satillainc/jscripts/jquery-1.7.1.js HTTP/1.1" 200 72481 "http://www.evergreenwebdesign.com/offline-sites/satillainc/" "Mozilla/5.0 (Linux; Android 6.0.1; Nexus 5X Build/MMB29P) AppleWebKit/537.36 (KHTML, like Gecko) Chrome/41.0.2272.96 Mobile Safari/537.36 (compatible; Googlebot/2.1; +http://www.google.com/bot.html)"
66.249.79.85 - - [30/Jun/2017:21:25:50 -0700] "GET /offline-sites/satillainc/jscripts/fadeslideshow.js HTTP/1.1" 200 4490 "http://www.evergreenwebdesign.com/offline-sites/satillainc/" "Mozilla/5.0 (Linux; Android 6.0.1; Nexus 5X Build/MMB29P) AppleWebKit/537.36 (KHTML, like Gecko) Chrome/41.0.2272.96 Mobile Safari/537.36 (compatible; Googlebot/2.1; +http://www.google.com/bot.html)"
66.249.79.85 - - [30/Jun/2017:21:25:50 -0700] "GET /offline-sites/satillainc/main.css HTTP/1.1" 200 947 "http://www.evergreenwebdesign.com/offline-sites/satillainc/" "Mozilla/5.0 (Linux; Android 6.0.1; Nexus 5X Build/MMB29P) AppleWebKit/537.36 (KHTML, like Gecko) Chrome/41.0.2272.96 Mobile Safari/537.36 (compatible; Googlebot/2.1; +http://www.google.com/bot.html)"
66.249.79.85 - - [30/Jun/2017:21:25:52 -0700] "GET /offline-sites/satillainc/awmdata/awmlib2.js HTTP/1.1" 200 25627 "http://www.evergreenwebdesign.com/offline-sites/satillainc/" "Mozilla/5.0 (Linux; Android 6.0.1; Nexus 5X Build/MMB29P) AppleWebKit/537.36 (KHTML, like Gecko) Chrome/41.0.2272.96 Mobile Safari/537.36 (compatible; Googlebot/2.1; +http://www.google.com/bot.html)"
66.249.79.87 - - [30/Jun/2017:21:26:07 -0700] "GET /offline-sites/fhl HTTP/1.1" 301 260 "-" "Mozilla/5.0 (Linux; Android 6.0.1; Nexus 5X Build/MMB29P) AppleWebKit/537.36 (KHTML, like Gecko) Chrome/41.0.2272.96 Mobile Safari/537.36 (compatible; Googlebot/2.1; +http://www.google.com/bot.html)"
66.249.79.85 - - [30/Jun/2017:21:26:10 -0700] "GET /offline-sites/fhl/ HTTP/1.1" 200 3356 "-" "Mozilla/5.0 (Linux; Android 6.0.1; Nexus 5X Build/MMB29P) AppleWebKit/537.36 (KHTML, like Gecko) Chrome/41.0.2272.96 Mobile Safari/537.36 (compatible; Googlebot/2.1; +http://www.google.com/bot.html)"
66.249.79.87 - - [30/Jun/2017:21:26:17 -0700] "GET /offline-sites/fhl/main.css HTTP/1.1" 200 1206 "http://www.evergreenwebdesign.com/offline-sites/fhl/" "Mozilla/5.0 (compatible; Googlebot/2.1; +http://www.google.com/bot.html)"
66.249.79.85 - - [30/Jun/2017:21:26:18 -0700] "GET /offline-sites/fhl/Scripts/swfobject_modified.js HTTP/1.1" 404 - "http://www.evergreenwebdesign.com/offline-sites/fhl/" "Mozilla/5.0 (compatible; Googlebot/2.1; +http://www.google.com/bot.html)"
66.249.79.87 - - [30/Jun/2017:21:26:18 -0700] "GET /offline-sites/fhl/jscripts/jquery-1.7.1.js HTTP/1.1" 200 72481 "http://www.evergreenwebdesign.com/offline-sites/fhl/" "Mozilla/5.0 (Linux; Android 6.0.1; Nexus 5X Build/MMB29P) AppleWebKit/537.36 (KHTML, like Gecko) Chrome/41.0.2272.96 Mobile Safari/537.36 (compatible; Googlebot/2.1; +http://www.google.com/bot.html)"
66.249.79.85 - - [30/Jun/2017:21:26:21 -0700] "GET /offline-sites/fhl/jscripts/fadeslideshow.js HTTP/1.1" 200 4490 "http://www.evergreenwebdesign.com/offline-sites/fhl/" "Mozilla/5.0 (Linux; Android 6.0.1; Nexus 5X Build/MMB29P) AppleWebKit/537.36 (KHTML, like Gecko) Chrome/41.0.2272.96 Mobile Safari/537.36 (compatible; Googlebot/2.1; +http://www.google.com/bot.html)"
66.249.79.85 - - [30/Jun/2017:21:26:24 -0700] "GET /offline-sites/fhl/main.css HTTP/1.1" 200 1206 "http://www.evergreenwebdesign.com/offline-sites/fhl/" "Mozilla/5.0 (Linux; Android 6.0.1; Nexus 5X Build/MMB29P) AppleWebKit/537.36 (KHTML, like Gecko) Chrome/41.0.2272.96 Mobile Safari/537.36 (compatible; Googlebot/2.1; +http://www.google.com/bot.html)"
123.126.113.124 - - [30/Jun/2017:21:32:31 -0700] "GET / HTTP/1.1" 200 9067 "-" "Sogou web spider/4.0(+http://www.sogou.com/docs/help/webmasters.htm#07)"
123.126.113.124 - - [30/Jun/2017:21:32:32 -0700] "GET /robots.txt HTTP/1.1" 200 56 "-" "Sogou web spider/4.0(+http://www.sogou.com/docs/help/webmasters.htm#07)"
163.172.151.250 - - [30/Jun/2017:21:37:14 -0700] "GET / HTTP/1.1" 200 9066 "-" "Mozilla/5.0 (Windows NT 5.1; rv:7.0.1) Gecko/20100101 Firefox/7.0.1"
163.172.151.250 - - [30/Jun/2017:21:37:14 -0700] "POST /javascript:fg_submit_form() HTTP/1.1" 404 - "http://evergreenwebdesign.com/" "Mozilla/5.0 (Windows NT 5.1; rv:7.0.1) Gecko/20100101 Firefox/7.0.1"
66.249.79.31 - - [30/Jun/2017:21:40:57 -0700] "GET / HTTP/1.1" 200 9066 "-" "Mozilla/5.0 (compatible; Googlebot/2.1; +http://www.google.com/bot.html)"
46.101.127.145 - - [30/Jun/2017:21:51:14 -0700] "GET / HTTP/1.1" 200 9069 "-" "Mozilla/5.0 (Windows NT 5.1; rv:7.0.1) Gecko/20100101 Firefox/7.0.1"
46.101.127.145 - - [30/Jun/2017:21:51:15 -0700] "POST /javascript:fg_submit_form() HTTP/1.1" 404 - "http://evergreenwebdesign.com/" "Mozilla/5.0 (Windows NT 5.1; rv:7.0.1) Gecko/20100101 Firefox/7.0.1"
46.165.197.141 - - [30/Jun/2017:21:51:53 -0700] "GET /robots.txt HTTP/1.1" 200 56 "-" "Mozilla/5.0 (compatible; MJ12bot/v1.4.8; http://mj12bot.com/)"
46.165.197.141 - - [30/Jun/2017:21:51:54 -0700] "GET / HTTP/1.1" 200 30585 "-" "Mozilla/5.0 (compatible; MJ12bot/v1.4.8; http://mj12bot.com/)"
182.185.82.84 - - [30/Jun/2017:22:09:55 -0700] "GET /wp-login.php HTTP/1.1" 404 - "-" "Mozilla/5.0 (Windows NT 6.1; WOW64; rv:40.0) Gecko/20100101 Firefox/40.1"
182.185.82.84 - - [30/Jun/2017:22:09:55 -0700] "GET / HTTP/1.1" 200 30585 "-" "Mozilla/5.0 (Windows NT 6.1; WOW64; rv:40.0) Gecko/20100101 Firefox/40.1"
66.249.79.89 - - [30/Jun/2017:22:23:35 -0700] "GET /offline-sites/fhl/ HTTP/1.1" 304 - "-" "Mozilla/5.0 (compatible; Googlebot/2.1; +http://www.google.com/bot.html)"
66.249.79.85 - - [30/Jun/2017:23:00:47 -0700] "GET /offline-sites/theburn2012 HTTP/1.1" 301 268 "-" "Mozilla/5.0 (Linux; Android 6.0.1; Nexus 5X Build/MMB29P) AppleWebKit/537.36 (KHTML, like Gecko) Chrome/41.0.2272.96 Mobile Safari/537.36 (compatible; Googlebot/2.1; +http://www.google.com/bot.html)"
66.249.79.85 - - [30/Jun/2017:23:00:49 -0700] "GET /offline-sites/theburn2012/ HTTP/1.1" 200 4662 "-" "Mozilla/5.0 (Linux; Android 6.0.1; Nexus 5X Build/MMB29P) AppleWebKit/537.36 (KHTML, like Gecko) Chrome/41.0.2272.96 Mobile Safari/537.36 (compatible; Googlebot/2.1; +http://www.google.com/bot.html)"
66.249.79.85 - - [30/Jun/2017:23:02:47 -0700] "GET /offline-sites/theburn2012/general.css HTTP/1.1" 200 434 "http://www.evergreenwebdesign.com/offline-sites/theburn2012/" "Mozilla/5.0 (compatible; Googlebot/2.1; +http://www.google.com/bot.html)"
66.249.79.85 - - [30/Jun/2017:23:02:48 -0700] "GET /offline-sites/theburn2012/countStyle.css HTTP/1.1" 200 233 "http://www.evergreenwebdesign.com/offline-sites/theburn2012/" "Mozilla/5.0 (compatible; Googlebot/2.1; +http://www.google.com/bot.html)"
66.249.79.85 - - [30/Jun/2017:23:02:49 -0700] "GET /offline-sites/theburn2012/jscripts/popup.js HTTP/1.1" 200 758 "http://www.evergreenwebdesign.com/offline-sites/theburn2012/" "Mozilla/5.0 (Linux; Android 6.0.1; Nexus 5X Build/MMB29P) AppleWebKit/537.36 (KHTML, like Gecko) Chrome/41.0.2272.96 Mobile Safari/537.36 (compatible; Googlebot/2.1; +http://www.google.com/bot.html)"
66.249.79.85 - - [30/Jun/2017:23:02:49 -0700] "GET /offline-sites/theburn2012/btmNav.js?%27%20+%20new%20Date().getTime()%20+%20%27 HTTP/1.1" 200 1312 "http://www.evergreenwebdesign.com/offline-sites/theburn2012/" "Mozilla/5.0 (Linux; Android 6.0.1; Nexus 5X Build/MMB29P) AppleWebKit/537.36 (KHTML, like Gecko) Chrome/41.0.2272.96 Mobile Safari/537.36 (compatible; Googlebot/2.1; +http://www.google.com/bot.html)"
66.249.79.89 - - [30/Jun/2017:23:02:50 -0700] "GET /offline-sites/theburn2012/topNav.js?%27%20+%20new%20Date().getTime()%20+%20%27 HTTP/1.1" 200 1681 "http://www.evergreenwebdesign.com/offline-sites/theburn2012/" "Mozilla/5.0 (Linux; Android 6.0.1; Nexus 5X Build/MMB29P) AppleWebKit/537.36 (KHTML, like Gecko) Chrome/41.0.2272.96 Mobile Safari/537.36 (compatible; Googlebot/2.1; +http://www.google.com/bot.html)"
66.249.79.89 - - [30/Jun/2017:23:02:50 -0700] "GET /offline-sites/theburn2012/main02.css HTTP/1.1" 200 1846 "http://www.evergreenwebdesign.com/offline-sites/theburn2012/" "Mozilla/5.0 (compatible; Googlebot/2.1; +http://www.google.com/bot.html)"
66.249.79.87 - - [30/Jun/2017:23:02:53 -0700] "GET /offline-sites/theburn2012/jscripts/fadeslideshow.js HTTP/1.1" 200 4490 "http://www.evergreenwebdesign.com/offline-sites/theburn2012/" "Mozilla/5.0 (Linux; Android 6.0.1; Nexus 5X Build/MMB29P) AppleWebKit/537.36 (KHTML, like Gecko) Chrome/41.0.2272.96 Mobile Safari/537.36 (compatible; Googlebot/2.1; +http://www.google.com/bot.html)"
66.249.79.85 - - [30/Jun/2017:23:02:53 -0700] "GET /offline-sites/theburn2012/js/jquery-1.2.6.min.js HTTP/1.1" 200 16759 "http://www.evergreenwebdesign.com/offline-sites/theburn2012/" "Mozilla/5.0 (Linux; Android 6.0.1; Nexus 5X Build/MMB29P) AppleWebKit/537.36 (KHTML, like Gecko) Chrome/41.0.2272.96 Mobile Safari/537.36 (compatible; Googlebot/2.1; +http://www.google.com/bot.html)"
66.249.79.85 - - [30/Jun/2017:23:02:53 -0700] "GET /offline-sites/theburn2012/jscripts/jquery-1.7.1.js HTTP/1.1" 200 72481 "http://www.evergreenwebdesign.com/offline-sites/theburn2012/" "Mozilla/5.0 (Linux; Android 6.0.1; Nexus 5X Build/MMB29P) AppleWebKit/537.36 (KHTML, like Gecko) Chrome/41.0.2272.96 Mobile Safari/537.36 (compatible; Googlebot/2.1; +http://www.google.com/bot.html)"
66.249.79.85 - - [30/Jun/2017:23:02:54 -0700] "GET /offline-sites/theburn2012/general.css HTTP/1.1" 200 434 "http://www.evergreenwebdesign.com/offline-sites/theburn2012/" "Mozilla/5.0 (Linux; Android 6.0.1; Nexus 5X Build/MMB29P) AppleWebKit/537.36 (KHTML, like Gecko) Chrome/41.0.2272.96 Mobile Safari/537.36 (compatible; Googlebot/2.1; +http://www.google.com/bot.html)"
66.249.79.85 - - [30/Jun/2017:23:02:57 -0700] "GET /offline-sites/theburn2012/countStyle.css HTTP/1.1" 200 233 "http://www.evergreenwebdesign.com/offline-sites/theburn2012/" "Mozilla/5.0 (Linux; Android 6.0.1; Nexus 5X Build/MMB29P) AppleWebKit/537.36 (KHTML, like Gecko) Chrome/41.0.2272.96 Mobile Safari/537.36 (compatible; Googlebot/2.1; +http://www.google.com/bot.html)"
66.249.79.85 - - [30/Jun/2017:23:02:58 -0700] "GET /offline-sites/theburn2012/main02.css HTTP/1.1" 200 1846 "http://www.evergreenwebdesign.com/offline-sites/theburn2012/" "Mozilla/5.0 (Linux; Android 6.0.1; Nexus 5X Build/MMB29P) AppleWebKit/537.36 (KHTML, like Gecko) Chrome/41.0.2272.96 Mobile Safari/537.36 (compatible; Googlebot/2.1; +http://www.google.com/bot.html)"
66.249.79.85 - - [30/Jun/2017:23:02:59 -0700] "GET /offline-sites/theburn2012/awmdata/awmlib2.js HTTP/1.1" 200 23812 "http://www.evergreenwebdesign.com/offline-sites/theburn2012/" "Mozilla/5.0 (Linux; Android 6.0.1; Nexus 5X Build/MMB29P) AppleWebKit/537.36 (KHTML, like Gecko) Chrome/41.0.2272.96 Mobile Safari/537.36 (compatible; Googlebot/2.1; +http://www.google.com/bot.html)"
66.249.79.89 - - [30/Jun/2017:23:14:02 -0700] "GET / HTTP/1.1" 200 9064 "-" "Mozilla/5.0 (compatible; Googlebot/2.1; +http://www.google.com/bot.html)"
163.172.212.115 - - [30/Jun/2017:23:21:30 -0700] "GET / HTTP/1.1" 200 9067 "-" "Mozilla/5.0 (Windows NT 5.1; rv:7.0.1) Gecko/20100101 Firefox/7.0.1"
163.172.212.115 - - [30/Jun/2017:23:21:32 -0700] "POST /javascript:fg_submit_form() HTTP/1.1" 404 - "http://evergreenwebdesign.com/" "Mozilla/5.0 (Windows NT 5.1; rv:7.0.1) Gecko/20100101 Firefox/7.0.1"
208.43.225.84 - - [30/Jun/2017:23:33:41 -0700] "GET /robots.txt HTTP/1.1" 200 56 "-" "Mozilla/5.0 (compatible; SiteExplorer/1.1b; +http://siteexplorer.info/Backlink-Checker-Spider/)"
208.43.225.84 - - [30/Jun/2017:23:33:46 -0700] "GET / HTTP/1.1" 200 9066 "-" "Mozilla/5.0 (compatible; SiteExplorer/1.1b; +http://siteexplorer.info/Backlink-Checker-Spider/)"
5.39.217.14 - - [30/Jun/2017:23:34:38 -0700] "GET / HTTP/1.1" 200 9069 "-" "Mozilla/5.0 (Windows NT 5.1; rv:7.0.1) Gecko/20100101 Firefox/7.0.1"
5.39.217.14 - - [30/Jun/2017:23:34:39 -0700] "POST /javascript:fg_submit_form() HTTP/1.1" 404 - "http://evergreenwebdesign.com/" "Mozilla/5.0 (Windows NT 5.1; rv:7.0.1) Gecko/20100101 Firefox/7.0.1"
66.249.79.87 - - [30/Jun/2017:23:46:50 -0700] "GET / HTTP/1.1" 200 9068 "-" "Mozilla/5.0 (Linux; Android 6.0.1; Nexus 5X Build/MMB29P) AppleWebKit/537.36 (KHTML, like Gecko) Chrome/41.0.2272.96 Mobile Safari/537.36 (compatible; Googlebot/2.1; +http://www.google.com/bot.html)"
46.101.127.145 - - [01/Jul/2017:00:08:32 -0700] "GET / HTTP/1.1" 200 9068 "-" "Mozilla/5.0 (Windows NT 5.1; rv:7.0.1) Gecko/20100101 Firefox/7.0.1"
46.101.127.145 - - [01/Jul/2017:00:08:33 -0700] "POST /javascript:fg_submit_form() HTTP/1.1" 404 - "http://evergreenwebdesign.com/" "Mozilla/5.0 (Windows NT 5.1; rv:7.0.1) Gecko/20100101 Firefox/7.0.1"
66.249.79.5 - - [01/Jul/2017:00:40:29 -0700] "GET / HTTP/1.1" 200 9072 "-" "Mozilla/5.0 (compatible; Googlebot/2.1; +http://www.google.com/bot.html)"
66.249.79.87 - - [01/Jul/2017:00:47:53 -0700] "GET / HTTP/1.1" 200 9068 "-" "Mozilla/5.0 (Linux; Android 6.0.1; Nexus 5X Build/MMB29P) AppleWebKit/537.36 (KHTML, like Gecko) Chrome/41.0.2272.96 Mobile Safari/537.36 (compatible; Googlebot/2.1; +http://www.google.com/bot.html)"
157.55.39.122 - - [01/Jul/2017:01:01:54 -0700] "GET /_images/mbeachlegal-website.jpg HTTP/1.1" 200 14419 "-" "Mozilla/5.0 (compatible; bingbot/2.0; +http://www.bing.com/bingbot.htm)"
85.93.91.84 - - [01/Jul/2017:01:08:37 -0700] "GET /robots.txt HTTP/1.0" 200 56 "-" "Mozilla/5.0 (compatible; DeuSu/5.0.2; +https://deusu.de/robot.html)"
85.93.91.84 - - [01/Jul/2017:01:08:37 -0700] "GET /seo.php HTTP/1.0" 404 - "-" "Mozilla/5.0 (compatible; DeuSu/5.0.2; +https://deusu.de/robot.html)"
40.77.167.17 - - [01/Jul/2017:01:20:33 -0700] "GET /offline-sites/acts/images/header03.jpg HTTP/1.1" 200 21818 "-" "Mozilla/5.0 (compatible; bingbot/2.0; +http://www.bing.com/bingbot.htm)"
50.112.183.210 - - [01/Jul/2017:01:22:26 -0700] "HEAD / HTTP/1.1" 200 - "-" "Mozilla/5.0 (Macintosh; Intel Mac OS X 10_10_5) AppleWebKit/537.36 (KHTML, like Gecko) Chrome/48.0.2564.103 Safari/537.36"
220.181.108.118 - - [01/Jul/2017:01:23:41 -0700] "GET / HTTP/1.1" 200 9064 "-" "Mozilla/5.0 (compatible; Baiduspider/2.0; +http://www.baidu.com/search/spider.html)"
40.77.167.183 - - [01/Jul/2017:01:28:20 -0700] "GET /_images/Bobby-Means-Designer.jpg HTTP/1.1" 200 43090 "-" "Mozilla/5.0 (compatible; bingbot/2.0; +http://www.bing.com/bingbot.htm)"
66.249.79.89 - - [01/Jul/2017:01:38:23 -0700] "GET / HTTP/1.1" 200 9063 "-" "Mozilla/5.0 (compatible; Googlebot/2.1; +http://www.google.com/bot.html)"
146.185.223.157 - - [01/Jul/2017:01:38:32 -0700] "GET / HTTP/1.0" 200 30585 "http://evergreenwebdesign.com/" "Mozilla/5.0 (Windows NT 6.2; Win64; x64) AppleWebKit/537.36 (KHTML, like Gecko) Chrome/57.0.2987.133 Safari/537.36"
146.185.223.157 - - [01/Jul/2017:01:38:33 -0700] "POST /javascript:fg_submit_form%28%29 HTTP/1.0" 404 - "http://evergreenwebdesign.com/" "Mozilla/5.0 (Windows NT 6.2; Win64; x64) AppleWebKit/537.36 (KHTML, like Gecko) Chrome/57.0.2987.133 Safari/537.36"
146.185.223.157 - - [01/Jul/2017:01:38:34 -0700] "GET / HTTP/1.0" 200 30585 "http://evergreenwebdesign.com/" "Mozilla/5.0 (Windows NT 6.2; Win64; x64) AppleWebKit/537.36 (KHTML, like Gecko) Chrome/57.0.2987.133 Safari/537.36"
66.249.79.87 - - [01/Jul/2017:01:40:46 -0700] "GET /offline-sites/fhl/ HTTP/1.1" 304 - "-" "Mozilla/5.0 (compatible; Googlebot/2.1; +http://www.google.com/bot.html)"
66.249.79.89 - - [01/Jul/2017:01:46:53 -0700] "GET / HTTP/1.1" 200 9062 "-" "Mozilla/5.0 (Linux; Android 6.0.1; Nexus 5X Build/MMB29P) AppleWebKit/537.36 (KHTML, like Gecko) Chrome/41.0.2272.96 Mobile Safari/537.36 (compatible; Googlebot/2.1; +http://www.google.com/bot.html)"
180.76.15.16 - - [01/Jul/2017:01:51:29 -0700] "GET /offline-sites/acts/youthChildren.htm HTTP/1.1" 200 3405 "-" "Mozilla/5.0 (compatible; Baiduspider/2.0; +http://www.baidu.com/search/spider.html)"
146.185.223.157 - - [01/Jul/2017:02:00:13 -0700] "GET / HTTP/1.0" 200 30585 "http://evergreenwebdesign.com/" "Mozilla/5.0 (Windows NT 10.0; Win64; x64) AppleWebKit/537.36 (KHTML, like Gecko) Chrome/51.0.2704.79 Safari/537.36 Edge/14.14393"
146.185.223.157 - - [01/Jul/2017:02:00:13 -0700] "POST /javascript:fg_submit_form%28%29 HTTP/1.0" 404 - "http://evergreenwebdesign.com/" "Mozilla/5.0 (Windows NT 10.0; Win64; x64) AppleWebKit/537.36 (KHTML, like Gecko) Chrome/51.0.2704.79 Safari/537.36 Edge/14.14393"
146.185.223.157 - - [01/Jul/2017:02:00:14 -0700] "GET / HTTP/1.0" 200 30585 "http://evergreenwebdesign.com/" "Mozilla/5.0 (Windows NT 10.0; Win64; x64) AppleWebKit/537.36 (KHTML, like Gecko) Chrome/51.0.2704.79 Safari/537.36 Edge/14.14393"
157.55.39.43 - - [01/Jul/2017:02:16:50 -0700] "GET /_images/myscreenscene-website.jpg HTTP/1.1" 200 12627 "-" "Mozilla/5.0 (compatible; bingbot/2.0; +http://www.bing.com/bingbot.htm)"
195.22.126.25 - - [01/Jul/2017:02:24:29 -0700] "GET / HTTP/1.0" 200 30585 "http://evergreenwebdesign.com/" "Mozilla/5.0 (Windows NT 6.1; Win64; x64) AppleWebKit/537.36 (KHTML, like Gecko) Chrome/57.0.2987.98 Safari/537.36 OPR/44.0.2510.857"
195.22.126.25 - - [01/Jul/2017:02:24:29 -0700] "POST /javascript:fg_submit_form%28%29 HTTP/1.0" 404 - "http://evergreenwebdesign.com/" "Mozilla/5.0 (Windows NT 6.1; Win64; x64) AppleWebKit/537.36 (KHTML, like Gecko) Chrome/57.0.2987.98 Safari/537.36 OPR/44.0.2510.857"
180.76.15.33 - - [01/Jul/2017:02:24:49 -0700] "GET /offline-sites/theburn2012/countStyle.css HTTP/1.1" 200 233 "-" "Mozilla/5.0 (compatible; Baiduspider/2.0; +http://www.baidu.com/search/spider.html)"
66.249.79.2 - - [01/Jul/2017:02:35:59 -0700] "GET / HTTP/1.1" 200 9063 "-" "Mozilla/5.0 (Linux; Android 6.0.1; Nexus 5X Build/MMB29P) AppleWebKit/537.36 (KHTML, like Gecko) Chrome/41.0.2272.96 Mobile Safari/537.36 (compatible; Googlebot/2.1; +http://www.google.com/bot.html)"
216.244.66.250 - - [01/Jul/2017:02:57:04 -0700] "GET /robots.txt HTTP/1.1" 200 56 "-" "Mozilla/5.0 (compatible; DotBot/1.1; http://www.opensiteexplorer.org/dotbot, help@moz.com)"
66.249.79.85 - - [01/Jul/2017:02:57:04 -0700] "GET /offline-sites/colt-green HTTP/1.1" 301 267 "-" "Mozilla/5.0 (Linux; Android 6.0.1; Nexus 5X Build/MMB29P) AppleWebKit/537.36 (KHTML, like Gecko) Chrome/41.0.2272.96 Mobile Safari/537.36 (compatible; Googlebot/2.1; +http://www.google.com/bot.html)"
66.249.79.89 - - [01/Jul/2017:02:57:06 -0700] "GET /offline-sites/colt-green/ HTTP/1.1" 200 1844 "-" "Mozilla/5.0 (Linux; Android 6.0.1; Nexus 5X Build/MMB29P) AppleWebKit/537.36 (KHTML, like Gecko) Chrome/41.0.2272.96 Mobile Safari/537.36 (compatible; Googlebot/2.1; +http://www.google.com/bot.html)"
66.249.79.87 - - [01/Jul/2017:02:57:09 -0700] "GET /offline-sites/colt-green/_css/styles.css?1498176000 HTTP/1.1" 200 2959 "http://www.evergreenwebdesign.com/offline-sites/colt-green/" "Mozilla/5.0 (compatible; Googlebot/2.1; +http://www.google.com/bot.html)"
66.249.79.85 - - [01/Jul/2017:02:57:10 -0700] "GET /offline-sites/colt-green/_css/styles.css?1498176000 HTTP/1.1" 200 2959 "http://www.evergreenwebdesign.com/offline-sites/colt-green/" "Mozilla/5.0 (Linux; Android 6.0.1; Nexus 5X Build/MMB29P) AppleWebKit/537.36 (KHTML, like Gecko) Chrome/41.0.2272.96 Mobile Safari/537.36 (compatible; Googlebot/2.1; +http://www.google.com/bot.html)"
121.40.70.105 - - [01/Jul/2017:03:10:44 -0700] "GET / HTTP/1.1" 200 30585 "http://www.evergreenwebdesign.com" "Mozilla/4.0 (compatible; MSIE 6.0; Windows NT 5.2; .NET CLR 1.1.4322)"
66.249.79.87 - - [01/Jul/2017:03:18:36 -0700] "GET / HTTP/1.1" 200 9067 "-" "Mozilla/5.0 (Linux; Android 6.0.1; Nexus 5X Build/MMB29P) AppleWebKit/537.36 (KHTML, like Gecko) Chrome/41.0.2272.96 Mobile Safari/537.36 (compatible; Googlebot/2.1; +http://www.google.com/bot.html)"
66.249.79.89 - - [01/Jul/2017:03:39:13 -0700] "GET /_images/wildflower-website.jpg HTTP/1.1" 304 - "-" "Googlebot-Image/1.0"
216.244.66.250 - - [01/Jul/2017:03:40:50 -0700] "GET /offline-sites/acts/aboutUs.htm HTTP/1.1" 200 71988 "-" "Mozilla/5.0 (compatible; DotBot/1.1; http://www.opensiteexplorer.org/dotbot, help@moz.com)"
66.249.79.2 - - [01/Jul/2017:04:02:36 -0700] "GET / HTTP/1.1" 200 9065 "-" "Mozilla/5.0 (Linux; Android 6.0.1; Nexus 5X Build/MMB29P) AppleWebKit/537.36 (KHTML, like Gecko) Chrome/41.0.2272.96 Mobile Safari/537.36 (compatible; Googlebot/2.1; +http://www.google.com/bot.html)"
80.48.211.131 - - [01/Jul/2017:04:07:23 -0700] "GET /wp-login.php HTTP/1.1" 404 - "-" "Mozilla/5.0 (Windows NT 6.1; WOW64; rv:40.0) Gecko/20100101 Firefox/40.1"
80.48.211.131 - - [01/Jul/2017:04:07:23 -0700] "GET / HTTP/1.1" 200 30585 "-" "Mozilla/5.0 (Windows NT 6.1; WOW64; rv:40.0) Gecko/20100101 Firefox/40.1"
40.77.167.183 - - [01/Jul/2017:04:14:10 -0700] "GET /offline-sites/colt-green/index.php HTTP/1.1" 200 1844 "-" "Mozilla/5.0 (compatible; bingbot/2.0; +http://www.bing.com/bingbot.htm)"
66.249.79.31 - - [01/Jul/2017:04:15:12 -0700] "GET / HTTP/1.1" 200 9067 "-" "Mozilla/5.0 (compatible; Googlebot/2.1; +http://www.google.com/bot.html)"
106.120.188.137 - - [01/Jul/2017:04:19:49 -0700] "GET /robots.txt HTTP/1.1" 200 56 "-" "Sogou web spider/4.0(+http://www.sogou.com/docs/help/webmasters.htm#07)"
66.249.79.85 - - [01/Jul/2017:04:19:58 -0700] "GET / HTTP/1.1" 200 9068 "-" "Mozilla/5.0 (Linux; Android 6.0.1; Nexus 5X Build/MMB29P) AppleWebKit/537.36 (KHTML, like Gecko) Chrome/41.0.2272.96 Mobile Safari/537.36 (compatible; Googlebot/2.1; +http://www.google.com/bot.html)"
106.120.188.137 - - [01/Jul/2017:04:20:09 -0700] "GET / HTTP/1.1" 200 9066 "-" "Sogou web spider/4.0(+http://www.sogou.com/docs/help/webmasters.htm#07)"
106.120.188.137 - - [01/Jul/2017:04:20:09 -0700] "GET /_scripts/modernizr.js?1498908009 HTTP/1.1" 200 5779 "http://www.evergreenwebdesign.com/" "Sogou web spider/4.0(+http://www.sogou.com/docs/help/webmasters.htm#07)"
106.120.188.137 - - [01/Jul/2017:04:20:09 -0700] "GET /style.css?1498908009 HTTP/1.1" 200 14013 "http://www.evergreenwebdesign.com/" "Sogou web spider/4.0(+http://www.sogou.com/docs/help/webmasters.htm#07)"
106.120.188.137 - - [01/Jul/2017:04:20:10 -0700] "GET /_scripts/fg_ajax.js HTTP/1.1" 200 799 "http://www.evergreenwebdesign.com/" "Sogou web spider/4.0(+http://www.sogou.com/docs/help/webmasters.htm#07)"
106.120.188.137 - - [01/Jul/2017:04:20:10 -0700] "GET /_scripts/fg_moveable_popup-breakpoint.js HTTP/1.1" 200 193 "http://www.evergreenwebdesign.com/" "Sogou web spider/4.0(+http://www.sogou.com/docs/help/webmasters.htm#07)"
106.120.188.137 - - [01/Jul/2017:04:20:10 -0700] "GET /_scripts/fg_form_submitter.js HTTP/1.1" 200 442 "http://www.evergreenwebdesign.com/" "Sogou web spider/4.0(+http://www.sogou.com/docs/help/webmasters.htm#07)"
106.120.188.137 - - [01/Jul/2017:04:20:10 -0700] "GET /_scripts/jquery.backstretch.min.js HTTP/1.1" 200 1807 "http://www.evergreenwebdesign.com/" "Sogou web spider/4.0(+http://www.sogou.com/docs/help/webmasters.htm#07)"
106.120.188.137 - - [01/Jul/2017:04:20:10 -0700] "GET /_scripts/scripts.js?1498908009 HTTP/1.1" 200 51570 "http://www.evergreenwebdesign.com/" "Sogou web spider/4.0(+http://www.sogou.com/docs/help/webmasters.htm#07)"
106.120.188.137 - - [01/Jul/2017:04:20:10 -0700] "GET /_scripts/gen_validatorv31.js HTTP/1.1" 200 2895 "http://www.evergreenwebdesign.com/" "Sogou web spider/4.0(+http://www.sogou.com/docs/help/webmasters.htm#07)"
66.249.79.85 - - [01/Jul/2017:04:25:19 -0700] "GET / HTTP/1.1" 200 9068 "-" "Mozilla/5.0 (compatible; Googlebot/2.1; +http://www.google.com/bot.html)"
66.249.79.89 - - [01/Jul/2017:04:40:10 -0700] "GET /offline-sites/fhl/ HTTP/1.1" 304 - "-" "Mozilla/5.0 (compatible; Googlebot/2.1; +http://www.google.com/bot.html)"
66.249.79.89 - - [01/Jul/2017:04:51:41 -0700] "GET /_images/myscreenscene-website.jpg HTTP/1.1" 304 - "-" "Googlebot-Image/1.0"
66.249.79.5 - - [01/Jul/2017:05:15:53 -0700] "GET / HTTP/1.1" 200 9070 "-" "Mozilla/5.0 (compatible; Googlebot/2.1; +http://www.google.com/bot.html)"
66.249.79.31 - - [01/Jul/2017:05:15:54 -0700] "GET / HTTP/1.1" 200 9067 "-" "Mozilla/5.0 (Linux; Android 6.0.1; Nexus 5X Build/MMB29P) AppleWebKit/537.36 (KHTML, like Gecko) Chrome/41.0.2272.96 Mobile Safari/537.36 (compatible; Googlebot/2.1; +http://www.google.com/bot.html)"
174.51.235.210 - - [01/Jul/2017:05:17:34 -0700] "GET /offline-sites/wildflowerevergreen/_images/index_header.jpg HTTP/1.1" 200 119518 "https://www.google.com/" "Mozilla/5.0 (iPhone; CPU iPhone OS 10_2_1 like Mac OS X) AppleWebKit/602.4.6 (KHTML, like Gecko) Version/10.0 Mobile/14D27 Safari/602.1"
208.43.225.85 - - [01/Jul/2017:05:34:41 -0700] "GET /robots.txt HTTP/1.1" 200 56 "-" "Mozilla/5.0 (compatible; SiteExplorer/1.1b; +http://siteexplorer.info/Backlink-Checker-Spider/)"
208.43.225.85 - - [01/Jul/2017:05:34:46 -0700] "GET / HTTP/1.1" 200 9068 "-" "Mozilla/5.0 (compatible; SiteExplorer/1.1b; +http://siteexplorer.info/Backlink-Checker-Spider/)"
46.161.9.20 - - [01/Jul/2017:05:39:15 -0700] "GET / HTTP/1.0" 200 30585 "http://evergreenwebdesign.com/" "Mozilla/5.0 (Macintosh; Intel Mac OS X 10.12; rv:53.0) Gecko/20100101 Firefox/53.0"
46.161.9.20 - - [01/Jul/2017:05:39:16 -0700] "POST /javascript:fg_submit_form%28%29 HTTP/1.0" 404 - "http://evergreenwebdesign.com/" "Mozilla/5.0 (Macintosh; Intel Mac OS X 10.12; rv:53.0) Gecko/20100101 Firefox/53.0"
66.249.79.85 - - [01/Jul/2017:05:41:54 -0700] "GET / HTTP/1.1" 200 9068 "-" "Mozilla/5.0 (Linux; Android 6.0.1; Nexus 5X Build/MMB29P) AppleWebKit/537.36 (KHTML, like Gecko) Chrome/41.0.2272.96 Mobile Safari/537.36 (compatible; Googlebot/2.1; +http://www.google.com/bot.html)"
148.251.226.74 - - [01/Jul/2017:06:31:51 -0700] "GET /offline-sites/sattvamassage/feed/ HTTP/1.1" 200 4592 "-" "AwarioRssBot/1.0 (+https://awario.com/bots.html; bots@awario.com)"
107.180.50.187 - - [01/Jul/2017:06:32:00 -0700] "POST /offline-sites/sattvamassage/wp-cron.php?doing_wp_cron=1498915920.2783029079437255859375 HTTP/1.1" 200 - "http://www.evergreenwebdesign.com/offline-sites/sattvamassage/wp-cron.php?doing_wp_cron=1498915920.2783029079437255859375" "WordPress/4.7.5; http://www.evergreenwebdesign.com/offline-sites/sattvamassage"
180.76.15.22 - - [01/Jul/2017:06:48:14 -0700] "GET /offline-sites/theburn2012/jscripts/jquery-1.7.1.js HTTP/1.1" 200 72481 "-" "Mozilla/5.0 (compatible; Baiduspider/2.0; +http://www.baidu.com/search/spider.html)"
66.249.79.31 - - [01/Jul/2017:06:48:40 -0700] "GET / HTTP/1.1" 200 9067 "-" "Mozilla/5.0 (Linux; Android 6.0.1; Nexus 5X Build/MMB29P) AppleWebKit/537.36 (KHTML, like Gecko) Chrome/41.0.2272.96 Mobile Safari/537.36 (compatible; Googlebot/2.1; +http://www.google.com/bot.html)"
216.244.66.198 - - [01/Jul/2017:06:50:54 -0700] "GET /robots.txt HTTP/1.1" 200 56 "-" "Mozilla/5.0 (compatible; DotBot/1.1; http://www.opensiteexplorer.org/dotbot, help@moz.com)"
66.249.79.89 - - [01/Jul/2017:07:13:09 -0700] "GET / HTTP/1.1" 200 9064 "-" "Mozilla/5.0 (Linux; Android 6.0.1; Nexus 5X Build/MMB29P) AppleWebKit/537.36 (KHTML, like Gecko) Chrome/41.0.2272.96 Mobile Safari/537.36 (compatible; Googlebot/2.1; +http://www.google.com/bot.html)"
216.244.66.198 - - [01/Jul/2017:07:24:18 -0700] "GET /offline-sites/satillainc/ HTTP/1.1" 200 4866 "-" "Mozilla/5.0 (compatible; DotBot/1.1; http://www.opensiteexplorer.org/dotbot, help@moz.com)"
62.75.195.67 - - [01/Jul/2017:07:51:26 -0700] "POST /javascript:fg_submit_form() HTTP/1.1" 404 - "-" "Mozilla/4.0 (compatible; MSIE 6.0; Windows NT 5.1; .NET CLR 1.1.4322)"
62.75.195.67 - - [01/Jul/2017:07:53:34 -0700] "POST /javascript:fg_submit_form() HTTP/1.1" 404 - "-" "Mozilla/4.0 (compatible; MSIE 6.0; Windows NT 5.1; .NET CLR 1.1.4322)"
66.249.79.89 - - [01/Jul/2017:08:06:11 -0700] "GET / HTTP/1.1" 200 9064 "-" "Mozilla/5.0 (compatible; Googlebot/2.1; +http://www.google.com/bot.html)"
66.249.79.2 - - [01/Jul/2017:08:09:36 -0700] "GET / HTTP/1.1" 200 9065 "-" "Mozilla/5.0 (compatible; Googlebot/2.1; +http://www.google.com/bot.html)"
66.249.79.85 - - [01/Jul/2017:08:12:42 -0700] "GET / HTTP/1.1" 200 9068 "-" "Mozilla/5.0 (Linux; Android 6.0.1; Nexus 5X Build/MMB29P) AppleWebKit/537.36 (KHTML, like Gecko) Chrome/41.0.2272.96 Mobile Safari/537.36 (compatible; Googlebot/2.1; +http://www.google.com/bot.html)"
66.249.79.85 - - [01/Jul/2017:08:16:18 -0700] "GET /_scripts/fg_moveable_popup-sm.js?%3C?php%20echo%20time();%20?%3E HTTP/1.1" 200 1403 "http://www.evergreenwebdesign.com/" "Mozilla/5.0 (compatible; Googlebot/2.1; +http://www.google.com/bot.html)"
66.249.79.87 - - [01/Jul/2017:08:16:20 -0700] "GET /_scripts/fg_moveable_popup-sm.js?%3C?php%20echo%20time();%20?%3E HTTP/1.1" 200 1403 "http://www.evergreenwebdesign.com/" "Mozilla/5.0 (Linux; Android 6.0.1; Nexus 5X Build/MMB29P) AppleWebKit/537.36 (KHTML, like Gecko) Chrome/41.0.2272.96 Mobile Safari/537.36 (compatible; Googlebot/2.1; +http://www.google.com/bot.html)"
66.249.79.2 - - [01/Jul/2017:08:17:55 -0700] "GET / HTTP/1.1" 200 9064 "-" "Mozilla/5.0 (Linux; Android 6.0.1; Nexus 5X Build/MMB29P) AppleWebKit/537.36 (KHTML, like Gecko) Chrome/41.0.2272.96 Mobile Safari/537.36 (compatible; Googlebot/2.1; +http://www.google.com/bot.html)"
96.47.226.21 - - [01/Jul/2017:08:24:41 -0700] "HEAD / HTTP/1.1" 200 - "http://uptime-gamma.net/evergreenwebdesign.com" "Mozilla/5.0 (compatible; Uptimebot/1.0; +http://www.uptime.com/uptimebot)"
66.249.79.85 - - [01/Jul/2017:09:13:38 -0700] "GET / HTTP/1.1" 200 9068 "-" "Mozilla/5.0 (Linux; Android 6.0.1; Nexus 5X Build/MMB29P) AppleWebKit/537.36 (KHTML, like Gecko) Chrome/41.0.2272.96 Mobile Safari/537.36 (compatible; Googlebot/2.1; +http://www.google.com/bot.html)"
66.249.79.5 - - [01/Jul/2017:09:23:43 -0700] "GET / HTTP/1.1" 200 9071 "-" "Mozilla/5.0 (compatible; Googlebot/2.1; +http://www.google.com/bot.html)"
73.78.82.191 - - [01/Jul/2017:09:49:32 -0700] "GET / HTTP/1.1" 200 9066 "https://www.google.com/" "Mozilla/5.0 (Windows NT 10.0; Win64; x64) AppleWebKit/537.36 (KHTML, like Gecko) Chrome/59.0.3071.115 Safari/537.36"
73.78.82.191 - - [01/Jul/2017:09:49:32 -0700] "GET /_scripts/modernizr.js?1498927772 HTTP/1.1" 200 5779 "http://www.evergreenwebdesign.com/" "Mozilla/5.0 (Windows NT 10.0; Win64; x64) AppleWebKit/537.36 (KHTML, like Gecko) Chrome/59.0.3071.115 Safari/537.36"
73.78.82.191 - - [01/Jul/2017:09:49:33 -0700] "GET /style.css?1498927772 HTTP/1.1" 200 14013 "http://www.evergreenwebdesign.com/" "Mozilla/5.0 (Windows NT 10.0; Win64; x64) AppleWebKit/537.36 (KHTML, like Gecko) Chrome/59.0.3071.115 Safari/537.36"
73.78.82.191 - - [01/Jul/2017:09:49:33 -0700] "GET /_scripts/scripts.js?1498927772 HTTP/1.1" 200 51570 "http://www.evergreenwebdesign.com/" "Mozilla/5.0 (Windows NT 10.0; Win64; x64) AppleWebKit/537.36 (KHTML, like Gecko) Chrome/59.0.3071.115 Safari/537.36"
66.102.6.191 - - [01/Jul/2017:09:52:27 -0700] "GET /_images/favicon.ico HTTP/1.1" 200 499 "-" "Mozilla/5.0 (X11; Linux x86_64) AppleWebKit/537.36 (KHTML, like Gecko) Chrome/49.0.2623.75 Safari/537.36 Google Favicon"
66.102.6.165 - - [01/Jul/2017:09:52:27 -0700] "GET /favicon.ico HTTP/1.1" 404 - "-" "Mozilla/5.0 (X11; Linux x86_64) AppleWebKit/537.36 (KHTML, like Gecko) Chrome/49.0.2623.75 Safari/537.36 Google Favicon"
66.249.79.31 - - [01/Jul/2017:10:00:36 -0700] "GET / HTTP/1.1" 200 9066 "-" "Mozilla/5.0 (Linux; Android 6.0.1; Nexus 5X Build/MMB29P) AppleWebKit/537.36 (KHTML, like Gecko) Chrome/41.0.2272.96 Mobile Safari/537.36 (compatible; Googlebot/2.1; +http://www.google.com/bot.html)"
96.47.226.20 - - [01/Jul/2017:10:02:18 -0700] "HEAD / HTTP/1.1" 200 - "http://uptime-delta.net/evergreenwebdesign.com" "Mozilla/5.0 (compatible; Uptimebot/1.0; +http://www.uptime.com/uptimebot)"
37.49.179.84 - - [01/Jul/2017:10:10:06 -0700] "GET / HTTP/1.0" 200 30585 "http://goo.gl/h7dCH7" "Mozilla/5.0 (Windows NT 6.3; WOW64) AppleWebKit/537.36 (KHTML, like Gecko) Chrome/56.0.2924.87 Safari/537.36"
37.49.179.84 - - [01/Jul/2017:10:10:06 -0700] "POST /javascript:fg_submit_form%28%29 HTTP/1.0" 404 - "http://evergreenwebdesign.com/" "Mozilla/5.0 (Windows NT 6.3; WOW64) AppleWebKit/537.36 (KHTML, like Gecko) Chrome/56.0.2924.87 Safari/537.36"
180.76.15.141 - - [01/Jul/2017:10:13:18 -0700] "GET /style.css?1498330601 HTTP/1.1" 200 14013 "-" "Mozilla/5.0 (compatible; Baiduspider/2.0; +http://www.baidu.com/search/spider.html)"
91.223.82.156 - - [01/Jul/2017:10:18:19 -0700] "GET / HTTP/1.0" 200 30585 "http://femdom-pics.sexblog.top" "Mozilla/5.0 (Windows NT 5.1; rv:47.0) Gecko/20100101 Firefox/47.0"
185.170.41.8 - - [01/Jul/2017:10:18:20 -0700] "POST /javascript:fg_submit_form%28%29 HTTP/1.0" 404 - "http://evergreenwebdesign.com/" "Mozilla/5.0 (Windows NT 5.1; rv:47.0) Gecko/20100101 Firefox/47.0"
79.164.122.96 - - [01/Jul/2017:10:28:19 -0700] "GET / HTTP/1.1" 200 9067 "http://yandex.ru/clck/jsredir?from=yandex.ru%3Bsearch%3Bweb%3B%3B&text=&etext=1469.9gomNBr7AWt4Hyo1cW_aRyjXEfd9I6QfbPftkaSyrL60eHXkqgbpNeJA1NzT6pL6.7d8321ebcc970ecccd48e92e87912d46f0bc153f&uuid=&state=_BLhILn4SxNIvvL0W45KSic66uCIg23qh8iRG98qeIXmeppkgUc0YMkOSpatjLUqgxH-XWLwn-g&data=UlNrNmk5WktYejR0eWJFYk1LdmtxajVxcjNyVXE0REU2UDZFX1R4bVk1am9NUWZ6c01uZlJTUDQ5eXNxQmIzMG5rUGY4aDRndWw4NnZPbmFHT3RCYXVCYnliTHlwZngxd1NjUWdVVGc3Rk0&b64e=2&sign=4f0f4461db484b317625a49b367a06a7&keyno=0&cst=AiuY0DBWFJ7IXge4WdYJQYP93XfrtkbaC4b8nkMgrlCk1i0jd4RRpsEq5nCxEpsf2KUTkNq3R9NtyYtRIkAsrFAl9AD5JzQUtSI4J2XRzqm2huyZPa1TJlSbp6IbwEELPO-8N9dz2WU6Sf24vfQWrCEi2WYjbBZC&ref=orjY4mGPRjk5boDnW0uvlrrd71vZw9kp5uQozpMtKCXma_RTIh0ntC7bK2L4LBCTiDFxbSYNda56COFcQs03_kGQLGImclQm1hh88PLPikq2oeGRIoCX-B5kYHvJWCYd&l10n=ru&cts=1498929694005&mc=4.77073363263" "Mozilla/5.0 (Windows NT 6.3; Win64; x64) AppleWebKit/537.36 (KHTML, like Gecko) Chrome/58.0.3029.110 Safari/537.36"
79.164.122.96 - - [01/Jul/2017:10:28:24 -0700] "GET /_images/facebook-icon.jpg HTTP/1.1" 200 3153 "http://evergreenwebdesign.com/" "Mozilla/5.0 (Windows NT 6.3; Win64; x64) AppleWebKit/537.36 (KHTML, like Gecko) Chrome/58.0.3029.110 Safari/537.36"
79.164.122.96 - - [01/Jul/2017:10:28:24 -0700] "GET /_images/google-plus-icon.jpg HTTP/1.1" 200 7080 "http://evergreenwebdesign.com/" "Mozilla/5.0 (Windows NT 6.3; Win64; x64) AppleWebKit/537.36 (KHTML, like Gecko) Chrome/58.0.3029.110 Safari/537.36"
79.164.122.96 - - [01/Jul/2017:10:28:24 -0700] "GET /_images/foster-family-dental-website.jpg HTTP/1.1" 200 10421 "http://evergreenwebdesign.com/" "Mozilla/5.0 (Windows NT 6.3; Win64; x64) AppleWebKit/537.36 (KHTML, like Gecko) Chrome/58.0.3029.110 Safari/537.36"
79.164.122.96 - - [01/Jul/2017:10:28:24 -0700] "GET /_images/mbeachlegal-website.jpg HTTP/1.1" 200 14419 "http://evergreenwebdesign.com/" "Mozilla/5.0 (Windows NT 6.3; Win64; x64) AppleWebKit/537.36 (KHTML, like Gecko) Chrome/58.0.3029.110 Safari/537.36"
79.164.122.96 - - [01/Jul/2017:10:28:24 -0700] "GET /_images/satilla-website.jpg HTTP/1.1" 200 14061 "http://evergreenwebdesign.com/" "Mozilla/5.0 (Windows NT 6.3; Win64; x64) AppleWebKit/537.36 (KHTML, like Gecko) Chrome/58.0.3029.110 Safari/537.36"
79.164.122.96 - - [01/Jul/2017:10:28:24 -0700] "GET /_scripts/jquery.backstretch.min.js HTTP/1.1" 200 1807 "http://evergreenwebdesign.com/" "Mozilla/5.0 (Windows NT 6.3; Win64; x64) AppleWebKit/537.36 (KHTML, like Gecko) Chrome/58.0.3029.110 Safari/537.36"
79.164.122.96 - - [01/Jul/2017:10:28:24 -0700] "GET /_scripts/fg_ajax.js HTTP/1.1" 200 799 "http://evergreenwebdesign.com/" "Mozilla/5.0 (Windows NT 6.3; Win64; x64) AppleWebKit/537.36 (KHTML, like Gecko) Chrome/58.0.3029.110 Safari/537.36"
79.164.122.96 - - [01/Jul/2017:10:28:24 -0700] "GET /_images/sattva-massage-website.jpg HTTP/1.1" 200 21519 "http://evergreenwebdesign.com/" "Mozilla/5.0 (Windows NT 6.3; Win64; x64) AppleWebKit/537.36 (KHTML, like Gecko) Chrome/58.0.3029.110 Safari/537.36"
79.164.122.96 - - [01/Jul/2017:10:28:24 -0700] "GET /_images/rookiesevergreen-website.jpg HTTP/1.1" 200 14562 "http://evergreenwebdesign.com/" "Mozilla/5.0 (Windows NT 6.3; Win64; x64) AppleWebKit/537.36 (KHTML, like Gecko) Chrome/58.0.3029.110 Safari/537.36"
79.164.122.96 - - [01/Jul/2017:10:28:24 -0700] "GET /_images/theburn2012-website.jpg HTTP/1.1" 200 16670 "http://evergreenwebdesign.com/" "Mozilla/5.0 (Windows NT 6.3; Win64; x64) AppleWebKit/537.36 (KHTML, like Gecko) Chrome/58.0.3029.110 Safari/537.36"
79.164.122.96 - - [01/Jul/2017:10:28:24 -0700] "GET /_images/evergreen-wilderness-guides-website.jpg HTTP/1.1" 200 28285 "http://evergreenwebdesign.com/" "Mozilla/5.0 (Windows NT 6.3; Win64; x64) AppleWebKit/537.36 (KHTML, like Gecko) Chrome/58.0.3029.110 Safari/537.36"
79.164.122.96 - - [01/Jul/2017:10:28:24 -0700] "GET /_images/wildflower-website.jpg HTTP/1.1" 200 24982 "http://evergreenwebdesign.com/" "Mozilla/5.0 (Windows NT 6.3; Win64; x64) AppleWebKit/537.36 (KHTML, like Gecko) Chrome/58.0.3029.110 Safari/537.36"
79.164.122.96 - - [01/Jul/2017:10:28:24 -0700] "GET /_images/Bob-Means-Sales.jpg HTTP/1.1" 200 35736 "http://evergreenwebdesign.com/" "Mozilla/5.0 (Windows NT 6.3; Win64; x64) AppleWebKit/537.36 (KHTML, like Gecko) Chrome/58.0.3029.110 Safari/537.36"
79.164.122.96 - - [01/Jul/2017:10:28:24 -0700] "GET /_images/evergreen-tap-house-website.jpg HTTP/1.1" 200 27734 "http://evergreenwebdesign.com/" "Mozilla/5.0 (Windows NT 6.3; Win64; x64) AppleWebKit/537.36 (KHTML, like Gecko) Chrome/58.0.3029.110 Safari/537.36"
79.164.122.96 - - [01/Jul/2017:10:28:24 -0700] "GET /_images/colt-green-website.jpg HTTP/1.1" 200 19519 "http://evergreenwebdesign.com/" "Mozilla/5.0 (Windows NT 6.3; Win64; x64) AppleWebKit/537.36 (KHTML, like Gecko) Chrome/58.0.3029.110 Safari/537.36"
79.164.122.96 - - [01/Jul/2017:10:28:24 -0700] "GET /_images/Rob-Means-Accounting.jpg HTTP/1.1" 200 39761 "http://evergreenwebdesign.com/" "Mozilla/5.0 (Windows NT 6.3; Win64; x64) AppleWebKit/537.36 (KHTML, like Gecko) Chrome/58.0.3029.110 Safari/537.36"
79.164.122.96 - - [01/Jul/2017:10:28:26 -0700] "GET /_images/twitter-icon.jpg HTTP/1.1" 200 4332 "http://evergreenwebdesign.com/" "Mozilla/5.0 (Windows NT 6.3; Win64; x64) AppleWebKit/537.36 (KHTML, like Gecko) Chrome/58.0.3029.110 Safari/537.36"
79.164.122.96 - - [01/Jul/2017:10:28:26 -0700] "GET /style.css?1498930099 HTTP/1.1" 200 14013 "http://evergreenwebdesign.com/" "Mozilla/5.0 (Windows NT 6.3; Win64; x64) AppleWebKit/537.36 (KHTML, like Gecko) Chrome/58.0.3029.110 Safari/537.36"
79.164.122.96 - - [01/Jul/2017:10:28:26 -0700] "GET /_images/Evergreen-Web-Design-nav-logo.png HTTP/1.1" 200 12843 "http://evergreenwebdesign.com/" "Mozilla/5.0 (Windows NT 6.3; Win64; x64) AppleWebKit/537.36 (KHTML, like Gecko) Chrome/58.0.3029.110 Safari/537.36"
79.164.122.96 - - [01/Jul/2017:10:28:26 -0700] "GET /_scripts/modernizr.js?1498930099 HTTP/1.1" 200 5779 "http://evergreenwebdesign.com/" "Mozilla/5.0 (Windows NT 6.3; Win64; x64) AppleWebKit/537.36 (KHTML, like Gecko) Chrome/58.0.3029.110 Safari/537.36"
79.164.122.96 - - [01/Jul/2017:10:28:26 -0700] "GET /_images/myscreenscene-website.jpg HTTP/1.1" 200 12627 "http://evergreenwebdesign.com/" "Mozilla/5.0 (Windows NT 6.3; Win64; x64) AppleWebKit/537.36 (KHTML, like Gecko) Chrome/58.0.3029.110 Safari/537.36"
79.164.122.96 - - [01/Jul/2017:10:28:26 -0700] "GET /_images/bennmediation-website.jpg HTTP/1.1" 200 11060 "http://evergreenwebdesign.com/" "Mozilla/5.0 (Windows NT 6.3; Win64; x64) AppleWebKit/537.36 (KHTML, like Gecko) Chrome/58.0.3029.110 Safari/537.36"
79.164.122.96 - - [01/Jul/2017:10:28:26 -0700] "GET /_scripts/fg_form_submitter.js HTTP/1.1" 200 442 "http://evergreenwebdesign.com/" "Mozilla/5.0 (Windows NT 6.3; Win64; x64) AppleWebKit/537.36 (KHTML, like Gecko) Chrome/58.0.3029.110 Safari/537.36"
79.164.122.96 - - [01/Jul/2017:10:28:26 -0700] "GET /_images/evergreenchamber-logo.jpg HTTP/1.1" 200 11539 "http://evergreenwebdesign.com/" "Mozilla/5.0 (Windows NT 6.3; Win64; x64) AppleWebKit/537.36 (KHTML, like Gecko) Chrome/58.0.3029.110 Safari/537.36"
79.164.122.96 - - [01/Jul/2017:10:28:26 -0700] "GET /_scripts/fg_moveable_popup-breakpoint.js HTTP/1.1" 200 193 "http://evergreenwebdesign.com/" "Mozilla/5.0 (Windows NT 6.3; Win64; x64) AppleWebKit/537.36 (KHTML, like Gecko) Chrome/58.0.3029.110 Safari/537.36"
79.164.122.96 - - [01/Jul/2017:10:28:26 -0700] "GET /_scripts/gen_validatorv31.js HTTP/1.1" 200 2895 "http://evergreenwebdesign.com/" "Mozilla/5.0 (Windows NT 6.3; Win64; x64) AppleWebKit/537.36 (KHTML, like Gecko) Chrome/58.0.3029.110 Safari/537.36"
79.164.122.96 - - [01/Jul/2017:10:28:26 -0700] "GET /_images/acts-church-website.jpg HTTP/1.1" 200 16479 "http://evergreenwebdesign.com/" "Mozilla/5.0 (Windows NT 6.3; Win64; x64) AppleWebKit/537.36 (KHTML, like Gecko) Chrome/58.0.3029.110 Safari/537.36"
79.164.122.96 - - [01/Jul/2017:10:28:26 -0700] "GET /_images/evergreen-signs-website.jpg HTTP/1.1" 200 25469 "http://evergreenwebdesign.com/" "Mozilla/5.0 (Windows NT 6.3; Win64; x64) AppleWebKit/537.36 (KHTML, like Gecko) Chrome/58.0.3029.110 Safari/537.36"
79.164.122.96 - - [01/Jul/2017:10:28:26 -0700] "GET /_images/fhl-website.jpg HTTP/1.1" 200 16206 "http://evergreenwebdesign.com/" "Mozilla/5.0 (Windows NT 6.3; Win64; x64) AppleWebKit/537.36 (KHTML, like Gecko) Chrome/58.0.3029.110 Safari/537.36"
79.164.122.96 - - [01/Jul/2017:10:28:26 -0700] "GET /_images/Evergreen-Web-Design-Logo_bw.png HTTP/1.1" 200 49853 "http://evergreenwebdesign.com/" "Mozilla/5.0 (Windows NT 6.3; Win64; x64) AppleWebKit/537.36 (KHTML, like Gecko) Chrome/58.0.3029.110 Safari/537.36"
79.164.122.96 - - [01/Jul/2017:10:28:26 -0700] "GET /_images/Bobby-Means-Designer.jpg HTTP/1.1" 200 43090 "http://evergreenwebdesign.com/" "Mozilla/5.0 (Windows NT 6.3; Win64; x64) AppleWebKit/537.36 (KHTML, like Gecko) Chrome/58.0.3029.110 Safari/537.36"
79.164.122.96 - - [01/Jul/2017:10:28:26 -0700] "GET /_images/Robert-Means-Developer.png HTTP/1.1" 200 96776 "http://evergreenwebdesign.com/" "Mozilla/5.0 (Windows NT 6.3; Win64; x64) AppleWebKit/537.36 (KHTML, like Gecko) Chrome/58.0.3029.110 Safari/537.36"
79.164.122.96 - - [01/Jul/2017:10:28:26 -0700] "GET /_scripts/scripts.js?1498930099 HTTP/1.1" 200 51570 "http://evergreenwebdesign.com/" "Mozilla/5.0 (Windows NT 6.3; Win64; x64) AppleWebKit/537.36 (KHTML, like Gecko) Chrome/58.0.3029.110 Safari/537.36"
79.164.122.96 - - [01/Jul/2017:10:28:26 -0700] "GET /_images/dont-panic.png HTTP/1.1" 200 165754 "http://evergreenwebdesign.com/" "Mozilla/5.0 (Windows NT 6.3; Win64; x64) AppleWebKit/537.36 (KHTML, like Gecko) Chrome/58.0.3029.110 Safari/537.36"
79.164.122.96 - - [01/Jul/2017:10:28:33 -0700] "GET /_scripts/fg_moveable_popup.js?<?php%20echo%20time();%20?> HTTP/1.1" 200 1403 "http://evergreenwebdesign.com/" "Mozilla/5.0 (Windows NT 6.3; Win64; x64) AppleWebKit/537.36 (KHTML, like Gecko) Chrome/58.0.3029.110 Safari/537.36"
79.164.122.96 - - [01/Jul/2017:10:28:33 -0700] "GET /_images/symphony.png HTTP/1.1" 200 19189 "http://evergreenwebdesign.com/" "Mozilla/5.0 (Windows NT 6.3; Win64; x64) AppleWebKit/537.36 (KHTML, like Gecko) Chrome/58.0.3029.110 Safari/537.36"
79.164.122.96 - - [01/Jul/2017:10:28:33 -0700] "GET /_images/day-sky-01.jpg HTTP/1.1" 200 233274 "http://evergreenwebdesign.com/" "Mozilla/5.0 (Windows NT 6.3; Win64; x64) AppleWebKit/537.36 (KHTML, like Gecko) Chrome/58.0.3029.110 Safari/537.36"
79.164.122.96 - - [01/Jul/2017:10:28:33 -0700] "GET /_images/server-cloud-bkg.jpg HTTP/1.1" 200 440759 "http://evergreenwebdesign.com/" "Mozilla/5.0 (Windows NT 6.3; Win64; x64) AppleWebKit/537.36 (KHTML, like Gecko) Chrome/58.0.3029.110 Safari/537.36"
