138.197.111.143 - - [03/Jul/2017:16:38:18 -0700] "GET /_scripts/gen_validatorv31.js HTTP/1.1" 200 2895 "http://evergreenwebdesign.com/" "Mozilla/5.0 (Windows NT 6.1; WOW64; rv:21.0) Gecko/20100101 Firefox/21.0"
138.197.111.143 - - [03/Jul/2017:16:38:18 -0700] "GET /_scripts/jquery.backstretch.min.js HTTP/1.1" 200 1807 "http://evergreenwebdesign.com/" "Mozilla/5.0 (Windows NT 6.1; WOW64; rv:21.0) Gecko/20100101 Firefox/21.0"
138.197.111.143 - - [03/Jul/2017:16:38:18 -0700] "GET /_scripts/scripts.js?1499125098 HTTP/1.1" 200 51570 "http://evergreenwebdesign.com/" "Mozilla/5.0 (Windows NT 6.1; WOW64; rv:21.0) Gecko/20100101 Firefox/21.0"
138.197.111.143 - - [03/Jul/2017:16:38:18 -0700] "GET /_scripts/fg_moveable_popup-sm.js?%3C?php%20echo%20time();%20?%3E HTTP/1.1" 200 1403 "http://evergreenwebdesign.com/" "Mozilla/5.0 (Windows NT 6.1; WOW64; rv:21.0) Gecko/20100101 Firefox/21.0"
68.226.119.91 - - [03/Jul/2017:16:48:45 -0700] "GET /offline-sites/wildflowerevergreen/_images/index_header.jpg HTTP/1.1" 200 119518 "https://www.google.com/" "Mozilla/5.0 (Windows NT 10.0; Win64; x64) AppleWebKit/537.36 (KHTML, like Gecko) Chrome/59.0.3071.115 Safari/537.36"
37.6.1.33 - - [03/Jul/2017:16:56:19 -0700] "GET /wp-login.php HTTP/1.1" 404 - "-" "Mozilla/5.0 (Windows NT 6.1; WOW64; rv:40.0) Gecko/20100101 Firefox/40.1"
37.6.1.33 - - [03/Jul/2017:16:56:19 -0700] "GET / HTTP/1.1" 200 30603 "-" "Mozilla/5.0 (Windows NT 6.1; WOW64; rv:40.0) Gecko/20100101 Firefox/40.1"
54.235.20.135 - - [03/Jul/2017:17:20:12 -0700] "GET / HTTP/1.1" 200 9067 "-" "Mozilla/5.0 (Macintosh; Intel Mac OS X 10_12_5) AppleWebKit/537.36 (KHTML, like Gecko) Chrome/58.0.3029.110 Safari/537.36"
49.148.98.113 - - [03/Jul/2017:17:54:16 -0700] "GET /wp-login.php HTTP/1.1" 404 - "-" "Mozilla/5.0 (Windows NT 6.1; WOW64; rv:40.0) Gecko/20100101 Firefox/40.1"
49.148.98.113 - - [03/Jul/2017:17:54:17 -0700] "GET / HTTP/1.1" 200 30603 "-" "Mozilla/5.0 (Windows NT 6.1; WOW64; rv:40.0) Gecko/20100101 Firefox/40.1"
39.50.239.49 - - [03/Jul/2017:18:08:22 -0700] "GET /wp-login.php HTTP/1.1" 404 - "-" "Mozilla/5.0 (Windows NT 6.1; WOW64; rv:40.0) Gecko/20100101 Firefox/40.1"
39.50.239.49 - - [03/Jul/2017:18:08:22 -0700] "GET / HTTP/1.1" 200 30603 "-" "Mozilla/5.0 (Windows NT 6.1; WOW64; rv:40.0) Gecko/20100101 Firefox/40.1"
172.241.151.27 - - [03/Jul/2017:18:11:43 -0700] "HEAD / HTTP/1.1" 200 - "http://uptime-alpha.net/evergreenwebdesign.com" "Mozilla/5.0 (compatible; Uptimebot/1.0; +http://www.uptime.com/uptimebot)"
77.75.79.32 - - [03/Jul/2017:18:17:27 -0700] "GET /robots.txt HTTP/1.1" 200 56 "-" "Mozilla/5.0 (compatible; SeznamBot/3.2; +http://napoveda.seznam.cz/en/seznambot-intro/)"
77.75.79.32 - - [03/Jul/2017:18:17:29 -0700] "GET /offline-sites/acts/newsletter.pdf HTTP/1.1" 304 - "-" "Mozilla/5.0 (compatible; SeznamBot/3.2; +http://napoveda.seznam.cz/en/seznambot-intro/)"
148.251.226.74 - - [03/Jul/2017:18:25:02 -0700] "GET /offline-sites/sattvamassage/feed/ HTTP/1.1" 200 4592 "-" "AwarioRssBot/1.0 (+https://awario.com/bots.html; bots@awario.com)"
180.76.15.22 - - [03/Jul/2017:18:59:53 -0700] "GET /offline-sites/theburn2012/main02.css HTTP/1.1" 200 1846 "-" "Mozilla/5.0 (compatible; Baiduspider/2.0; +http://www.baidu.com/search/spider.html)"
216.244.66.250 - - [03/Jul/2017:20:17:04 -0700] "GET /robots.txt HTTP/1.1" 200 56 "-" "Mozilla/5.0 (compatible; DotBot/1.1; http://www.opensiteexplorer.org/dotbot, help@moz.com)"
180.76.15.144 - - [03/Jul/2017:20:20:25 -0700] "GET /style.css?1498589716 HTTP/1.1" 200 14013 "-" "Mozilla/5.0 (compatible; Baiduspider/2.0; +http://www.baidu.com/search/spider.html)"
148.251.226.74 - - [03/Jul/2017:20:25:02 -0700] "GET /offline-sites/sattvamassage/feed/ HTTP/1.1" 200 4592 "-" "AwarioRssBot/1.0 (+https://awario.com/bots.html; bots@awario.com)"
216.244.66.250 - - [03/Jul/2017:20:44:47 -0700] "GET /offline-sites/colt-green/ HTTP/1.1" 200 6004 "-" "Mozilla/5.0 (compatible; DotBot/1.1; http://www.opensiteexplorer.org/dotbot, help@moz.com)"
71.212.137.86 - - [03/Jul/2017:21:17:35 -0700] "GET /offline-sites/fhl/images/home03.jpg HTTP/1.1" 200 25025 "-" "Mozilla/5.0 (Linux; Android 6.0.1; Nexus 6P Build/MTC19V; wv) AppleWebKit/537.36 (KHTML, like Gecko) Version/4.0 Chrome/59.0.3071.125 Mobile Safari/537.36 GSA/7.4.21.21.arm64"
73.78.82.191 - - [03/Jul/2017:21:34:41 -0700] "GET / HTTP/1.1" 200 9070 "http://www.myscreenscene.com/" "Mozilla/5.0 (Windows NT 10.0; Win64; x64) AppleWebKit/537.36 (KHTML, like Gecko) Chrome/59.0.3071.115 Safari/537.36"
73.78.82.191 - - [03/Jul/2017:21:34:42 -0700] "GET /_scripts/modernizr.js?1499142881 HTTP/1.1" 200 5779 "http://www.evergreenwebdesign.com/" "Mozilla/5.0 (Windows NT 10.0; Win64; x64) AppleWebKit/537.36 (KHTML, like Gecko) Chrome/59.0.3071.115 Safari/537.36"
73.78.82.191 - - [03/Jul/2017:21:34:42 -0700] "GET /style.css?1499142881 HTTP/1.1" 200 14013 "http://www.evergreenwebdesign.com/" "Mozilla/5.0 (Windows NT 10.0; Win64; x64) AppleWebKit/537.36 (KHTML, like Gecko) Chrome/59.0.3071.115 Safari/537.36"
73.78.82.191 - - [03/Jul/2017:21:34:42 -0700] "GET /_scripts/scripts.js?1499142881 HTTP/1.1" 200 51570 "http://www.evergreenwebdesign.com/" "Mozilla/5.0 (Windows NT 10.0; Win64; x64) AppleWebKit/537.36 (KHTML, like Gecko) Chrome/59.0.3071.115 Safari/537.36"
73.78.82.191 - - [03/Jul/2017:21:35:21 -0700] "GET /_images/mobile_link_menu2.png HTTP/1.1" 200 2544 "http://www.evergreenwebdesign.com/style.css?1499142881" "Mozilla/5.0 (Windows NT 10.0; Win64; x64) AppleWebKit/537.36 (KHTML, like Gecko) Chrome/59.0.3071.115 Safari/537.36"
108.59.8.70 - - [03/Jul/2017:22:07:11 -0700] "GET /robots.txt HTTP/1.1" 200 56 "-" "Mozilla/5.0 (compatible; MJ12bot/v1.4.8; http://mj12bot.com/)"
108.59.8.70 - - [03/Jul/2017:22:07:14 -0700] "GET / HTTP/1.1" 200 30603 "-" "Mozilla/5.0 (compatible; MJ12bot/v1.4.8; http://mj12bot.com/)"
97.118.39.176 - - [03/Jul/2017:22:14:06 -0700] "GET /offline-sites/wildflowerevergreen/_images/index_header.jpg HTTP/1.1" 200 119518 "https://www.google.com/" "Mozilla/5.0 (Windows NT 10.0; Win64; x64) AppleWebKit/537.36 (KHTML, like Gecko) Chrome/59.0.3071.115 Safari/537.36"
73.243.110.66 - - [03/Jul/2017:22:14:29 -0700] "GET /offline-sites/wildflowerevergreen/_images/index_header.jpg HTTP/1.1" 200 119518 "https://www.google.com/" "Mozilla/5.0 (Windows NT 10.0; Win64; x64) AppleWebKit/537.36 (KHTML, like Gecko) Chrome/59.0.3071.115 Safari/537.36"
216.244.66.198 - - [03/Jul/2017:22:16:13 -0700] "GET /robots.txt HTTP/1.1" 200 56 "-" "Mozilla/5.0 (compatible; DotBot/1.1; http://www.opensiteexplorer.org/dotbot, help@moz.com)"
5.254.97.83 - - [03/Jul/2017:22:17:47 -0700] "GET / HTTP/1.0" 200 30603 "https://kuzov-parts.com.ua/" "Mozilla/5.0 (Windows NT 6.1; Win64; x64) AppleWebKit/537.36 (KHTML, like Gecko) Chrome/57.0.2987.98 Safari/537.36 OPR/44.0.2510.857"
5.254.97.83 - - [03/Jul/2017:22:17:48 -0700] "POST /javascript:fg_submit_form%28%29 HTTP/1.0" 404 - "http://evergreenwebdesign.com/" "Mozilla/5.0 (Windows NT 6.1; Win64; x64) AppleWebKit/537.36 (KHTML, like Gecko) Chrome/57.0.2987.98 Safari/537.36 OPR/44.0.2510.857"
148.251.226.74 - - [03/Jul/2017:22:25:10 -0700] "GET /offline-sites/sattvamassage/feed/ HTTP/1.1" 200 4592 "-" "AwarioRssBot/1.0 (+https://awario.com/bots.html; bots@awario.com)"
92.255.99.128 - - [03/Jul/2017:22:34:11 -0700] "POST /javascript:fg_submit_form() HTTP/1.1" 404 - "-" "Mozilla/4.0 (compatible; MSIE 6.0; Windows NT 5.1; .NET CLR 1.1.4322)"
92.255.99.128 - - [03/Jul/2017:22:35:39 -0700] "POST /javascript:fg_submit_form() HTTP/1.1" 404 - "-" "Mozilla/4.0 (compatible; MSIE 6.0; Windows NT 5.1; .NET CLR 1.1.4322)"
84.201.133.15 - - [03/Jul/2017:22:55:16 -0700] "GET /robots.txt HTTP/1.1" 200 56 "-" "Mozilla/5.0 (compatible; YandexBot/3.0; +http://yandex.com/bots)"
141.8.143.153 - - [03/Jul/2017:22:55:17 -0700] "GET /robots.txt HTTP/1.1" 200 56 "-" "Mozilla/5.0 (compatible; YandexBot/3.0; +http://yandex.com/bots)"
5.255.250.32 - - [03/Jul/2017:22:55:20 -0700] "GET / HTTP/1.1" 200 9069 "-" "Mozilla/5.0 (compatible; YandexBot/3.0; +http://yandex.com/bots)"
141.8.143.138 - - [03/Jul/2017:22:55:21 -0700] "GET / HTTP/1.1" 200 9071 "-" "Mozilla/5.0 (compatible; YandexBot/3.0; +http://yandex.com/bots)"
216.244.66.198 - - [03/Jul/2017:23:00:20 -0700] "GET /offline-sites/theburn2012/volunteer.htm HTTP/1.1" 200 19519 "-" "Mozilla/5.0 (compatible; DotBot/1.1; http://www.opensiteexplorer.org/dotbot, help@moz.com)"
151.80.39.191 - - [03/Jul/2017:23:12:35 -0700] "GET /robots.txt HTTP/1.1" 200 56 "-" "Mozilla/5.0 (compatible; AhrefsBot/5.2; +http://ahrefs.com/robot/)"
180.76.15.14 - - [03/Jul/2017:23:15:56 -0700] "GET /offline-sites/theburn2012/ter_bod/ HTTP/1.1" 200 638 "-" "Mozilla/5.0 (compatible; Baiduspider/2.0; +http://www.baidu.com/search/spider.html)"
180.76.15.29 - - [03/Jul/2017:23:49:16 -0700] "GET /offline-sites/theburn2012/jscripts/popup.js HTTP/1.1" 200 758 "-" "Mozilla/5.0 (compatible; Baiduspider/2.0; +http://www.baidu.com/search/spider.html)"
148.251.226.74 - - [04/Jul/2017:00:25:18 -0700] "GET /offline-sites/sattvamassage/feed/ HTTP/1.1" 200 4592 "-" "AwarioRssBot/1.0 (+https://awario.com/bots.html; bots@awario.com)"
107.180.50.187 - - [04/Jul/2017:00:25:26 -0700] "POST /offline-sites/sattvamassage/wp-cron.php?doing_wp_cron=1499153126.2522809505462646484375 HTTP/1.1" 200 - "http://www.evergreenwebdesign.com/offline-sites/sattvamassage/wp-cron.php?doing_wp_cron=1499153126.2522809505462646484375" "WordPress/4.7.5; http://www.evergreenwebdesign.com/offline-sites/sattvamassage"
119.73.105.67 - - [04/Jul/2017:00:49:23 -0700] "GET /wp-login.php HTTP/1.1" 404 - "-" "Mozilla/5.0 (Windows NT 6.1; WOW64; rv:40.0) Gecko/20100101 Firefox/40.1"
119.73.105.67 - - [04/Jul/2017:00:49:23 -0700] "GET / HTTP/1.1" 200 30603 "-" "Mozilla/5.0 (Windows NT 6.1; WOW64; rv:40.0) Gecko/20100101 Firefox/40.1"
207.46.13.123 - - [04/Jul/2017:01:06:20 -0700] "GET /_images/dont-panic.png HTTP/1.1" 200 165754 "-" "Mozilla/5.0 (compatible; bingbot/2.0; +http://www.bing.com/bingbot.htm)"
199.21.99.200 - - [04/Jul/2017:01:23:22 -0700] "GET /offline-sites/sattvamassage/wp-content/uploads/2017/02/foot-massage_elimassagelagos.jpg HTTP/1.1" 304 - "-" "Mozilla/5.0 (compatible; YandexImages/3.0; +http://yandex.com/bots)"
51.255.65.3 - - [04/Jul/2017:02:07:07 -0700] "GET /offline-sites/theburn2012 HTTP/1.1" 301 268 "-" "Mozilla/5.0 (compatible; AhrefsBot/5.2; +http://ahrefs.com/robot/)"
77.75.78.164 - - [04/Jul/2017:02:15:50 -0700] "GET /robots.txt HTTP/1.1" 200 56 "-" "Mozilla/5.0 (compatible; SeznamBot/3.2; +http://napoveda.seznam.cz/en/seznambot-intro/)"
77.75.78.164 - - [04/Jul/2017:02:15:51 -0700] "GET /offline-sites/fhl/images/girl_boy.png HTTP/1.1" 200 75933 "-" "Mozilla/5.0 (compatible; SeznamBot/3.2; +http://napoveda.seznam.cz/en/seznambot-intro/)"
157.55.39.233 - - [04/Jul/2017:02:19:01 -0700] "GET /offline-sites/acts/images/angMis.gif HTTP/1.1" 200 5557 "-" "Mozilla/5.0 (compatible; bingbot/2.0; +http://www.bing.com/bingbot.htm)"
107.180.50.187 - - [04/Jul/2017:02:25:35 -0700] "POST /offline-sites/sattvamassage/wp-cron.php?doing_wp_cron=1499160335.5549950599670410156250 HTTP/1.1" 200 - "http://www.evergreenwebdesign.com/offline-sites/sattvamassage/wp-cron.php?doing_wp_cron=1499160335.5549950599670410156250" "WordPress/4.7.5; http://www.evergreenwebdesign.com/offline-sites/sattvamassage"
148.251.226.74 - - [04/Jul/2017:02:25:27 -0700] "GET /offline-sites/sattvamassage/feed/ HTTP/1.1" 200 4592 "-" "AwarioRssBot/1.0 (+https://awario.com/bots.html; bots@awario.com)"
66.249.79.85 - - [04/Jul/2017:02:44:47 -0700] "GET /robots.txt HTTP/1.1" 200 56 "-" "Mozilla/5.0 (compatible; Googlebot/2.1; +http://www.google.com/bot.html)"
66.249.79.87 - - [04/Jul/2017:02:44:47 -0700] "GET /offline-sites/fhl/main.css HTTP/1.1" 200 1206 "http://www.evergreenwebdesign.com/offline-sites/fhl/publications.htm" "Mozilla/5.0 (compatible; Googlebot/2.1; +http://www.google.com/bot.html)"
66.249.79.89 - - [04/Jul/2017:02:46:41 -0700] "GET /offline-sites/fhl/main.css HTTP/1.1" 200 1206 "http://www.evergreenwebdesign.com/offline-sites/fhl/accreditations.htm" "Mozilla/5.0 (Linux; Android 6.0.1; Nexus 5X Build/MMB29P) AppleWebKit/537.36 (KHTML, like Gecko) Chrome/41.0.2272.96 Mobile Safari/537.36 (compatible; Googlebot/2.1; +http://www.google.com/bot.html)"
79.168.0.34 - - [04/Jul/2017:02:51:54 -0700] "GET /wp-login.php HTTP/1.1" 404 - "-" "Mozilla/5.0 (Windows NT 6.1; WOW64; rv:40.0) Gecko/20100101 Firefox/40.1"
79.168.0.34 - - [04/Jul/2017:02:51:54 -0700] "GET / HTTP/1.1" 200 30603 "-" "Mozilla/5.0 (Windows NT 6.1; WOW64; rv:40.0) Gecko/20100101 Firefox/40.1"
77.75.79.119 - - [04/Jul/2017:03:18:12 -0700] "GET /robots.txt HTTP/1.1" 200 56 "-" "Mozilla/5.0 (compatible; SeznamBot/3.2; +http://napoveda.seznam.cz/en/seznambot-intro/)"
77.75.79.119 - - [04/Jul/2017:03:18:14 -0700] "GET /offline-sites/colt-green/ HTTP/1.1" 200 1844 "-" "Mozilla/5.0 (compatible; SeznamBot/3.2; +http://napoveda.seznam.cz/en/seznambot-intro/)"
106.120.188.136 - - [04/Jul/2017:03:52:34 -0700] "GET /robots.txt HTTP/1.1" 200 56 "-" "Sogou web spider/4.0(+http://www.sogou.com/docs/help/webmasters.htm#07)"
106.120.188.136 - - [04/Jul/2017:04:09:04 -0700] "GET / HTTP/1.1" 200 9074 "-" "Sogou web spider/4.0(+http://www.sogou.com/docs/help/webmasters.htm#07)"
106.120.188.136 - - [04/Jul/2017:04:09:04 -0700] "GET /_scripts/modernizr.js?1499166544 HTTP/1.1" 200 5779 "http://www.evergreenwebdesign.com/" "Sogou web spider/4.0(+http://www.sogou.com/docs/help/webmasters.htm#07)"
106.120.188.136 - - [04/Jul/2017:04:09:05 -0700] "GET /_scripts/gen_validatorv31.js HTTP/1.1" 200 2895 "http://www.evergreenwebdesign.com/" "Sogou web spider/4.0(+http://www.sogou.com/docs/help/webmasters.htm#07)"
106.120.188.136 - - [04/Jul/2017:04:09:05 -0700] "GET /_scripts/fg_ajax.js HTTP/1.1" 200 799 "http://www.evergreenwebdesign.com/" "Sogou web spider/4.0(+http://www.sogou.com/docs/help/webmasters.htm#07)"
106.120.188.136 - - [04/Jul/2017:04:09:05 -0700] "GET /style.css?1499166544 HTTP/1.1" 200 14013 "http://www.evergreenwebdesign.com/" "Sogou web spider/4.0(+http://www.sogou.com/docs/help/webmasters.htm#07)"
106.120.188.136 - - [04/Jul/2017:04:09:05 -0700] "GET /_scripts/fg_moveable_popup-breakpoint.js HTTP/1.1" 200 193 "http://www.evergreenwebdesign.com/" "Sogou web spider/4.0(+http://www.sogou.com/docs/help/webmasters.htm#07)"
106.120.188.136 - - [04/Jul/2017:04:09:05 -0700] "GET /_scripts/fg_form_submitter.js HTTP/1.1" 200 442 "http://www.evergreenwebdesign.com/" "Sogou web spider/4.0(+http://www.sogou.com/docs/help/webmasters.htm#07)"
106.120.188.136 - - [04/Jul/2017:04:09:05 -0700] "GET /_scripts/jquery.backstretch.min.js HTTP/1.1" 200 1807 "http://www.evergreenwebdesign.com/" "Sogou web spider/4.0(+http://www.sogou.com/docs/help/webmasters.htm#07)"
106.120.188.136 - - [04/Jul/2017:04:09:05 -0700] "GET /_scripts/scripts.js?1499166544 HTTP/1.1" 200 51570 "http://www.evergreenwebdesign.com/" "Sogou web spider/4.0(+http://www.sogou.com/docs/help/webmasters.htm#07)"
117.247.113.73 - - [04/Jul/2017:04:16:18 -0700] "GET /_images/fhl-website.jpg HTTP/1.1" 200 16206 "https://www.google.co.in/" "Mozilla/5.0 (Windows NT 6.3; Win64; x64) AppleWebKit/537.36 (KHTML, like Gecko) Chrome/59.0.3071.115 Safari/537.36"
77.75.78.162 - - [04/Jul/2017:04:23:32 -0700] "GET /robots.txt HTTP/1.1" 200 56 "-" "Mozilla/5.0 (compatible; SeznamBot/3.2; +http://napoveda.seznam.cz/en/seznambot-intro/)"
77.75.78.162 - - [04/Jul/2017:04:23:33 -0700] "GET /_images/evergreenchamber-logo.jpg HTTP/1.1" 200 11539 "-" "Mozilla/5.0 (compatible; SeznamBot/3.2; +http://napoveda.seznam.cz/en/seznambot-intro/)"
148.251.226.74 - - [04/Jul/2017:04:25:36 -0700] "GET /offline-sites/sattvamassage/feed/ HTTP/1.1" 200 4592 "-" "AwarioRssBot/1.0 (+https://awario.com/bots.html; bots@awario.com)"
173.44.166.172 - - [04/Jul/2017:04:37:18 -0700] "GET / HTTP/1.0" 200 9070 "http://www.evergreenwebdesign.com/" "Mozilla/5.0 (Windows NT 6.2; WOW64) AppleWebKit/537.36 (KHTML, like Gecko) Chrome/39.0.2171.95 Safari/537.36"
216.244.66.250 - - [04/Jul/2017:04:38:13 -0700] "GET /robots.txt HTTP/1.1" 200 56 "-" "Mozilla/5.0 (compatible; DotBot/1.1; http://www.opensiteexplorer.org/dotbot, help@moz.com)"
51.255.71.126 - - [04/Jul/2017:05:02:51 -0700] "GET /offline-sites/wildflowerevergreen HTTP/1.1" 301 276 "-" "Mozilla/5.0 (compatible; AhrefsBot/5.2; +http://ahrefs.com/robot/)"
216.244.66.250 - - [04/Jul/2017:05:08:37 -0700] "GET /offline-sites/colt-green/contact.php HTTP/1.1" 200 3823 "-" "Mozilla/5.0 (compatible; DotBot/1.1; http://www.opensiteexplorer.org/dotbot, help@moz.com)"
54.85.236.227 - - [04/Jul/2017:05:11:46 -0700] "GET /robots.txt HTTP/1.0" 200 56 "-" "Opera Nutch Spider/Nutch-1.13"
54.85.236.227 - - [04/Jul/2017:05:11:46 -0700] "GET / HTTP/1.0" 200 9069 "-" "Opera Nutch Spider/Nutch-1.13"
77.75.77.95 - - [04/Jul/2017:05:41:07 -0700] "GET /robots.txt HTTP/1.1" 200 56 "-" "Mozilla/5.0 (compatible; SeznamBot/3.2; +http://napoveda.seznam.cz/en/seznambot-intro/)"
77.75.77.95 - - [04/Jul/2017:05:41:08 -0700] "GET /offline-sites/colt-green/credentials.php HTTP/1.1" 200 1940 "-" "Mozilla/5.0 (compatible; SeznamBot/3.2; +http://napoveda.seznam.cz/en/seznambot-intro/)"
5.189.172.131 - - [04/Jul/2017:05:44:26 -0700] "GET / HTTP/1.0" 200 9069 "-" "Mozilla/5.0 (Windows NT 6.1; WOW64) AppleWebKit/537.36 (KHTML, like Gecko) Chrome/34.0.1847.131 Safari/537.36"
148.251.226.74 - - [04/Jul/2017:06:25:44 -0700] "GET /offline-sites/sattvamassage/feed/ HTTP/1.1" 200 4592 "-" "AwarioRssBot/1.0 (+https://awario.com/bots.html; bots@awario.com)"
141.8.143.227 - - [04/Jul/2017:06:29:41 -0700] "GET /robots.txt HTTP/1.1" 200 56 "-" "Mozilla/5.0 (compatible; YandexBot/3.0; +http://yandex.com/bots)"
141.8.143.227 - - [04/Jul/2017:06:29:52 -0700] "GET /offline-sites/sattvamassage/wp-content/uploads/2017/02/home_massage_tools-1.jpg HTTP/1.1" 304 - "-" "Mozilla/5.0 (compatible; YandexImages/3.0; +http://yandex.com/bots)"
88.198.22.8 - - [04/Jul/2017:06:46:35 -0700] "GET / HTTP/1.0" 200 30603 "-" "Mozilla/5.0 (compatible; MSIE 9.0; Windows NT 6.1; WOW64; Trident/5.0; SLCC2; .NET CLR 2.0.50727; .NET CLR 3.5.30729; .NET CLR 3.0.30729; Media Center PC 6.0; .NET4.0C; InfoPath.3; .NET4.0E; BOIE9;NLNL)"
77.75.76.169 - - [04/Jul/2017:07:20:30 -0700] "GET /robots.txt HTTP/1.1" 200 56 "-" "Mozilla/5.0 (compatible; SeznamBot/3.2; +http://napoveda.seznam.cz/en/seznambot-intro/)"
77.75.76.169 - - [04/Jul/2017:07:20:31 -0700] "GET /offline-sites/sattvamassage/ HTTP/1.1" 200 22027 "-" "Mozilla/5.0 (compatible; SeznamBot/3.2; +http://napoveda.seznam.cz/en/seznambot-intro/)"
90.150.81.2 - - [04/Jul/2017:07:27:48 -0700] "GET / HTTP/1.1" 200 30603 "-" "Mozilla/5.0 (Windows NT 6.1; rv:24.0) Gecko/20100101 Firefox/24.0"
213.239.205.118 - - [04/Jul/2017:07:42:28 -0700] "GET /tel:(303)%20932-7483 HTTP/1.0" 404 - "-" "Mozilla/5.0 (Windows NT 6.1; rv:28.0; .NET CLR 4.0.30319; ffco7) Gecko/20100101 Firefox/28.0"
213.239.205.118 - - [04/Jul/2017:07:42:29 -0700] "GET /seo.php HTTP/1.0" 404 - "-" "Mozilla/5.0 (Windows NT 6.1; rv:28.0; .NET CLR 4.0.30319; ffco7) Gecko/20100101 Firefox/28.0"
110.164.69.196 - - [04/Jul/2017:08:02:26 -0700] "GET /wp-login.php HTTP/1.1" 404 - "-" "Mozilla/5.0 (Windows NT 6.1; WOW64; rv:40.0) Gecko/20100101 Firefox/40.1"
110.164.69.196 - - [04/Jul/2017:08:02:27 -0700] "GET / HTTP/1.1" 200 30603 "-" "Mozilla/5.0 (Windows NT 6.1; WOW64; rv:40.0) Gecko/20100101 Firefox/40.1"
77.75.78.162 - - [04/Jul/2017:08:18:43 -0700] "GET /robots.txt HTTP/1.1" 200 56 "-" "Mozilla/5.0 (compatible; SeznamBot/3.2; +http://napoveda.seznam.cz/en/seznambot-intro/)"
77.75.78.162 - - [04/Jul/2017:08:18:44 -0700] "GET /offline-sites/sattvamassage/schedule/ HTTP/1.1" 200 15357 "-" "Mozilla/5.0 (compatible; SeznamBot/3.2; +http://napoveda.seznam.cz/en/seznambot-intro/)"
148.251.226.74 - - [04/Jul/2017:08:25:52 -0700] "GET /offline-sites/sattvamassage/feed/ HTTP/1.1" 200 4592 "-" "AwarioRssBot/1.0 (+https://awario.com/bots.html; bots@awario.com)"
43.239.205.66 - - [04/Jul/2017:09:05:11 -0700] "GET /wp-login.php HTTP/1.1" 404 - "-" "Mozilla/5.0 (Windows NT 6.1; WOW64; rv:40.0) Gecko/20100101 Firefox/40.1"
43.239.205.66 - - [04/Jul/2017:09:05:12 -0700] "GET / HTTP/1.1" 200 30603 "-" "Mozilla/5.0 (Windows NT 6.1; WOW64; rv:40.0) Gecko/20100101 Firefox/40.1"
216.244.66.198 - - [04/Jul/2017:09:11:13 -0700] "GET /robots.txt HTTP/1.1" 200 56 "-" "Mozilla/5.0 (compatible; DotBot/1.1; http://www.opensiteexplorer.org/dotbot, help@moz.com)"
180.76.15.148 - - [04/Jul/2017:09:34:10 -0700] "GET /offline-sites/acts/serverScheduleMarchApril08.pdf HTTP/1.1" 200 30075 "-" "Mozilla/5.0 (compatible; Baiduspider/2.0; +http://www.baidu.com/search/spider.html)"
173.46.76.175 - - [04/Jul/2017:09:42:20 -0700] "GET /offline-sites/colt-green/contact.php HTTP/1.1" 200 1444 "http://www.google.com/" "Mozilla/5.0 (Linux; Android 6.0.1; SAMSUNG-SM-G935A Build/MMB29M) AppleWebKit/537.36 (KHTML, like Gecko) Chrome/58.0.3029.83 Mobile Safari/537.36"
173.46.76.175 - - [04/Jul/2017:09:42:20 -0700] "GET /offline-sites/colt-green/_scripts/scripts.js HTTP/1.1" 200 1340 "http://www.evergreenwebdesign.com/offline-sites/colt-green/contact.php" "Mozilla/5.0 (Linux; Android 6.0.1; SAMSUNG-SM-G935A Build/MMB29M) AppleWebKit/537.36 (KHTML, like Gecko) Chrome/58.0.3029.83 Mobile Safari/537.36"
173.46.76.175 - - [04/Jul/2017:09:42:20 -0700] "GET /offline-sites/colt-green/_scripts/nav.js HTTP/1.1" 200 1388 "http://www.evergreenwebdesign.com/offline-sites/colt-green/contact.php" "Mozilla/5.0 (Linux; Android 6.0.1; SAMSUNG-SM-G935A Build/MMB29M) AppleWebKit/537.36 (KHTML, like Gecko) Chrome/58.0.3029.83 Mobile Safari/537.36"
173.46.76.175 - - [04/Jul/2017:09:42:20 -0700] "GET /offline-sites/colt-green/_css/styles.css?1499186540 HTTP/1.1" 200 2959 "http://www.evergreenwebdesign.com/offline-sites/colt-green/contact.php" "Mozilla/5.0 (Linux; Android 6.0.1; SAMSUNG-SM-G935A Build/MMB29M) AppleWebKit/537.36 (KHTML, like Gecko) Chrome/58.0.3029.83 Mobile Safari/537.36"
173.46.76.175 - - [04/Jul/2017:09:42:20 -0700] "GET /offline-sites/colt-green/_scripts/respond.min.js HTTP/1.1" 200 1709 "http://www.evergreenwebdesign.com/offline-sites/colt-green/contact.php" "Mozilla/5.0 (Linux; Android 6.0.1; SAMSUNG-SM-G935A Build/MMB29M) AppleWebKit/537.36 (KHTML, like Gecko) Chrome/58.0.3029.83 Mobile Safari/537.36"
173.46.76.175 - - [04/Jul/2017:09:42:21 -0700] "GET /offline-sites/colt-green/_images/usgbc-logo.png HTTP/1.1" 200 12553 "http://www.evergreenwebdesign.com/offline-sites/colt-green/contact.php" "Mozilla/5.0 (Linux; Android 6.0.1; SAMSUNG-SM-G935A Build/MMB29M) AppleWebKit/537.36 (KHTML, like Gecko) Chrome/58.0.3029.83 Mobile Safari/537.36"
173.46.76.175 - - [04/Jul/2017:09:42:21 -0700] "GET /offline-sites/colt-green/_images/leed-green-logo.jpg HTTP/1.1" 200 3707 "http://www.evergreenwebdesign.com/offline-sites/colt-green/contact.php" "Mozilla/5.0 (Linux; Android 6.0.1; SAMSUNG-SM-G935A Build/MMB29M) AppleWebKit/537.36 (KHTML, like Gecko) Chrome/58.0.3029.83 Mobile Safari/537.36"
173.46.76.175 - - [04/Jul/2017:09:42:21 -0700] "GET /offline-sites/colt-green/_images/colt-green-construction-logo-sm.jpg HTTP/1.1" 200 3637 "http://www.evergreenwebdesign.com/offline-sites/colt-green/contact.php" "Mozilla/5.0 (Linux; Android 6.0.1; SAMSUNG-SM-G935A Build/MMB29M) AppleWebKit/537.36 (KHTML, like Gecko) Chrome/58.0.3029.83 Mobile Safari/537.36"
86.100.205.179 - - [04/Jul/2017:10:10:18 -0700] "GET /wp-login.php HTTP/1.1" 404 - "-" "Mozilla/5.0 (Windows NT 6.1; WOW64; rv:40.0) Gecko/20100101 Firefox/40.1"
86.100.205.179 - - [04/Jul/2017:10:10:18 -0700] "GET / HTTP/1.1" 200 30603 "-" "Mozilla/5.0 (Windows NT 6.1; WOW64; rv:40.0) Gecko/20100101 Firefox/40.1"
148.251.226.74 - - [04/Jul/2017:10:25:52 -0700] "GET /offline-sites/sattvamassage/feed/ HTTP/1.1" 200 4592 "-" "AwarioRssBot/1.0 (+https://awario.com/bots.html; bots@awario.com)"
93.72.51.208 - - [04/Jul/2017:10:27:23 -0700] "GET / HTTP/1.0" 200 30603 "http://evergreenwebdesign.com/" "Mozilla/5.0 (Windows NT 5.1) AppleWebKit/537.36 (KHTML, like Gecko) Chrome/56.0.2924.87 YaBrowser/17.3.0.1785 Yowser/2.5 Safari/537.36"
78.19.147.9 - - [04/Jul/2017:10:28:21 -0700] "GET / HTTP/1.1" 200 9069 "https://www.google.ie/" "Mozilla/5.0 (Windows NT 10.0; Win64; x64) AppleWebKit/537.36 (KHTML, like Gecko) Chrome/59.0.3071.115 Safari/537.36"
78.19.147.9 - - [04/Jul/2017:10:28:22 -0700] "GET /_scripts/modernizr.js?1499189302 HTTP/1.1" 200 5779 "http://www.evergreenwebdesign.com/" "Mozilla/5.0 (Windows NT 10.0; Win64; x64) AppleWebKit/537.36 (KHTML, like Gecko) Chrome/59.0.3071.115 Safari/537.36"
78.19.147.9 - - [04/Jul/2017:10:28:22 -0700] "GET /style.css?1499189302 HTTP/1.1" 200 14013 "http://www.evergreenwebdesign.com/" "Mozilla/5.0 (Windows NT 10.0; Win64; x64) AppleWebKit/537.36 (KHTML, like Gecko) Chrome/59.0.3071.115 Safari/537.36"
78.19.147.9 - - [04/Jul/2017:10:28:22 -0700] "GET /_scripts/gen_validatorv31.js HTTP/1.1" 200 2895 "http://www.evergreenwebdesign.com/" "Mozilla/5.0 (Windows NT 10.0; Win64; x64) AppleWebKit/537.36 (KHTML, like Gecko) Chrome/59.0.3071.115 Safari/537.36"
78.19.147.9 - - [04/Jul/2017:10:28:22 -0700] "GET /_scripts/fg_ajax.js HTTP/1.1" 200 799 "http://www.evergreenwebdesign.com/" "Mozilla/5.0 (Windows NT 10.0; Win64; x64) AppleWebKit/537.36 (KHTML, like Gecko) Chrome/59.0.3071.115 Safari/537.36"
78.19.147.9 - - [04/Jul/2017:10:28:22 -0700] "GET /_scripts/fg_moveable_popup-breakpoint.js HTTP/1.1" 200 193 "http://www.evergreenwebdesign.com/" "Mozilla/5.0 (Windows NT 10.0; Win64; x64) AppleWebKit/537.36 (KHTML, like Gecko) Chrome/59.0.3071.115 Safari/537.36"
78.19.147.9 - - [04/Jul/2017:10:28:22 -0700] "GET /_scripts/fg_form_submitter.js HTTP/1.1" 200 442 "http://www.evergreenwebdesign.com/" "Mozilla/5.0 (Windows NT 10.0; Win64; x64) AppleWebKit/537.36 (KHTML, like Gecko) Chrome/59.0.3071.115 Safari/537.36"
78.19.147.9 - - [04/Jul/2017:10:28:22 -0700] "GET /_scripts/jquery.backstretch.min.js HTTP/1.1" 200 1807 "http://www.evergreenwebdesign.com/" "Mozilla/5.0 (Windows NT 10.0; Win64; x64) AppleWebKit/537.36 (KHTML, like Gecko) Chrome/59.0.3071.115 Safari/537.36"
78.19.147.9 - - [04/Jul/2017:10:28:22 -0700] "GET /_images/Evergreen-Web-Design-nav-logo.png HTTP/1.1" 200 12843 "http://www.evergreenwebdesign.com/" "Mozilla/5.0 (Windows NT 10.0; Win64; x64) AppleWebKit/537.36 (KHTML, like Gecko) Chrome/59.0.3071.115 Safari/537.36"
78.19.147.9 - - [04/Jul/2017:10:28:22 -0700] "GET /fonts/fontawesome-webfont.woff2?v=4.3.0 HTTP/1.1" 200 56777 "http://www.evergreenwebdesign.com/style.css?1499189302" "Mozilla/5.0 (Windows NT 10.0; Win64; x64) AppleWebKit/537.36 (KHTML, like Gecko) Chrome/59.0.3071.115 Safari/537.36"
78.19.147.9 - - [04/Jul/2017:10:28:22 -0700] "GET /_images/Evergreen-Web-Design-Logo_bw.png HTTP/1.1" 200 49853 "http://www.evergreenwebdesign.com/" "Mozilla/5.0 (Windows NT 10.0; Win64; x64) AppleWebKit/537.36 (KHTML, like Gecko) Chrome/59.0.3071.115 Safari/537.36"
78.19.147.9 - - [04/Jul/2017:10:28:22 -0700] "GET /_images/facebook-icon.jpg HTTP/1.1" 200 3153 "http://www.evergreenwebdesign.com/" "Mozilla/5.0 (Windows NT 10.0; Win64; x64) AppleWebKit/537.36 (KHTML, like Gecko) Chrome/59.0.3071.115 Safari/537.36"
78.19.147.9 - - [04/Jul/2017:10:28:23 -0700] "GET /_images/twitter-icon.jpg HTTP/1.1" 200 4332 "http://www.evergreenwebdesign.com/" "Mozilla/5.0 (Windows NT 10.0; Win64; x64) AppleWebKit/537.36 (KHTML, like Gecko) Chrome/59.0.3071.115 Safari/537.36"
78.19.147.9 - - [04/Jul/2017:10:28:23 -0700] "GET /_images/google-plus-icon.jpg HTTP/1.1" 200 7080 "http://www.evergreenwebdesign.com/" "Mozilla/5.0 (Windows NT 10.0; Win64; x64) AppleWebKit/537.36 (KHTML, like Gecko) Chrome/59.0.3071.115 Safari/537.36"
78.19.147.9 - - [04/Jul/2017:10:28:23 -0700] "GET /_images/sattva-massage-website.jpg HTTP/1.1" 200 21519 "http://www.evergreenwebdesign.com/" "Mozilla/5.0 (Windows NT 10.0; Win64; x64) AppleWebKit/537.36 (KHTML, like Gecko) Chrome/59.0.3071.115 Safari/537.36"
78.19.147.9 - - [04/Jul/2017:10:28:22 -0700] "GET /_scripts/scripts.js?1499189302 HTTP/1.1" 200 51570 "http://www.evergreenwebdesign.com/" "Mozilla/5.0 (Windows NT 10.0; Win64; x64) AppleWebKit/537.36 (KHTML, like Gecko) Chrome/59.0.3071.115 Safari/537.36"
78.19.147.9 - - [04/Jul/2017:10:28:23 -0700] "GET /_images/evergreen-tap-house-website.jpg HTTP/1.1" 200 27734 "http://www.evergreenwebdesign.com/" "Mozilla/5.0 (Windows NT 10.0; Win64; x64) AppleWebKit/537.36 (KHTML, like Gecko) Chrome/59.0.3071.115 Safari/537.36"
78.19.147.9 - - [04/Jul/2017:10:28:23 -0700] "GET /_scripts/fg_moveable_popup.js?%3C?php%20echo%20time();%20?%3E HTTP/1.1" 200 1403 "http://www.evergreenwebdesign.com/" "Mozilla/5.0 (Windows NT 10.0; Win64; x64) AppleWebKit/537.36 (KHTML, like Gecko) Chrome/59.0.3071.115 Safari/537.36"
78.19.147.9 - - [04/Jul/2017:10:28:23 -0700] "GET /_images/foster-family-dental-website.jpg HTTP/1.1" 200 10421 "http://www.evergreenwebdesign.com/" "Mozilla/5.0 (Windows NT 10.0; Win64; x64) AppleWebKit/537.36 (KHTML, like Gecko) Chrome/59.0.3071.115 Safari/537.36"
78.19.147.9 - - [04/Jul/2017:10:28:22 -0700] "GET /_images/dont-panic.png HTTP/1.1" 200 165754 "http://www.evergreenwebdesign.com/" "Mozilla/5.0 (Windows NT 10.0; Win64; x64) AppleWebKit/537.36 (KHTML, like Gecko) Chrome/59.0.3071.115 Safari/537.36"
78.19.147.9 - - [04/Jul/2017:10:28:23 -0700] "GET /_images/rookiesevergreen-website.jpg HTTP/1.1" 200 14562 "http://www.evergreenwebdesign.com/" "Mozilla/5.0 (Windows NT 10.0; Win64; x64) AppleWebKit/537.36 (KHTML, like Gecko) Chrome/59.0.3071.115 Safari/537.36"
78.19.147.9 - - [04/Jul/2017:10:28:23 -0700] "GET /_images/evergreen-signs-website.jpg HTTP/1.1" 200 25469 "http://www.evergreenwebdesign.com/" "Mozilla/5.0 (Windows NT 10.0; Win64; x64) AppleWebKit/537.36 (KHTML, like Gecko) Chrome/59.0.3071.115 Safari/537.36"
78.19.147.9 - - [04/Jul/2017:10:28:23 -0700] "GET /_images/wildflower-website.jpg HTTP/1.1" 200 24982 "http://www.evergreenwebdesign.com/" "Mozilla/5.0 (Windows NT 10.0; Win64; x64) AppleWebKit/537.36 (KHTML, like Gecko) Chrome/59.0.3071.115 Safari/537.36"
78.19.147.9 - - [04/Jul/2017:10:28:23 -0700] "GET /_images/mbeachlegal-website.jpg HTTP/1.1" 200 14419 "http://www.evergreenwebdesign.com/" "Mozilla/5.0 (Windows NT 10.0; Win64; x64) AppleWebKit/537.36 (KHTML, like Gecko) Chrome/59.0.3071.115 Safari/537.36"
78.19.147.9 - - [04/Jul/2017:10:28:23 -0700] "GET /_images/myscreenscene-website.jpg HTTP/1.1" 200 12627 "http://www.evergreenwebdesign.com/" "Mozilla/5.0 (Windows NT 10.0; Win64; x64) AppleWebKit/537.36 (KHTML, like Gecko) Chrome/59.0.3071.115 Safari/537.36"
78.19.147.9 - - [04/Jul/2017:10:28:23 -0700] "GET /_images/scroll-down-sprite.png HTTP/1.1" 200 5070 "http://www.evergreenwebdesign.com/style.css?1499189302" "Mozilla/5.0 (Windows NT 10.0; Win64; x64) AppleWebKit/537.36 (KHTML, like Gecko) Chrome/59.0.3071.115 Safari/537.36"
78.19.147.9 - - [04/Jul/2017:10:28:24 -0700] "GET /_images/evergreen-wilderness-guides-website.jpg HTTP/1.1" 200 28285 "http://www.evergreenwebdesign.com/" "Mozilla/5.0 (Windows NT 10.0; Win64; x64) AppleWebKit/537.36 (KHTML, like Gecko) Chrome/59.0.3071.115 Safari/537.36"
78.19.147.9 - - [04/Jul/2017:10:28:24 -0700] "GET /_images/colt-green-website.jpg HTTP/1.1" 200 19519 "http://www.evergreenwebdesign.com/" "Mozilla/5.0 (Windows NT 10.0; Win64; x64) AppleWebKit/537.36 (KHTML, like Gecko) Chrome/59.0.3071.115 Safari/537.36"
78.19.147.9 - - [04/Jul/2017:10:28:23 -0700] "GET /_images/circuit-board-02.jpg HTTP/1.1" 200 743556 "http://www.evergreenwebdesign.com/style.css?1499189302" "Mozilla/5.0 (Windows NT 10.0; Win64; x64) AppleWebKit/537.36 (KHTML, like Gecko) Chrome/59.0.3071.115 Safari/537.36"
78.19.147.9 - - [04/Jul/2017:10:28:24 -0700] "GET /_images/fhl-website.jpg HTTP/1.1" 200 16206 "http://www.evergreenwebdesign.com/" "Mozilla/5.0 (Windows NT 10.0; Win64; x64) AppleWebKit/537.36 (KHTML, like Gecko) Chrome/59.0.3071.115 Safari/537.36"
78.19.147.9 - - [04/Jul/2017:10:28:24 -0700] "GET /_images/theburn2012-website.jpg HTTP/1.1" 200 16670 "http://www.evergreenwebdesign.com/" "Mozilla/5.0 (Windows NT 10.0; Win64; x64) AppleWebKit/537.36 (KHTML, like Gecko) Chrome/59.0.3071.115 Safari/537.36"
78.19.147.9 - - [04/Jul/2017:10:28:24 -0700] "GET /_images/acts-church-website.jpg HTTP/1.1" 200 16479 "http://www.evergreenwebdesign.com/" "Mozilla/5.0 (Windows NT 10.0; Win64; x64) AppleWebKit/537.36 (KHTML, like Gecko) Chrome/59.0.3071.115 Safari/537.36"
78.19.147.9 - - [04/Jul/2017:10:28:24 -0700] "GET /_images/satilla-website.jpg HTTP/1.1" 200 14061 "http://www.evergreenwebdesign.com/" "Mozilla/5.0 (Windows NT 10.0; Win64; x64) AppleWebKit/537.36 (KHTML, like Gecko) Chrome/59.0.3071.115 Safari/537.36"
78.19.147.9 - - [04/Jul/2017:10:28:24 -0700] "GET /_images/bennmediation-website.jpg HTTP/1.1" 200 11060 "http://www.evergreenwebdesign.com/" "Mozilla/5.0 (Windows NT 10.0; Win64; x64) AppleWebKit/537.36 (KHTML, like Gecko) Chrome/59.0.3071.115 Safari/537.36"
78.19.147.9 - - [04/Jul/2017:10:28:24 -0700] "GET /_images/Robert-Means-Developer.png HTTP/1.1" 200 96776 "http://www.evergreenwebdesign.com/" "Mozilla/5.0 (Windows NT 10.0; Win64; x64) AppleWebKit/537.36 (KHTML, like Gecko) Chrome/59.0.3071.115 Safari/537.36"
78.19.147.9 - - [04/Jul/2017:10:28:24 -0700] "GET /_images/Bob-Means-Sales.jpg HTTP/1.1" 200 35736 "http://www.evergreenwebdesign.com/" "Mozilla/5.0 (Windows NT 10.0; Win64; x64) AppleWebKit/537.36 (KHTML, like Gecko) Chrome/59.0.3071.115 Safari/537.36"
78.19.147.9 - - [04/Jul/2017:10:28:24 -0700] "GET /_images/evergreenchamber-logo.jpg HTTP/1.1" 200 11539 "http://www.evergreenwebdesign.com/" "Mozilla/5.0 (Windows NT 10.0; Win64; x64) AppleWebKit/537.36 (KHTML, like Gecko) Chrome/59.0.3071.115 Safari/537.36"
78.19.147.9 - - [04/Jul/2017:10:28:24 -0700] "GET /_images/Rob-Means-Accounting.jpg HTTP/1.1" 200 39761 "http://www.evergreenwebdesign.com/" "Mozilla/5.0 (Windows NT 10.0; Win64; x64) AppleWebKit/537.36 (KHTML, like Gecko) Chrome/59.0.3071.115 Safari/537.36"
78.19.147.9 - - [04/Jul/2017:10:28:24 -0700] "GET /_images/Bobby-Means-Designer.jpg HTTP/1.1" 200 43090 "http://www.evergreenwebdesign.com/" "Mozilla/5.0 (Windows NT 10.0; Win64; x64) AppleWebKit/537.36 (KHTML, like Gecko) Chrome/59.0.3071.115 Safari/537.36"
78.19.147.9 - - [04/Jul/2017:10:28:24 -0700] "GET /_images/symphony.png HTTP/1.1" 200 19189 "http://www.evergreenwebdesign.com/style.css?1499189302" "Mozilla/5.0 (Windows NT 10.0; Win64; x64) AppleWebKit/537.36 (KHTML, like Gecko) Chrome/59.0.3071.115 Safari/537.36"
78.19.147.9 - - [04/Jul/2017:10:28:24 -0700] "GET /_images/day-sky-01.jpg HTTP/1.1" 200 233274 "http://www.evergreenwebdesign.com/style.css?1499189302" "Mozilla/5.0 (Windows NT 10.0; Win64; x64) AppleWebKit/537.36 (KHTML, like Gecko) Chrome/59.0.3071.115 Safari/537.36"
78.19.147.9 - - [04/Jul/2017:10:28:24 -0700] "GET /_images/flex-03.jpg HTTP/1.1" 200 34513 "http://www.evergreenwebdesign.com/" "Mozilla/5.0 (Windows NT 10.0; Win64; x64) AppleWebKit/537.36 (KHTML, like Gecko) Chrome/59.0.3071.115 Safari/537.36"
78.19.147.9 - - [04/Jul/2017:10:28:24 -0700] "GET /_images/world-bkg.jpg HTTP/1.1" 200 202487 "http://www.evergreenwebdesign.com/style.css?1499189302" "Mozilla/5.0 (Windows NT 10.0; Win64; x64) AppleWebKit/537.36 (KHTML, like Gecko) Chrome/59.0.3071.115 Safari/537.36"
78.19.147.9 - - [04/Jul/2017:10:28:24 -0700] "GET /_images/flex-01.jpg HTTP/1.1" 200 237542 "http://www.evergreenwebdesign.com/" "Mozilla/5.0 (Windows NT 10.0; Win64; x64) AppleWebKit/537.36 (KHTML, like Gecko) Chrome/59.0.3071.115 Safari/537.36"
78.19.147.9 - - [04/Jul/2017:10:28:24 -0700] "GET /_images/flex-02.jpg HTTP/1.1" 200 238527 "http://www.evergreenwebdesign.com/" "Mozilla/5.0 (Windows NT 10.0; Win64; x64) AppleWebKit/537.36 (KHTML, like Gecko) Chrome/59.0.3071.115 Safari/537.36"
78.19.147.9 - - [04/Jul/2017:10:28:23 -0700] "GET /_images/server-cloud-bkg.jpg HTTP/1.1" 200 440759 "http://www.evergreenwebdesign.com/style.css?1499189302" "Mozilla/5.0 (Windows NT 10.0; Win64; x64) AppleWebKit/537.36 (KHTML, like Gecko) Chrome/59.0.3071.115 Safari/537.36"
78.19.147.9 - - [04/Jul/2017:10:28:26 -0700] "GET /_images/step-01.png HTTP/1.1" 200 14548 "http://www.evergreenwebdesign.com/" "Mozilla/5.0 (Windows NT 10.0; Win64; x64) AppleWebKit/537.36 (KHTML, like Gecko) Chrome/59.0.3071.115 Safari/537.36"
78.19.147.9 - - [04/Jul/2017:10:28:26 -0700] "GET /_images/step-02.png HTTP/1.1" 200 13440 "http://www.evergreenwebdesign.com/" "Mozilla/5.0 (Windows NT 10.0; Win64; x64) AppleWebKit/537.36 (KHTML, like Gecko) Chrome/59.0.3071.115 Safari/537.36"
78.19.147.9 - - [04/Jul/2017:10:28:26 -0700] "GET /_images/step-04.png HTTP/1.1" 200 13171 "http://www.evergreenwebdesign.com/" "Mozilla/5.0 (Windows NT 10.0; Win64; x64) AppleWebKit/537.36 (KHTML, like Gecko) Chrome/59.0.3071.115 Safari/537.36"
78.19.147.9 - - [04/Jul/2017:10:28:26 -0700] "GET /_images/step-05.png HTTP/1.1" 200 13983 "http://www.evergreenwebdesign.com/" "Mozilla/5.0 (Windows NT 10.0; Win64; x64) AppleWebKit/537.36 (KHTML, like Gecko) Chrome/59.0.3071.115 Safari/537.36"
78.19.147.9 - - [04/Jul/2017:10:28:26 -0700] "GET /_images/step-03.png HTTP/1.1" 200 16189 "http://www.evergreenwebdesign.com/" "Mozilla/5.0 (Windows NT 10.0; Win64; x64) AppleWebKit/537.36 (KHTML, like Gecko) Chrome/59.0.3071.115 Safari/537.36"
78.19.147.9 - - [04/Jul/2017:10:28:26 -0700] "GET /_images/favicon.ico HTTP/1.1" 200 499 "http://www.evergreenwebdesign.com/" "Mozilla/5.0 (Windows NT 10.0; Win64; x64) AppleWebKit/537.36 (KHTML, like Gecko) Chrome/59.0.3071.115 Safari/537.36"
180.76.15.7 - - [04/Jul/2017:10:46:54 -0700] "GET /offline-sites/sattvamassage/wp-content/themes/betheme/js/menu.js HTTP/1.1" 200 860 "-" "Mozilla/5.0 (compatible; Baiduspider/2.0; +http://www.baidu.com/search/spider.html)"
216.244.66.198 - - [04/Jul/2017:10:48:31 -0700] "GET /offline-sites/sattvamassage/ HTTP/1.1" 200 117487 "-" "Mozilla/5.0 (compatible; DotBot/1.1; http://www.opensiteexplorer.org/dotbot, help@moz.com)"
62.156.39.69 - - [04/Jul/2017:10:53:15 -0700] "GET /wp-login.php HTTP/1.1" 404 - "-" "Mozilla/5.0 (Windows NT 6.1; WOW64; rv:40.0) Gecko/20100101 Firefox/40.1"
62.156.39.69 - - [04/Jul/2017:10:53:15 -0700] "GET / HTTP/1.1" 200 30603 "-" "Mozilla/5.0 (Windows NT 6.1; WOW64; rv:40.0) Gecko/20100101 Firefox/40.1"
180.76.15.9 - - [04/Jul/2017:11:20:15 -0700] "GET /offline-sites/sattvamassage/feed/ HTTP/1.1" 200 4592 "-" "Mozilla/5.0 (compatible; Baiduspider/2.0; +http://www.baidu.com/search/spider.html)"
188.162.166.162 - - [04/Jul/2017:11:32:49 -0700] "GET /offline-sites/sattvamassage/wp-content/uploads/2017/02/home_massage_offer_4.jpg HTTP/1.1" 200 24304 "-" "Mozilla/5.0 (Linux; Android 4.4.2; ASUS_T00J Build/KVT49L) AppleWebKit/537.36 (KHTML, like Gecko) Version/4.0 Chrome/30.0.0.0 Mobile Safari/537.36 YandexSearch/5.26"
138.91.157.231 - - [04/Jul/2017:12:05:20 -0700] "GET /admin/ HTTP/1.1" 404 - "-" "-"
138.91.157.231 - - [04/Jul/2017:12:05:20 -0700] "GET /admin/login.php HTTP/1.1" 404 - "-" "-"
5.188.211.15 - - [04/Jul/2017:12:07:40 -0700] "GET / HTTP/1.1" 200 30603 "-" "Mozilla/4.0 (compatible; MSIE 6.0; Windows NT 5.1; SV1)"
5.188.211.15 - - [04/Jul/2017:12:07:45 -0700] "GET /offline-sites/sattvamassage HTTP/1.1" 301 270 "-" "Mozilla/4.0 (compatible; MSIE 6.0; Windows NT 5.1; SV1)"
216.244.66.198 - - [04/Jul/2017:12:07:49 -0700] "GET /robots.txt HTTP/1.1" 200 56 "-" "Mozilla/5.0 (compatible; DotBot/1.1; http://www.opensiteexplorer.org/dotbot, help@moz.com)"
5.188.211.15 - - [04/Jul/2017:12:07:45 -0700] "GET /offline-sites/sattvamassage/ HTTP/1.1" 200 117487 "-" "Mozilla/4.0 (compatible; MSIE 6.0; Windows NT 5.1; SV1)"
107.180.50.187 - - [04/Jul/2017:12:07:53 -0700] "POST /offline-sites/sattvamassage/wp-cron.php?doing_wp_cron=1499195273.7691190242767333984375 HTTP/1.1" 200 - "http://www.evergreenwebdesign.com/offline-sites/sattvamassage/wp-cron.php?doing_wp_cron=1499195273.7691190242767333984375" "WordPress/4.7.5; http://www.evergreenwebdesign.com/offline-sites/sattvamassage"
5.188.211.15 - - [04/Jul/2017:12:07:59 -0700] "GET /offline-sites/wildflowerevergreen HTTP/1.1" 301 276 "-" "Mozilla/4.0 (compatible; MSIE 6.0; Windows NT 5.1; SV1)"
5.188.211.15 - - [04/Jul/2017:12:07:59 -0700] "GET /offline-sites/wildflowerevergreen/ HTTP/1.1" 200 4080 "-" "Mozilla/4.0 (compatible; MSIE 6.0; Windows NT 5.1; SV1)"
5.188.211.15 - - [04/Jul/2017:12:07:59 -0700] "GET /offline-sites/colt-green HTTP/1.1" 301 267 "-" "Mozilla/4.0 (compatible; MSIE 6.0; Windows NT 5.1; SV1)"
5.188.211.15 - - [04/Jul/2017:12:08:00 -0700] "GET /offline-sites/colt-green/ HTTP/1.1" 200 6004 "-" "Mozilla/4.0 (compatible; MSIE 6.0; Windows NT 5.1; SV1)"
5.188.211.15 - - [04/Jul/2017:12:08:01 -0700] "GET /offline-sites/fhl HTTP/1.1" 301 260 "-" "Mozilla/4.0 (compatible; MSIE 6.0; Windows NT 5.1; SV1)"
5.188.211.15 - - [04/Jul/2017:12:08:02 -0700] "GET /offline-sites/fhl/ HTTP/1.1" 200 8509 "-" "Mozilla/4.0 (compatible; MSIE 6.0; Windows NT 5.1; SV1)"
5.188.211.15 - - [04/Jul/2017:12:08:03 -0700] "GET /offline-sites/theburn2012 HTTP/1.1" 301 268 "-" "Mozilla/4.0 (compatible; MSIE 6.0; Windows NT 5.1; SV1)"
5.188.211.15 - - [04/Jul/2017:12:08:03 -0700] "GET /offline-sites/theburn2012/ HTTP/1.1" 200 14982 "-" "Mozilla/4.0 (compatible; MSIE 6.0; Windows NT 5.1; SV1)"
5.188.211.15 - - [04/Jul/2017:12:08:05 -0700] "GET /offline-sites/acts HTTP/1.1" 301 261 "-" "Mozilla/4.0 (compatible; MSIE 6.0; Windows NT 5.1; SV1)"
5.188.211.15 - - [04/Jul/2017:12:08:05 -0700] "GET /offline-sites/acts/ HTTP/1.1" 200 17962 "-" "Mozilla/4.0 (compatible; MSIE 6.0; Windows NT 5.1; SV1)"
5.188.211.15 - - [04/Jul/2017:12:08:07 -0700] "GET /offline-sites/satillainc HTTP/1.1" 301 267 "-" "Mozilla/4.0 (compatible; MSIE 6.0; Windows NT 5.1; SV1)"
5.188.211.15 - - [04/Jul/2017:12:08:08 -0700] "GET /offline-sites/satillainc/ HTTP/1.1" 200 4866 "-" "Mozilla/4.0 (compatible; MSIE 6.0; Windows NT 5.1; SV1)"
5.188.211.15 - - [04/Jul/2017:12:08:08 -0700] "GET /offline-sites/bennmediation HTTP/1.1" 301 270 "-" "Mozilla/4.0 (compatible; MSIE 6.0; Windows NT 5.1; SV1)"
5.188.211.15 - - [04/Jul/2017:12:08:08 -0700] "GET /offline-sites/bennmediation/ HTTP/1.1" 200 3246 "-" "Mozilla/4.0 (compatible; MSIE 6.0; Windows NT 5.1; SV1)"
77.75.77.109 - - [04/Jul/2017:12:08:50 -0700] "GET /robots.txt HTTP/1.1" 200 56 "-" "Mozilla/5.0 (compatible; SeznamBot/3.2; +http://napoveda.seznam.cz/en/seznambot-intro/)"
77.75.77.109 - - [04/Jul/2017:12:08:51 -0700] "GET /offline-sites/fhl/images/publications.jpg HTTP/1.1" 304 - "-" "Mozilla/5.0 (compatible; SeznamBot/3.2; +http://napoveda.seznam.cz/en/seznambot-intro/)"
148.251.226.74 - - [04/Jul/2017:12:26:00 -0700] "GET /offline-sites/sattvamassage/feed/ HTTP/1.1" 200 4592 "-" "AwarioRssBot/1.0 (+https://awario.com/bots.html; bots@awario.com)"
216.244.66.198 - - [04/Jul/2017:12:46:18 -0700] "GET /offline-sites/colt-green/credentials.php HTTP/1.1" 200 5034 "-" "Mozilla/5.0 (compatible; DotBot/1.1; http://www.opensiteexplorer.org/dotbot, help@moz.com)"
216.244.66.198 - - [04/Jul/2017:12:56:34 -0700] "GET /offline-sites/acts/photos.htm HTTP/1.1" 200 16149 "-" "Mozilla/5.0 (compatible; DotBot/1.1; http://www.opensiteexplorer.org/dotbot, help@moz.com)"
92.97.144.23 - - [04/Jul/2017:13:08:26 -0700] "GET /offline-sites/sattvamassage/ HTTP/1.1" 200 22027 "https://www.google.ae/" "Mozilla/5.0 (Linux; Android 5.1; CP8676_I02 Build/LMY47D) AppleWebKit/537.36 (KHTML, like Gecko) Chrome/58.0.3029.83 Mobile Safari/537.36"
92.97.144.23 - - [04/Jul/2017:13:08:27 -0700] "GET /offline-sites/sattvamassage/wp-content/plugins/contact-form-7/includes/css/styles.css?ver=4.7 HTTP/1.1" 200 634 "http://www.evergreenwebdesign.com/offline-sites/sattvamassage/" "Mozilla/5.0 (Linux; Android 5.1; CP8676_I02 Build/LMY47D) AppleWebKit/537.36 (KHTML, like Gecko) Chrome/58.0.3029.83 Mobile Safari/537.36"
92.97.144.23 - - [04/Jul/2017:13:08:27 -0700] "GET /offline-sites/sattvamassage/wp-content/plugins/email-subscribers/widget/es-widget.css?ver=4.7.5 HTTP/1.1" 200 161 "http://www.evergreenwebdesign.com/offline-sites/sattvamassage/" "Mozilla/5.0 (Linux; Android 5.1; CP8676_I02 Build/LMY47D) AppleWebKit/537.36 (KHTML, like Gecko) Chrome/58.0.3029.83 Mobile Safari/537.36"
92.97.144.23 - - [04/Jul/2017:13:08:28 -0700] "GET /offline-sites/sattvamassage/wp-content/plugins/photo-gallery/css/bwg_frontend.css?ver=1.3.34 HTTP/1.1" 200 1746 "http://www.evergreenwebdesign.com/offline-sites/sattvamassage/" "Mozilla/5.0 (Linux; Android 5.1; CP8676_I02 Build/LMY47D) AppleWebKit/537.36 (KHTML, like Gecko) Chrome/58.0.3029.83 Mobile Safari/537.36"
92.97.144.23 - - [04/Jul/2017:13:08:28 -0700] "GET /offline-sites/sattvamassage/wp-content/plugins/photo-gallery/css/sumoselect.css?ver=3.0.2 HTTP/1.1" 200 2506 "http://www.evergreenwebdesign.com/offline-sites/sattvamassage/" "Mozilla/5.0 (Linux; Android 5.1; CP8676_I02 Build/LMY47D) AppleWebKit/537.36 (KHTML, like Gecko) Chrome/58.0.3029.83 Mobile Safari/537.36"
92.97.144.23 - - [04/Jul/2017:13:08:28 -0700] "GET /offline-sites/sattvamassage/wp-content/plugins/photo-gallery/css/jquery.mCustomScrollbar.css?ver=1.3.34 HTTP/1.1" 200 1663 "http://www.evergreenwebdesign.com/offline-sites/sattvamassage/" "Mozilla/5.0 (Linux; Android 5.1; CP8676_I02 Build/LMY47D) AppleWebKit/537.36 (KHTML, like Gecko) Chrome/58.0.3029.83 Mobile Safari/537.36"
92.97.144.23 - - [04/Jul/2017:13:08:28 -0700] "GET /offline-sites/sattvamassage/wp-content/plugins/photo-gallery/css/font-awesome/font-awesome.css?ver=4.6.3 HTTP/1.1" 200 7109 "http://www.evergreenwebdesign.com/offline-sites/sattvamassage/" "Mozilla/5.0 (Linux; Android 5.1; CP8676_I02 Build/LMY47D) AppleWebKit/537.36 (KHTML, like Gecko) Chrome/58.0.3029.83 Mobile Safari/537.36"
92.97.144.23 - - [04/Jul/2017:13:08:28 -0700] "GET /offline-sites/sattvamassage/wp-content/plugins/revslider/public/assets/css/settings.css?ver=5.3.1.5 HTTP/1.1" 200 7016 "http://www.evergreenwebdesign.com/offline-sites/sattvamassage/" "Mozilla/5.0 (Linux; Android 5.1; CP8676_I02 Build/LMY47D) AppleWebKit/537.36 (KHTML, like Gecko) Chrome/58.0.3029.83 Mobile Safari/537.36"
92.97.144.23 - - [04/Jul/2017:13:08:28 -0700] "GET /offline-sites/sattvamassage/wp-content/themes/betheme/css/base.css?ver=16.3 HTTP/1.1" 200 10861 "http://www.evergreenwebdesign.com/offline-sites/sattvamassage/" "Mozilla/5.0 (Linux; Android 5.1; CP8676_I02 Build/LMY47D) AppleWebKit/537.36 (KHTML, like Gecko) Chrome/58.0.3029.83 Mobile Safari/537.36"
92.97.144.23 - - [04/Jul/2017:13:08:28 -0700] "GET /offline-sites/sattvamassage/wp-content/themes/betheme/assets/ui/jquery.ui.all.css?ver=16.3 HTTP/1.1" 200 3471 "http://www.evergreenwebdesign.com/offline-sites/sattvamassage/" "Mozilla/5.0 (Linux; Android 5.1; CP8676_I02 Build/LMY47D) AppleWebKit/537.36 (KHTML, like Gecko) Chrome/58.0.3029.83 Mobile Safari/537.36"
92.97.144.23 - - [04/Jul/2017:13:08:28 -0700] "GET /offline-sites/sattvamassage/wp-content/themes/betheme/assets/animations/animations.min.css?ver=16.3 HTTP/1.1" 200 5418 "http://www.evergreenwebdesign.com/offline-sites/sattvamassage/" "Mozilla/5.0 (Linux; Android 5.1; CP8676_I02 Build/LMY47D) AppleWebKit/537.36 (KHTML, like Gecko) Chrome/58.0.3029.83 Mobile Safari/537.36"
92.97.144.23 - - [04/Jul/2017:13:08:28 -0700] "GET /offline-sites/sattvamassage/wp-content/themes/betheme/assets/prettyPhoto/prettyPhoto.css?ver=16.3 HTTP/1.1" 200 2724 "http://www.evergreenwebdesign.com/offline-sites/sattvamassage/" "Mozilla/5.0 (Linux; Android 5.1; CP8676_I02 Build/LMY47D) AppleWebKit/537.36 (KHTML, like Gecko) Chrome/58.0.3029.83 Mobile Safari/537.36"
92.97.144.23 - - [04/Jul/2017:13:08:28 -0700] "GET /offline-sites/sattvamassage/wp-content/themes/betheme/assets/jplayer/css/jplayer.blue.monday.css?ver=16.3 HTTP/1.1" 200 2146 "http://www.evergreenwebdesign.com/offline-sites/sattvamassage/" "Mozilla/5.0 (Linux; Android 5.1; CP8676_I02 Build/LMY47D) AppleWebKit/537.36 (KHTML, like Gecko) Chrome/58.0.3029.83 Mobile Safari/537.36"
92.97.144.23 - - [04/Jul/2017:13:08:28 -0700] "GET /offline-sites/sattvamassage/wp-content/themes/betheme/css/layout.css?ver=16.3 HTTP/1.1" 200 19233 "http://www.evergreenwebdesign.com/offline-sites/sattvamassage/" "Mozilla/5.0 (Linux; Android 5.1; CP8676_I02 Build/LMY47D) AppleWebKit/537.36 (KHTML, like Gecko) Chrome/58.0.3029.83 Mobile Safari/537.36"
92.97.144.23 - - [04/Jul/2017:13:08:28 -0700] "GET /offline-sites/sattvamassage/wp-content/themes/betheme/css/shortcodes.css?ver=16.3 HTTP/1.1" 200 21914 "http://www.evergreenwebdesign.com/offline-sites/sattvamassage/" "Mozilla/5.0 (Linux; Android 5.1; CP8676_I02 Build/LMY47D) AppleWebKit/537.36 (KHTML, like Gecko) Chrome/58.0.3029.83 Mobile Safari/537.36"
92.97.144.23 - - [04/Jul/2017:13:08:28 -0700] "GET /offline-sites/sattvamassage/wp-content/themes/betheme/css/responsive.css?ver=16.3 HTTP/1.1" 200 9484 "http://www.evergreenwebdesign.com/offline-sites/sattvamassage/" "Mozilla/5.0 (Linux; Android 5.1; CP8676_I02 Build/LMY47D) AppleWebKit/537.36 (KHTML, like Gecko) Chrome/58.0.3029.83 Mobile Safari/537.36"
92.97.144.23 - - [04/Jul/2017:13:08:28 -0700] "GET /offline-sites/sattvamassage/wp-content/themes/betheme-child/style.css?ver=16.3 HTTP/1.1" 200 3728 "http://www.evergreenwebdesign.com/offline-sites/sattvamassage/" "Mozilla/5.0 (Linux; Android 5.1; CP8676_I02 Build/LMY47D) AppleWebKit/537.36 (KHTML, like Gecko) Chrome/58.0.3029.83 Mobile Safari/537.36"
92.97.144.23 - - [04/Jul/2017:13:08:28 -0700] "GET /offline-sites/sattvamassage/wp-content/themes/betheme-child/ewd-custom.css?1499198907 HTTP/1.1" 200 348 "http://www.evergreenwebdesign.com/offline-sites/sattvamassage/" "Mozilla/5.0 (Linux; Android 5.1; CP8676_I02 Build/LMY47D) AppleWebKit/537.36 (KHTML, like Gecko) Chrome/58.0.3029.83 Mobile Safari/537.36"
92.97.144.23 - - [04/Jul/2017:13:08:28 -0700] "GET /offline-sites/sattvamassage/wp-includes/js/jquery/jquery.js?ver=1.12.4 HTTP/1.1" 200 33766 "http://www.evergreenwebdesign.com/offline-sites/sattvamassage/" "Mozilla/5.0 (Linux; Android 5.1; CP8676_I02 Build/LMY47D) AppleWebKit/537.36 (KHTML, like Gecko) Chrome/58.0.3029.83 Mobile Safari/537.36"
