104.196.217.246 - - [02/Jul/2017:22:33:34 -0700] "GET /offline-sites/sattvamassage/body-centered-therapy/ HTTP/1.0" 200 15579 "-" "ZoominfoBot (zoominfobot at zoominfo dot com)"
104.196.217.246 - - [02/Jul/2017:22:33:37 -0700] "GET /offline-sites/sattvamassage/?p=173 HTTP/1.0" 301 - "-" "ZoominfoBot (zoominfobot at zoominfo dot com)"
104.196.217.246 - - [02/Jul/2017:22:33:38 -0700] "GET /offline-sites/sattvamassage/structural-integration/ HTTP/1.0" 200 15634 "-" "ZoominfoBot (zoominfobot at zoominfo dot com)"
104.196.217.246 - - [02/Jul/2017:22:33:52 -0700] "GET /offline-sites/sattvamassage/hydrostone-therapy-hot-stone-therapy/feed/ HTTP/1.0" 200 445 "-" "ZoominfoBot (zoominfobot at zoominfo dot com)"
104.196.217.246 - - [02/Jul/2017:22:34:10 -0700] "GET /offline-sites/sattvamassage/?p=168 HTTP/1.0" 301 - "-" "ZoominfoBot (zoominfobot at zoominfo dot com)"
104.196.217.246 - - [02/Jul/2017:22:34:11 -0700] "GET /offline-sites/sattvamassage/seated-massage-chair-massage/ HTTP/1.0" 200 15705 "-" "ZoominfoBot (zoominfobot at zoominfo dot com)"
104.196.217.246 - - [02/Jul/2017:22:34:13 -0700] "GET /offline-sites/sattvamassage/?p=144 HTTP/1.0" 301 - "-" "ZoominfoBot (zoominfobot at zoominfo dot com)"
104.196.217.246 - - [02/Jul/2017:22:34:13 -0700] "GET /offline-sites/sattvamassage/relaxation-massage-swedish-massage/ HTTP/1.0" 200 15824 "-" "ZoominfoBot (zoominfobot at zoominfo dot com)"
104.196.217.246 - - [02/Jul/2017:22:34:14 -0700] "GET /offline-sites/sattvamassage/?p=171 HTTP/1.0" 301 - "-" "ZoominfoBot (zoominfobot at zoominfo dot com)"
104.196.217.246 - - [02/Jul/2017:22:34:14 -0700] "GET /offline-sites/sattvamassage/medical-massage/ HTTP/1.0" 200 15582 "-" "ZoominfoBot (zoominfobot at zoominfo dot com)"
104.196.217.246 - - [02/Jul/2017:22:34:20 -0700] "GET /offline-sites/sattvamassage/assisted-isolated-stretching-facilitated-stretching/feed/ HTTP/1.0" 200 456 "-" "ZoominfoBot (zoominfobot at zoominfo dot com)"
104.196.217.246 - - [02/Jul/2017:22:34:42 -0700] "GET /offline-sites/sattvamassage/integrative-massage-integrated-massage/feed/ HTTP/1.0" 200 440 "-" "ZoominfoBot (zoominfobot at zoominfo dot com)"
104.196.217.246 - - [02/Jul/2017:22:34:48 -0700] "GET /offline-sites/sattvamassage/?p=142 HTTP/1.0" 301 - "-" "ZoominfoBot (zoominfobot at zoominfo dot com)"
104.196.217.246 - - [02/Jul/2017:22:34:48 -0700] "GET /offline-sites/sattvamassage/reflexology-integrated-reflexology/ HTTP/1.0" 200 15979 "-" "ZoominfoBot (zoominfobot at zoominfo dot com)"
104.196.217.246 - - [02/Jul/2017:22:35:00 -0700] "GET /offline-sites/sattvamassage/reiki-usui-system/feed/ HTTP/1.0" 200 442 "-" "ZoominfoBot (zoominfobot at zoominfo dot com)"
104.196.217.246 - - [02/Jul/2017:22:35:04 -0700] "GET /offline-sites/sattvamassage/?p=165 HTTP/1.0" 301 - "-" "ZoominfoBot (zoominfobot at zoominfo dot com)"
104.196.217.246 - - [02/Jul/2017:22:35:05 -0700] "GET /offline-sites/sattvamassage/reiki-usui-system/ HTTP/1.0" 200 15896 "-" "ZoominfoBot (zoominfobot at zoominfo dot com)"
104.196.217.246 - - [02/Jul/2017:22:35:13 -0700] "GET /offline-sites/sattvamassage/sports-massage/feed/ HTTP/1.0" 200 425 "-" "ZoominfoBot (zoominfobot at zoominfo dot com)"
104.196.217.246 - - [02/Jul/2017:22:35:32 -0700] "GET /offline-sites/sattvamassage/body-centered-therapy/feed/ HTTP/1.0" 200 434 "-" "ZoominfoBot (zoominfobot at zoominfo dot com)"
104.196.217.246 - - [02/Jul/2017:22:35:38 -0700] "GET /offline-sites/sattvamassage/?p=163 HTTP/1.0" 301 - "-" "ZoominfoBot (zoominfobot at zoominfo dot com)"
104.196.217.246 - - [02/Jul/2017:22:35:38 -0700] "GET /offline-sites/sattvamassage/polarity-therapy/ HTTP/1.0" 200 15895 "-" "ZoominfoBot (zoominfobot at zoominfo dot com)"
104.196.217.246 - - [02/Jul/2017:22:35:40 -0700] "GET /offline-sites/sattvamassage/lymphatic-drainage-massage/feed/ HTTP/1.0" 200 438 "-" "ZoominfoBot (zoominfobot at zoominfo dot com)"
104.196.217.246 - - [02/Jul/2017:22:35:41 -0700] "GET /offline-sites/sattvamassage/orthopedic-assessment-and-massage/ HTTP/1.0" 200 15669 "-" "ZoominfoBot (zoominfobot at zoominfo dot com)"
104.196.217.246 - - [02/Jul/2017:22:35:44 -0700] "GET /offline-sites/sattvamassage/reflexology-integrated-reflexology/feed/ HTTP/1.0" 200 439 "-" "ZoominfoBot (zoominfobot at zoominfo dot com)"
104.196.217.246 - - [02/Jul/2017:22:35:46 -0700] "GET /offline-sites/sattvamassage/neuromuscular-therapy-including-trigger-point-therapy/ HTTP/1.0" 200 16431 "-" "ZoominfoBot (zoominfobot at zoominfo dot com)"
104.196.217.246 - - [02/Jul/2017:22:35:51 -0700] "GET /offline-sites/sattvamassage/?p=159 HTTP/1.0" 301 - "-" "ZoominfoBot (zoominfobot at zoominfo dot com)"
104.196.217.246 - - [02/Jul/2017:22:35:51 -0700] "GET /offline-sites/sattvamassage/esalen-styled-massage/ HTTP/1.0" 200 15741 "-" "ZoominfoBot (zoominfobot at zoominfo dot com)"
104.196.217.246 - - [02/Jul/2017:22:35:54 -0700] "GET /offline-sites/sattvamassage/relaxation-massage-swedish-massage/feed/ HTTP/1.0" 200 441 "-" "ZoominfoBot (zoominfobot at zoominfo dot com)"
104.196.217.246 - - [02/Jul/2017:22:36:00 -0700] "GET /offline-sites/sattvamassage/seated-massage-chair-massage/feed/ HTTP/1.0" 200 438 "-" "ZoominfoBot (zoominfobot at zoominfo dot com)"
104.196.217.246 - - [02/Jul/2017:22:36:10 -0700] "GET /offline-sites/sattvamassage/?p=134 HTTP/1.0" 301 - "-" "ZoominfoBot (zoominfobot at zoominfo dot com)"
104.196.217.246 - - [02/Jul/2017:22:36:11 -0700] "GET /offline-sites/sattvamassage/lymphatic-drainage-massage/ HTTP/1.0" 200 15513 "-" "ZoominfoBot (zoominfobot at zoominfo dot com)"
104.196.217.246 - - [02/Jul/2017:22:36:13 -0700] "GET /offline-sites/sattvamassage/?p=161 HTTP/1.0" 301 - "-" "ZoominfoBot (zoominfobot at zoominfo dot com)"
104.196.217.246 - - [02/Jul/2017:22:36:13 -0700] "GET /offline-sites/sattvamassage/integrative-massage-integrated-massage/ HTTP/1.0" 200 15581 "-" "ZoominfoBot (zoominfobot at zoominfo dot com)"
104.196.217.246 - - [02/Jul/2017:22:36:21 -0700] "GET /offline-sites/sattvamassage/clinical-massage/ HTTP/1.0" 200 15602 "-" "ZoominfoBot (zoominfobot at zoominfo dot com)"
104.196.217.246 - - [02/Jul/2017:22:36:23 -0700] "GET /offline-sites/sattvamassage/applied-kinesiology-touch-for-health/feed/ HTTP/1.0" 200 453 "-" "ZoominfoBot (zoominfobot at zoominfo dot com)"
104.196.217.246 - - [02/Jul/2017:22:36:33 -0700] "GET /offline-sites/sattvamassage/simply-dummy-text/ HTTP/1.0" 200 15635 "-" "ZoominfoBot (zoominfobot at zoominfo dot com)"
104.196.217.246 - - [02/Jul/2017:22:36:42 -0700] "GET /offline-sites/sattvamassage/polarity-therapy/feed/ HTTP/1.0" 200 428 "-" "ZoominfoBot (zoominfobot at zoominfo dot com)"
104.196.217.246 - - [02/Jul/2017:22:36:43 -0700] "GET /offline-sites/sattvamassage/?p=156 HTTP/1.0" 301 - "-" "ZoominfoBot (zoominfobot at zoominfo dot com)"
104.196.217.246 - - [02/Jul/2017:22:36:43 -0700] "GET /offline-sites/sattvamassage/applied-kinesiology-touch-for-health/ HTTP/1.0" 200 15937 "-" "ZoominfoBot (zoominfobot at zoominfo dot com)"
104.196.217.246 - - [02/Jul/2017:22:37:03 -0700] "GET /offline-sites/sattvamassage/?p=131 HTTP/1.0" 301 - "-" "ZoominfoBot (zoominfobot at zoominfo dot com)"
104.196.217.246 - - [02/Jul/2017:22:37:03 -0700] "GET /offline-sites/sattvamassage/hydrostone-therapy-hot-stone-therapy/ HTTP/1.0" 200 15511 "-" "ZoominfoBot (zoominfobot at zoominfo dot com)"
104.196.217.246 - - [02/Jul/2017:22:37:08 -0700] "GET /offline-sites/sattvamassage/cranial-sacral-massage-craniosacral-therapy/feed/ HTTP/1.0" 200 453 "-" "ZoominfoBot (zoominfobot at zoominfo dot com)"
104.196.217.246 - - [02/Jul/2017:22:37:09 -0700] "GET /offline-sites/sattvamassage/deep-tissue-massage/ HTTP/1.0" 200 15751 "-" "ZoominfoBot (zoominfobot at zoominfo dot com)"
96.47.226.19 - - [02/Jul/2017:22:40:10 -0700] "HEAD / HTTP/1.1" 200 - "http://uptime-gamma.net/evergreenwebdesign.com" "Mozilla/5.0 (compatible; Uptimebot/1.0; +http://www.uptime.com/uptimebot)"
207.241.229.236 - - [02/Jul/2017:22:56:06 -0700] "GET /robots.txt HTTP/1.0" 200 56 "-" "Mozilla/5.0 (compatible; special_archiver/3.1.1 +http://www.archive.org/details/archive.org_bot)"
207.241.229.236 - - [02/Jul/2017:22:56:09 -0700] "GET /_images/colt-green-website.jpg HTTP/1.0" 200 19519 "http://evergreenwebdesign.com/" "Mozilla/5.0 (compatible; special_archiver/3.1.1 +http://www.archive.org/details/archive.org_bot)"
207.241.231.171 - - [02/Jul/2017:23:03:07 -0700] "GET /robots.txt HTTP/1.0" 200 56 "-" "Mozilla/5.0 (compatible; special_archiver/3.1.1 +http://www.archive.org/details/archive.org_bot)"
207.241.231.171 - - [02/Jul/2017:23:03:10 -0700] "GET /_images/sattva-massage-website.jpg HTTP/1.0" 200 21519 "http://evergreenwebdesign.com/" "Mozilla/5.0 (compatible; special_archiver/3.1.1 +http://www.archive.org/details/archive.org_bot)"
207.241.229.236 - - [02/Jul/2017:23:05:24 -0700] "GET /_images/evergreen-signs-website.jpg HTTP/1.0" 200 25469 "http://evergreenwebdesign.com/" "Mozilla/5.0 (compatible; special_archiver/3.1.1 +http://www.archive.org/details/archive.org_bot)"
207.241.231.171 - - [02/Jul/2017:23:09:40 -0700] "GET /_scripts/gen_validatorv31.js HTTP/1.0" 200 10290 "http://evergreenwebdesign.com/" "Mozilla/5.0 (compatible; special_archiver/3.1.1 +http://www.archive.org/details/archive.org_bot)"
207.241.229.33 - - [02/Jul/2017:23:11:13 -0700] "GET /robots.txt HTTP/1.0" 200 56 "-" "Mozilla/5.0 (compatible; special_archiver/3.1.1 +http://www.archive.org/details/archive.org_bot)"
207.241.229.33 - - [02/Jul/2017:23:11:16 -0700] "GET /_scripts/jquery.backstretch.min.js HTTP/1.0" 200 4233 "http://evergreenwebdesign.com/" "Mozilla/5.0 (compatible; special_archiver/3.1.1 +http://www.archive.org/details/archive.org_bot)"
109.92.41.10 - - [02/Jul/2017:23:12:30 -0700] "GET /wp-login.php HTTP/1.1" 404 - "-" "Mozilla/5.0 (Windows NT 6.1; WOW64; rv:40.0) Gecko/20100101 Firefox/40.1"
109.92.41.10 - - [02/Jul/2017:23:12:30 -0700] "GET / HTTP/1.1" 200 30603 "-" "Mozilla/5.0 (Windows NT 6.1; WOW64; rv:40.0) Gecko/20100101 Firefox/40.1"
207.241.229.33 - - [02/Jul/2017:23:14:07 -0700] "GET /_images/Rob-Means-Accounting.jpg HTTP/1.0" 200 39761 "http://evergreenwebdesign.com/" "Mozilla/5.0 (compatible; special_archiver/3.1.1 +http://www.archive.org/details/archive.org_bot)"
216.244.66.198 - - [02/Jul/2017:23:14:50 -0700] "GET /offline-sites/satillainc HTTP/1.1" 301 267 "-" "Mozilla/5.0 (compatible; DotBot/1.1; http://www.opensiteexplorer.org/dotbot, help@moz.com)"
207.241.229.236 - - [02/Jul/2017:23:16:32 -0700] "GET /style.css?1493052041 HTTP/1.0" 200 68995 "http://evergreenwebdesign.com/" "Mozilla/5.0 (compatible; special_archiver/3.1.1 +http://www.archive.org/details/archive.org_bot)"
207.241.231.171 - - [02/Jul/2017:23:23:16 -0700] "GET /_images/evergreenchamber-logo.jpg HTTP/1.0" 200 11539 "http://evergreenwebdesign.com/" "Mozilla/5.0 (compatible; special_archiver/3.1.1 +http://www.archive.org/details/archive.org_bot)"
207.241.229.33 - - [02/Jul/2017:23:25:26 -0700] "GET /_images/dont-panic.png HTTP/1.0" 200 165754 "http://evergreenwebdesign.com/" "Mozilla/5.0 (compatible; special_archiver/3.1.1 +http://www.archive.org/details/archive.org_bot)"
207.241.231.170 - - [02/Jul/2017:23:34:46 -0700] "GET /robots.txt HTTP/1.0" 200 56 "-" "Mozilla/5.0 (compatible; special_archiver/3.1.1 +http://www.archive.org/details/archive.org_bot)"
207.241.231.170 - - [02/Jul/2017:23:34:49 -0700] "GET /_images/Evergreen-Web-Design-nav-logo.png HTTP/1.0" 200 12843 "http://evergreenwebdesign.com/" "Mozilla/5.0 (compatible; special_archiver/3.1.1 +http://www.archive.org/details/archive.org_bot)"
207.241.229.32 - - [02/Jul/2017:23:37:39 -0700] "GET /robots.txt HTTP/1.0" 200 56 "-" "Mozilla/5.0 (compatible; special_archiver/3.1.1 +http://www.archive.org/details/archive.org_bot)"
207.241.229.32 - - [02/Jul/2017:23:37:42 -0700] "GET /_images/favicon.ico HTTP/1.0" 200 1150 "http://evergreenwebdesign.com/" "Mozilla/5.0 (compatible; special_archiver/3.1.1 +http://www.archive.org/details/archive.org_bot)"
207.241.231.170 - - [02/Jul/2017:23:40:52 -0700] "GET /_scripts/fg_moveable_popup-breakpoint.js HTTP/1.0" 200 348 "http://evergreenwebdesign.com/" "Mozilla/5.0 (compatible; special_archiver/3.1.1 +http://www.archive.org/details/archive.org_bot)"
109.104.165.57 - - [02/Jul/2017:23:44:17 -0700] "GET / HTTP/1.0" 200 30603 "http://evergreenwebdesign.com/" "Mozilla/5.0 (compatible; MSIE 9.0; Windows NT 6.1; Trident/5.0; Trident/5.0)"
109.104.165.57 - - [02/Jul/2017:23:44:18 -0700] "POST /javascript:fg_submit_form%28%29 HTTP/1.0" 404 - "http://evergreenwebdesign.com/" "Mozilla/5.0 (compatible; MSIE 9.0; Windows NT 6.1; Trident/5.0; Trident/5.0)"
207.241.229.33 - - [02/Jul/2017:23:51:26 -0700] "GET /_scripts/modernizr.js?1493052041 HTTP/1.0" 200 13770 "http://evergreenwebdesign.com/" "Mozilla/5.0 (compatible; special_archiver/3.1.1 +http://www.archive.org/details/archive.org_bot)"
207.241.229.33 - - [02/Jul/2017:23:52:33 -0700] "GET /_scripts/fg_form_submitter.js HTTP/1.0" 200 1083 "http://evergreenwebdesign.com/" "Mozilla/5.0 (compatible; special_archiver/3.1.1 +http://www.archive.org/details/archive.org_bot)"
207.241.229.236 - - [02/Jul/2017:23:59:31 -0700] "GET /_images/Bobby-Means-Designer.jpg HTTP/1.0" 200 43090 "http://evergreenwebdesign.com/" "Mozilla/5.0 (compatible; special_archiver/3.1.1 +http://www.archive.org/details/archive.org_bot)"
207.241.229.236 - - [03/Jul/2017:00:00:12 -0700] "GET /_images/fhl-website.jpg HTTP/1.0" 200 16206 "http://evergreenwebdesign.com/" "Mozilla/5.0 (compatible; special_archiver/3.1.1 +http://www.archive.org/details/archive.org_bot)"
207.241.231.171 - - [03/Jul/2017:00:07:14 -0700] "GET /_images/wildflower-website.jpg HTTP/1.0" 200 24982 "http://evergreenwebdesign.com/" "Mozilla/5.0 (compatible; special_archiver/3.1.1 +http://www.archive.org/details/archive.org_bot)"
216.244.66.198 - - [03/Jul/2017:00:07:50 -0700] "GET /offline-sites/colt-green/industrial.php HTTP/1.1" 200 3735 "-" "Mozilla/5.0 (compatible; DotBot/1.1; http://www.opensiteexplorer.org/dotbot, help@moz.com)"
12.151.244.131 - - [03/Jul/2017:00:10:46 -0700] "GET / HTTP/1.0" 200 30603 "http://evergreenwebdesign.com/" "Mozilla/5.0 (Windows NT 6.2; WOW64) AppleWebKit/537.36 (KHTML, like Gecko) Chrome/56.0.2924.87 YaBrowser/17.3.1.840 Yowser/2.5 Safari/537.36"
12.151.244.131 - - [03/Jul/2017:00:10:47 -0700] "POST /javascript:fg_submit_form%28%29 HTTP/1.0" 404 - "http://evergreenwebdesign.com/" "Mozilla/5.0 (Windows NT 6.2; WOW64) AppleWebKit/537.36 (KHTML, like Gecko) Chrome/56.0.2924.87 YaBrowser/17.3.1.840 Yowser/2.5 Safari/537.36"
207.241.231.171 - - [03/Jul/2017:00:11:03 -0700] "GET /_images/facebook-icon.jpg HTTP/1.0" 200 3153 "http://evergreenwebdesign.com/" "Mozilla/5.0 (compatible; special_archiver/3.1.1 +http://www.archive.org/details/archive.org_bot)"
207.241.229.33 - - [03/Jul/2017:00:11:41 -0700] "GET /_images/foster-family-dental-website.jpg HTTP/1.0" 200 10421 "http://evergreenwebdesign.com/" "Mozilla/5.0 (compatible; special_archiver/3.1.1 +http://www.archive.org/details/archive.org_bot)"
148.251.226.74 - - [03/Jul/2017:00:24:09 -0700] "GET /offline-sites/sattvamassage/feed/ HTTP/1.1" 200 4592 "-" "AwarioRssBot/1.0 (+https://awario.com/bots.html; bots@awario.com)"
107.180.50.187 - - [03/Jul/2017:00:24:09 -0700] "POST /offline-sites/sattvamassage/wp-cron.php?doing_wp_cron=1499066649.8734679222106933593750 HTTP/1.1" 200 - "http://www.evergreenwebdesign.com/offline-sites/sattvamassage/wp-cron.php?doing_wp_cron=1499066649.8734679222106933593750" "WordPress/4.7.5; http://www.evergreenwebdesign.com/offline-sites/sattvamassage"
207.241.231.170 - - [03/Jul/2017:00:27:19 -0700] "GET /_images/acts-church-website.jpg HTTP/1.0" 200 16479 "http://evergreenwebdesign.com/" "Mozilla/5.0 (compatible; special_archiver/3.1.1 +http://www.archive.org/details/archive.org_bot)"
207.241.229.33 - - [03/Jul/2017:00:30:29 -0700] "GET /_images/evergreen-tap-house-website.jpg HTTP/1.0" 200 27734 "http://evergreenwebdesign.com/" "Mozilla/5.0 (compatible; special_archiver/3.1.1 +http://www.archive.org/details/archive.org_bot)"
207.241.229.236 - - [03/Jul/2017:00:32:15 -0700] "GET /_images/twitter-icon.jpg HTTP/1.0" 200 4332 "http://evergreenwebdesign.com/" "Mozilla/5.0 (compatible; special_archiver/3.1.1 +http://www.archive.org/details/archive.org_bot)"
207.241.229.236 - - [03/Jul/2017:00:32:40 -0700] "GET /_images/evergreen-wilderness-guides-website.jpg HTTP/1.0" 200 28285 "http://evergreenwebdesign.com/" "Mozilla/5.0 (compatible; special_archiver/3.1.1 +http://www.archive.org/details/archive.org_bot)"
207.241.229.32 - - [03/Jul/2017:00:34:37 -0700] "GET /_images/Robert-Means-Developer.png HTTP/1.0" 200 96776 "http://evergreenwebdesign.com/" "Mozilla/5.0 (compatible; special_archiver/3.1.1 +http://www.archive.org/details/archive.org_bot)"
207.241.229.33 - - [03/Jul/2017:00:38:39 -0700] "GET /_images/rookiesevergreen-website.jpg HTTP/1.0" 200 14562 "http://evergreenwebdesign.com/" "Mozilla/5.0 (compatible; special_archiver/3.1.1 +http://www.archive.org/details/archive.org_bot)"
50.112.183.210 - - [03/Jul/2017:00:40:58 -0700] "HEAD / HTTP/1.1" 200 - "-" "Mozilla/5.0 (Macintosh; Intel Mac OS X 10_10_5) AppleWebKit/537.36 (KHTML, like Gecko) Chrome/48.0.2564.103 Safari/537.36"
207.241.231.170 - - [03/Jul/2017:00:46:22 -0700] "GET /robots.txt HTTP/1.0" 200 56 "-" "Mozilla/5.0 (compatible; special_archiver/3.1.1 +http://www.archive.org/details/archive.org_bot)"
207.241.231.170 - - [03/Jul/2017:00:46:25 -0700] "GET /_images/thumbnails/EWD-thumb-01.png HTTP/1.0" 200 167359 "http://evergreenwebdesign.com/" "Mozilla/5.0 (compatible; special_archiver/3.1.1 +http://www.archive.org/details/archive.org_bot)"
207.241.231.171 - - [03/Jul/2017:00:47:34 -0700] "GET /_scripts/fg_ajax.js HTTP/1.0" 200 2214 "http://evergreenwebdesign.com/" "Mozilla/5.0 (compatible; special_archiver/3.1.1 +http://www.archive.org/details/archive.org_bot)"
207.241.229.33 - - [03/Jul/2017:00:51:09 -0700] "GET /_images/theburn2012-website.jpg HTTP/1.0" 200 16670 "http://evergreenwebdesign.com/" "Mozilla/5.0 (compatible; special_archiver/3.1.1 +http://www.archive.org/details/archive.org_bot)"
104.196.183.13 - - [03/Jul/2017:00:51:44 -0700] "GET /robots.txt HTTP/1.0" 200 56 "-" "ZoominfoBot (zoominfobot at zoominfo dot com)"
104.196.183.13 - - [03/Jul/2017:00:51:44 -0700] "GET /offline-sites/sattvamassage/orthopedic-assessment-and-massage/feed/ HTTP/1.0" 200 442 "-" "ZoominfoBot (zoominfobot at zoominfo dot com)"
104.196.183.13 - - [03/Jul/2017:00:51:45 -0700] "GET /offline-sites/sattvamassage/clinical-massage/feed/ HTTP/1.0" 200 426 "-" "ZoominfoBot (zoominfobot at zoominfo dot com)"
104.196.183.13 - - [03/Jul/2017:00:51:47 -0700] "GET /offline-sites/sattvamassage/neuromuscular-therapy-including-trigger-point-therapy/feed/ HTTP/1.0" 200 463 "-" "ZoominfoBot (zoominfobot at zoominfo dot com)"
104.196.183.13 - - [03/Jul/2017:00:52:12 -0700] "GET /offline-sites/sattvamassage/?p=122 HTTP/1.0" 301 - "-" "ZoominfoBot (zoominfobot at zoominfo dot com)"
104.196.183.13 - - [03/Jul/2017:00:52:13 -0700] "GET /offline-sites/sattvamassage/clinical-massage/ HTTP/1.0" 200 15602 "-" "ZoominfoBot (zoominfobot at zoominfo dot com)"
104.196.183.13 - - [03/Jul/2017:00:52:29 -0700] "GET /offline-sites/sattvamassage/?p=93 HTTP/1.0" 301 - "-" "ZoominfoBot (zoominfobot at zoominfo dot com)"
104.196.183.13 - - [03/Jul/2017:00:52:30 -0700] "GET /offline-sites/sattvamassage/simply-dummy-text/ HTTP/1.0" 200 15635 "-" "ZoominfoBot (zoominfobot at zoominfo dot com)"
104.196.183.13 - - [03/Jul/2017:00:53:26 -0700] "GET /offline-sites/sattvamassage/deep-tissue-massage/feed/ HTTP/1.0" 200 431 "-" "ZoominfoBot (zoominfobot at zoominfo dot com)"
104.196.183.13 - - [03/Jul/2017:00:53:39 -0700] "GET /offline-sites/sattvamassage/massage/ HTTP/1.0" 200 15671 "-" "ZoominfoBot (zoominfobot at zoominfo dot com)"
104.196.183.13 - - [03/Jul/2017:00:53:40 -0700] "GET /offline-sites/sattvamassage/?p=137 HTTP/1.0" 301 - "-" "ZoominfoBot (zoominfobot at zoominfo dot com)"
104.196.183.13 - - [03/Jul/2017:00:53:41 -0700] "GET /offline-sites/sattvamassage/neuromuscular-therapy-including-trigger-point-therapy/ HTTP/1.0" 200 16431 "-" "ZoominfoBot (zoominfobot at zoominfo dot com)"
104.196.183.13 - - [03/Jul/2017:00:53:43 -0700] "GET /offline-sites/sattvamassage/?p=140 HTTP/1.0" 301 - "-" "ZoominfoBot (zoominfobot at zoominfo dot com)"
104.196.183.13 - - [03/Jul/2017:00:53:44 -0700] "GET /offline-sites/sattvamassage/orthopedic-assessment-and-massage/ HTTP/1.0" 200 15669 "-" "ZoominfoBot (zoominfobot at zoominfo dot com)"
207.241.231.170 - - [03/Jul/2017:00:53:48 -0700] "GET /_images/mbeachlegal-website.jpg HTTP/1.0" 200 14419 "http://evergreenwebdesign.com/" "Mozilla/5.0 (compatible; special_archiver/3.1.1 +http://www.archive.org/details/archive.org_bot)"
104.196.183.13 - - [03/Jul/2017:00:54:38 -0700] "GET /offline-sites/sattvamassage/simply-dummy-text/feed/ HTTP/1.0" 200 431 "-" "ZoominfoBot (zoominfobot at zoominfo dot com)"
207.241.231.170 - - [03/Jul/2017:00:54:48 -0700] "GET /_images/google-plus-icon.jpg HTTP/1.0" 200 7080 "http://evergreenwebdesign.com/" "Mozilla/5.0 (compatible; special_archiver/3.1.1 +http://www.archive.org/details/archive.org_bot)"
104.196.183.13 - - [03/Jul/2017:00:55:08 -0700] "GET /offline-sites/sattvamassage/?p=128 HTTP/1.0" 301 - "-" "ZoominfoBot (zoominfobot at zoominfo dot com)"
104.196.183.13 - - [03/Jul/2017:00:55:09 -0700] "GET /offline-sites/sattvamassage/deep-tissue-massage/ HTTP/1.0" 200 15751 "-" "ZoominfoBot (zoominfobot at zoominfo dot com)"
207.241.229.33 - - [03/Jul/2017:00:59:25 -0700] "GET /_images/satilla-website.jpg HTTP/1.0" 200 14061 "http://evergreenwebdesign.com/" "Mozilla/5.0 (compatible; special_archiver/3.1.1 +http://www.archive.org/details/archive.org_bot)"
75.107.118.88 - - [03/Jul/2017:01:00:56 -0700] "GET /_images/Evergreen-Web-Design-Logo_bw.png HTTP/1.1" 200 49853 "https://www.google.com/" "Mozilla/5.0 (Linux; Android 7.0; SM-N920V Build/NRD90M; wv) AppleWebKit/537.36 (KHTML, like Gecko) Version/4.0 Chrome/59.0.3071.125 Mobile Safari/537.36 GSA/7.4.21.21.arm64"
207.241.229.33 - - [03/Jul/2017:01:03:49 -0700] "GET /_images/myscreenscene-website.jpg HTTP/1.0" 200 12627 "http://evergreenwebdesign.com/" "Mozilla/5.0 (compatible; special_archiver/3.1.1 +http://www.archive.org/details/archive.org_bot)"
75.107.118.88 - - [03/Jul/2017:01:06:53 -0700] "GET / HTTP/1.1" 200 9071 "android-app://com.google.android.googlequicksearchbox" "Mozilla/5.0 (Linux; Android 7.0; SM-N920V Build/NRD90M) AppleWebKit/537.36 (KHTML, like Gecko) Chrome/59.0.3071.125 Mobile Safari/537.36"
75.107.118.88 - - [03/Jul/2017:01:06:53 -0700] "GET /style.css?1499069213 HTTP/1.1" 200 14013 "http://www.evergreenwebdesign.com/" "Mozilla/5.0 (Linux; Android 7.0; SM-N920V Build/NRD90M) AppleWebKit/537.36 (KHTML, like Gecko) Chrome/59.0.3071.125 Mobile Safari/537.36"
75.107.118.88 - - [03/Jul/2017:01:06:53 -0700] "GET /_scripts/modernizr.js?1499069213 HTTP/1.1" 200 5779 "http://www.evergreenwebdesign.com/" "Mozilla/5.0 (Linux; Android 7.0; SM-N920V Build/NRD90M) AppleWebKit/537.36 (KHTML, like Gecko) Chrome/59.0.3071.125 Mobile Safari/537.36"
75.107.118.88 - - [03/Jul/2017:01:06:54 -0700] "GET /_scripts/gen_validatorv31.js HTTP/1.1" 200 2895 "http://www.evergreenwebdesign.com/" "Mozilla/5.0 (Linux; Android 7.0; SM-N920V Build/NRD90M) AppleWebKit/537.36 (KHTML, like Gecko) Chrome/59.0.3071.125 Mobile Safari/537.36"
75.107.118.88 - - [03/Jul/2017:01:06:55 -0700] "GET /_scripts/fg_ajax.js HTTP/1.1" 200 799 "http://www.evergreenwebdesign.com/" "Mozilla/5.0 (Linux; Android 7.0; SM-N920V Build/NRD90M) AppleWebKit/537.36 (KHTML, like Gecko) Chrome/59.0.3071.125 Mobile Safari/537.36"
75.107.118.88 - - [03/Jul/2017:01:06:55 -0700] "GET /_scripts/fg_moveable_popup-breakpoint.js HTTP/1.1" 200 193 "http://www.evergreenwebdesign.com/" "Mozilla/5.0 (Linux; Android 7.0; SM-N920V Build/NRD90M) AppleWebKit/537.36 (KHTML, like Gecko) Chrome/59.0.3071.125 Mobile Safari/537.36"
75.107.118.88 - - [03/Jul/2017:01:06:55 -0700] "GET /_scripts/scripts.js?1499069213 HTTP/1.1" 200 51570 "http://www.evergreenwebdesign.com/" "Mozilla/5.0 (Linux; Android 7.0; SM-N920V Build/NRD90M) AppleWebKit/537.36 (KHTML, like Gecko) Chrome/59.0.3071.125 Mobile Safari/537.36"
75.107.118.88 - - [03/Jul/2017:01:06:55 -0700] "GET /_scripts/fg_form_submitter.js HTTP/1.1" 200 442 "http://www.evergreenwebdesign.com/" "Mozilla/5.0 (Linux; Android 7.0; SM-N920V Build/NRD90M) AppleWebKit/537.36 (KHTML, like Gecko) Chrome/59.0.3071.125 Mobile Safari/537.36"
75.107.118.88 - - [03/Jul/2017:01:06:55 -0700] "GET /_scripts/jquery.backstretch.min.js HTTP/1.1" 200 1807 "http://www.evergreenwebdesign.com/" "Mozilla/5.0 (Linux; Android 7.0; SM-N920V Build/NRD90M) AppleWebKit/537.36 (KHTML, like Gecko) Chrome/59.0.3071.125 Mobile Safari/537.36"
75.107.118.88 - - [03/Jul/2017:01:06:55 -0700] "GET /fonts/fontawesome-webfont.woff2?v=4.3.0 HTTP/1.1" 200 56777 "http://www.evergreenwebdesign.com/style.css?1499069213" "Mozilla/5.0 (Linux; Android 7.0; SM-N920V Build/NRD90M) AppleWebKit/537.36 (KHTML, like Gecko) Chrome/59.0.3071.125 Mobile Safari/537.36"
75.107.118.88 - - [03/Jul/2017:01:06:56 -0700] "GET /_scripts/fg_moveable_popup-sm.js?%3C?php%20echo%20time();%20?%3E HTTP/1.1" 200 1403 "http://www.evergreenwebdesign.com/" "Mozilla/5.0 (Linux; Android 7.0; SM-N920V Build/NRD90M) AppleWebKit/537.36 (KHTML, like Gecko) Chrome/59.0.3071.125 Mobile Safari/537.36"
75.107.118.88 - - [03/Jul/2017:01:06:58 -0700] "GET / HTTP/1.1" 200 9071 "android-app://com.google.android.googlequicksearchbox" "Mozilla/5.0 (Linux; Android 7.0; SM-N920V Build/NRD90M) AppleWebKit/537.36 (KHTML, like Gecko) Chrome/59.0.3071.125 Mobile Safari/537.36"
75.107.118.88 - - [03/Jul/2017:01:06:58 -0700] "GET /_scripts/modernizr.js?1499069218 HTTP/1.1" 200 5779 "http://www.evergreenwebdesign.com/" "Mozilla/5.0 (Linux; Android 7.0; SM-N920V Build/NRD90M) AppleWebKit/537.36 (KHTML, like Gecko) Chrome/59.0.3071.125 Mobile Safari/537.36"
75.107.118.88 - - [03/Jul/2017:01:06:58 -0700] "GET /style.css?1499069218 HTTP/1.1" 200 14013 "http://www.evergreenwebdesign.com/" "Mozilla/5.0 (Linux; Android 7.0; SM-N920V Build/NRD90M) AppleWebKit/537.36 (KHTML, like Gecko) Chrome/59.0.3071.125 Mobile Safari/537.36"
75.107.118.88 - - [03/Jul/2017:01:06:59 -0700] "GET /_scripts/scripts.js?1499069218 HTTP/1.1" 200 51570 "http://www.evergreenwebdesign.com/" "Mozilla/5.0 (Linux; Android 7.0; SM-N920V Build/NRD90M) AppleWebKit/537.36 (KHTML, like Gecko) Chrome/59.0.3071.125 Mobile Safari/537.36"
75.107.118.88 - - [03/Jul/2017:01:07:00 -0700] "GET /_images/favicon.ico HTTP/1.1" 200 499 "http://www.evergreenwebdesign.com/" "Mozilla/5.0 (Linux; Android 7.0; SM-N920V Build/NRD90M) AppleWebKit/537.36 (KHTML, like Gecko) Chrome/59.0.3071.125 Mobile Safari/537.36"
207.241.229.32 - - [03/Jul/2017:01:08:15 -0700] "GET /_images/Evergreen-Web-Design-Logo_bw.png HTTP/1.0" 200 49853 "http://evergreenwebdesign.com/" "Mozilla/5.0 (compatible; special_archiver/3.1.1 +http://www.archive.org/details/archive.org_bot)"
207.241.229.236 - - [03/Jul/2017:01:09:11 -0700] "GET /_images/bennmediation-website.jpg HTTP/1.0" 200 11060 "http://evergreenwebdesign.com/" "Mozilla/5.0 (compatible; special_archiver/3.1.1 +http://www.archive.org/details/archive.org_bot)"
207.241.229.236 - - [03/Jul/2017:01:12:57 -0700] "GET /_scripts/scripts.js?1493052042 HTTP/1.0" 200 163138 "http://evergreenwebdesign.com/" "Mozilla/5.0 (compatible; special_archiver/3.1.1 +http://www.archive.org/details/archive.org_bot)"
207.241.229.32 - - [03/Jul/2017:01:16:01 -0700] "GET /_images/Bob-Means-Sales.jpg HTTP/1.0" 200 35736 "http://evergreenwebdesign.com/" "Mozilla/5.0 (compatible; special_archiver/3.1.1 +http://www.archive.org/details/archive.org_bot)"
207.241.229.236 - - [03/Jul/2017:01:21:56 -0700] "GET /robots.txt HTTP/1.0" 200 56 "-" "Mozilla/5.0 (compatible; archive.org_bot +http://www.archive.org/details/archive.org_bot)"
207.241.229.236 - - [03/Jul/2017:01:22:00 -0700] "GET /offline-sites/theburn2012 HTTP/1.0" 301 268 "http://evergreenwebdesign.com/" "Mozilla/5.0 (compatible; archive.org_bot +http://www.archive.org/details/archive.org_bot)"
157.55.39.17 - - [03/Jul/2017:01:24:27 -0700] "GET /offline-sites/acts/images/oneKcoffee.jpg HTTP/1.1" 200 7678 "-" "Mozilla/5.0 (compatible; bingbot/2.0; +http://www.bing.com/bingbot.htm)"
207.241.231.170 - - [03/Jul/2017:01:24:38 -0700] "GET /favicon.ico HTTP/1.0" 404 - "http://evergreenwebdesign.com/robots.txt" "Mozilla/5.0 (compatible; archive.org_bot +http://www.archive.org/details/archive.org_bot)"
216.244.66.250 - - [03/Jul/2017:01:26:50 -0700] "GET /robots.txt HTTP/1.1" 200 56 "-" "Mozilla/5.0 (compatible; DotBot/1.1; http://www.opensiteexplorer.org/dotbot, help@moz.com)"
66.249.79.85 - - [03/Jul/2017:01:33:52 -0700] "GET /offline-sites/colt-green/_css/styles.css?1478399554 HTTP/1.1" 200 2959 "http://www.evergreenwebdesign.com/offline-sites/colt-green/contact.php" "Mozilla/5.0 (compatible; Googlebot/2.1; +http://www.google.com/bot.html)"
66.249.79.85 - - [03/Jul/2017:01:33:53 -0700] "GET /offline-sites/colt-green/_css/styles.css?1478399554 HTTP/1.1" 200 2959 "http://www.evergreenwebdesign.com/offline-sites/colt-green/contact.php" "Mozilla/5.0 (Linux; Android 6.0.1; Nexus 5X Build/MMB29P) AppleWebKit/537.36 (KHTML, like Gecko) Chrome/41.0.2272.96 Mobile Safari/537.36 (compatible; Googlebot/2.1; +http://www.google.com/bot.html)"
207.241.231.170 - - [03/Jul/2017:01:43:04 -0700] "GET /offline-sites/satillainc HTTP/1.0" 301 267 "http://evergreenwebdesign.com/" "Mozilla/5.0 (compatible; archive.org_bot +http://www.archive.org/details/archive.org_bot)"
207.46.13.181 - - [03/Jul/2017:01:51:02 -0700] "GET /offline-sites/acts/images/stretchRight.gif HTTP/1.1" 200 84 "-" "Mozilla/5.0 (compatible; bingbot/2.0; +http://www.bing.com/bingbot.htm)"
216.244.66.250 - - [03/Jul/2017:01:57:16 -0700] "GET /offline-sites/theburn2012/contact.htm HTTP/1.1" 200 19080 "-" "Mozilla/5.0 (compatible; DotBot/1.1; http://www.opensiteexplorer.org/dotbot, help@moz.com)"
164.132.161.37 - - [03/Jul/2017:01:59:55 -0700] "GET /offline-sites/acts HTTP/1.1" 301 261 "-" "Mozilla/5.0 (compatible; AhrefsBot/5.2; +http://ahrefs.com/robot/)"
207.241.229.32 - - [03/Jul/2017:02:04:16 -0700] "GET /robots.txt HTTP/1.0" 200 56 "-" "Mozilla/5.0 (compatible; archive.org_bot +http://www.archive.org/details/archive.org_bot)"
207.241.229.32 - - [03/Jul/2017:02:04:19 -0700] "GET /offline-sites/bennmediation HTTP/1.0" 301 270 "http://evergreenwebdesign.com/" "Mozilla/5.0 (compatible; archive.org_bot +http://www.archive.org/details/archive.org_bot)"
157.55.39.15 - - [03/Jul/2017:02:07:16 -0700] "GET /robots.txt HTTP/1.1" 200 56 "-" "Mozilla/5.0 (compatible; bingbot/2.0; +http://www.bing.com/bingbot.htm)"
207.46.13.181 - - [03/Jul/2017:02:07:19 -0700] "GET /_images/colt-green-website.jpg HTTP/1.1" 200 19519 "-" "Mozilla/5.0 (compatible; bingbot/2.0; +http://www.bing.com/bingbot.htm)"
216.244.66.198 - - [03/Jul/2017:02:10:02 -0700] "GET /offline-sites/colt-green/industrial.php HTTP/1.1" 200 3735 "-" "Mozilla/5.0 (compatible; DotBot/1.1; http://www.opensiteexplorer.org/dotbot, help@moz.com)"
207.241.229.32 - - [03/Jul/2017:02:21:17 -0700] "GET /offline-sites/fhl HTTP/1.0" 301 260 "http://evergreenwebdesign.com/" "Mozilla/5.0 (compatible; archive.org_bot +http://www.archive.org/details/archive.org_bot)"
107.180.50.187 - - [03/Jul/2017:02:24:12 -0700] "POST /offline-sites/sattvamassage/wp-cron.php?doing_wp_cron=1499073851.9999649524688720703125 HTTP/1.1" 200 - "http://www.evergreenwebdesign.com/offline-sites/sattvamassage/wp-cron.php?doing_wp_cron=1499073851.9999649524688720703125" "WordPress/4.7.5; http://www.evergreenwebdesign.com/offline-sites/sattvamassage"
148.251.226.74 - - [03/Jul/2017:02:24:11 -0700] "GET /offline-sites/sattvamassage/feed/ HTTP/1.1" 200 4592 "-" "AwarioRssBot/1.0 (+https://awario.com/bots.html; bots@awario.com)"
207.241.231.171 - - [03/Jul/2017:02:36:44 -0700] "GET /robots.txt HTTP/1.0" 200 56 "-" "Mozilla/5.0 (compatible; archive.org_bot +http://www.archive.org/details/archive.org_bot)"
207.241.231.171 - - [03/Jul/2017:02:36:47 -0700] "GET /offline-sites/sattvamassage HTTP/1.0" 301 270 "http://evergreenwebdesign.com/" "Mozilla/5.0 (compatible; archive.org_bot +http://www.archive.org/details/archive.org_bot)"
207.46.13.139 - - [03/Jul/2017:02:58:53 -0700] "GET / HTTP/1.1" 200 9075 "-" "Mozilla/5.0 (compatible; bingbot/2.0; +http://www.bing.com/bingbot.htm)"
207.241.229.32 - - [03/Jul/2017:03:11:52 -0700] "GET /offline-sites/colt-green HTTP/1.0" 301 267 "http://evergreenwebdesign.com/" "Mozilla/5.0 (compatible; archive.org_bot +http://www.archive.org/details/archive.org_bot)"
207.241.229.236 - - [03/Jul/2017:03:15:43 -0700] "GET /offline-sites/acts HTTP/1.0" 301 261 "http://evergreenwebdesign.com/" "Mozilla/5.0 (compatible; archive.org_bot +http://www.archive.org/details/archive.org_bot)"
104.196.59.73 - - [03/Jul/2017:03:28:03 -0700] "GET /robots.txt HTTP/1.0" 200 56 "-" "ZoominfoBot (zoominfobot at zoominfo dot com)"
104.196.59.73 - - [03/Jul/2017:03:28:03 -0700] "GET /offline-sites/sattvamassage/?p=91 HTTP/1.0" 301 - "-" "ZoominfoBot (zoominfobot at zoominfo dot com)"
104.196.59.73 - - [03/Jul/2017:03:28:04 -0700] "GET /offline-sites/sattvamassage/massage/ HTTP/1.0" 200 15670 "-" "ZoominfoBot (zoominfobot at zoominfo dot com)"
104.196.59.73 - - [03/Jul/2017:03:28:27 -0700] "GET /offline-sites/sattvamassage/lorem-ipsum-is-simply-dummy/ HTTP/1.0" 200 15585 "-" "ZoominfoBot (zoominfobot at zoominfo dot com)"
104.196.59.73 - - [03/Jul/2017:03:28:35 -0700] "GET /offline-sites/sattvamassage/massage/feed/ HTTP/1.0" 200 417 "-" "ZoominfoBot (zoominfobot at zoominfo dot com)"
216.244.66.250 - - [03/Jul/2017:04:06:03 -0700] "GET /robots.txt HTTP/1.1" 200 56 "-" "Mozilla/5.0 (compatible; DotBot/1.1; http://www.opensiteexplorer.org/dotbot, help@moz.com)"
66.249.79.89 - - [03/Jul/2017:04:10:47 -0700] "GET / HTTP/1.1" 200 9067 "-" "Mozilla/5.0 AppleWebKit/537.36 (KHTML, like Gecko; Google Web Preview Analytics) Chrome/41.0.2272.118 Safari/537.36 (compatible; Googlebot/2.1; +http://www.google.com/bot.html)"
66.249.79.85 - - [03/Jul/2017:04:10:57 -0700] "GET /style.css?1499080247 HTTP/1.1" 200 14013 "http://www.evergreenwebdesign.com/" "Mozilla/5.0 AppleWebKit/537.36 (KHTML, like Gecko; Google Web Preview Analytics) Chrome/41.0.2272.118 Safari/537.36 (compatible; Googlebot/2.1; +http://www.google.com/bot.html)"
66.249.79.87 - - [03/Jul/2017:04:11:03 -0700] "GET /_scripts/modernizr.js?1499080247 HTTP/1.1" 200 5779 "http://www.evergreenwebdesign.com/" "Mozilla/5.0 AppleWebKit/537.36 (KHTML, like Gecko; Google Web Preview Analytics) Chrome/41.0.2272.118 Safari/537.36 (compatible; Googlebot/2.1; +http://www.google.com/bot.html)"
66.249.79.89 - - [03/Jul/2017:04:11:04 -0700] "GET /_scripts/gen_validatorv31.js HTTP/1.1" 200 2895 "http://www.evergreenwebdesign.com/" "Mozilla/5.0 AppleWebKit/537.36 (KHTML, like Gecko; Google Web Preview Analytics) Chrome/41.0.2272.118 Safari/537.36 (compatible; Googlebot/2.1; +http://www.google.com/bot.html)"
66.249.79.87 - - [03/Jul/2017:04:11:05 -0700] "GET /_scripts/fg_ajax.js HTTP/1.1" 200 799 "http://www.evergreenwebdesign.com/" "Mozilla/5.0 AppleWebKit/537.36 (KHTML, like Gecko; Google Web Preview Analytics) Chrome/41.0.2272.118 Safari/537.36 (compatible; Googlebot/2.1; +http://www.google.com/bot.html)"
66.249.79.89 - - [03/Jul/2017:04:11:05 -0700] "GET /_scripts/scripts.js?1499080247 HTTP/1.1" 200 51570 "http://www.evergreenwebdesign.com/" "Mozilla/5.0 AppleWebKit/537.36 (KHTML, like Gecko; Google Web Preview Analytics) Chrome/41.0.2272.118 Safari/537.36 (compatible; Googlebot/2.1; +http://www.google.com/bot.html)"
66.249.79.85 - - [03/Jul/2017:04:11:06 -0700] "GET /_scripts/fg_moveable_popup-breakpoint.js HTTP/1.1" 200 193 "http://www.evergreenwebdesign.com/" "Mozilla/5.0 AppleWebKit/537.36 (KHTML, like Gecko; Google Web Preview Analytics) Chrome/41.0.2272.118 Safari/537.36 (compatible; Googlebot/2.1; +http://www.google.com/bot.html)"
66.249.79.85 - - [03/Jul/2017:04:11:07 -0700] "GET /_scripts/fg_form_submitter.js HTTP/1.1" 200 442 "http://www.evergreenwebdesign.com/" "Mozilla/5.0 AppleWebKit/537.36 (KHTML, like Gecko; Google Web Preview Analytics) Chrome/41.0.2272.118 Safari/537.36 (compatible; Googlebot/2.1; +http://www.google.com/bot.html)"
66.249.79.87 - - [03/Jul/2017:04:11:08 -0700] "GET /_scripts/jquery.backstretch.min.js HTTP/1.1" 200 1807 "http://www.evergreenwebdesign.com/" "Mozilla/5.0 AppleWebKit/537.36 (KHTML, like Gecko; Google Web Preview Analytics) Chrome/41.0.2272.118 Safari/537.36 (compatible; Googlebot/2.1; +http://www.google.com/bot.html)"
66.249.79.87 - - [03/Jul/2017:04:11:09 -0700] "GET /_scripts/fg_moveable_popup.js?%3C?php%20echo%20time();%20?%3E HTTP/1.1" 200 1403 "http://www.evergreenwebdesign.com/" "Mozilla/5.0 AppleWebKit/537.36 (KHTML, like Gecko; Google Web Preview Analytics) Chrome/41.0.2272.118 Safari/537.36 (compatible; Googlebot/2.1; +http://www.google.com/bot.html)"
216.244.66.198 - - [03/Jul/2017:04:12:57 -0700] "GET /offline-sites/colt-green/industrial.php HTTP/1.1" 200 3735 "-" "Mozilla/5.0 (compatible; DotBot/1.1; http://www.opensiteexplorer.org/dotbot, help@moz.com)"
148.251.226.74 - - [03/Jul/2017:04:24:12 -0700] "GET /offline-sites/sattvamassage/feed/ HTTP/1.1" 200 4592 "-" "AwarioRssBot/1.0 (+https://awario.com/bots.html; bots@awario.com)"
216.244.66.250 - - [03/Jul/2017:04:37:18 -0700] "GET /offline-sites/colt-green/commercial.php HTTP/1.1" 200 3698 "-" "Mozilla/5.0 (compatible; DotBot/1.1; http://www.opensiteexplorer.org/dotbot, help@moz.com)"
200.149.67.154 - - [03/Jul/2017:05:15:07 -0700] "GET /wp-login.php HTTP/1.1" 404 - "-" "Mozilla/5.0 (Windows NT 6.1; WOW64; rv:40.0) Gecko/20100101 Firefox/40.1"
200.149.67.154 - - [03/Jul/2017:05:15:07 -0700] "GET / HTTP/1.1" 200 30603 "-" "Mozilla/5.0 (Windows NT 6.1; WOW64; rv:40.0) Gecko/20100101 Firefox/40.1"
66.249.79.85 - - [03/Jul/2017:05:18:52 -0700] "GET /offline-sites/colt-green/_css/styles.css?1478411369 HTTP/1.1" 200 2959 "http://www.evergreenwebdesign.com/offline-sites/colt-green/industrial.php" "Mozilla/5.0 (compatible; Googlebot/2.1; +http://www.google.com/bot.html)"
66.249.79.87 - - [03/Jul/2017:05:18:53 -0700] "GET /offline-sites/colt-green/_css/styles.css?1478411369 HTTP/1.1" 200 2959 "http://www.evergreenwebdesign.com/offline-sites/colt-green/industrial.php" "Mozilla/5.0 (Linux; Android 6.0.1; Nexus 5X Build/MMB29P) AppleWebKit/537.36 (KHTML, like Gecko) Chrome/41.0.2272.96 Mobile Safari/537.36 (compatible; Googlebot/2.1; +http://www.google.com/bot.html)"
180.76.15.21 - - [03/Jul/2017:05:19:06 -0700] "GET / HTTP/1.1" 200 9073 "-" "Mozilla/5.0 (compatible; Baiduspider/2.0; +http://www.baidu.com/search/spider.html)"
74.115.214.149 - - [03/Jul/2017:05:19:08 -0700] "HEAD / HTTP/1.1" 200 - "http://uptime-alpha.net/evergreenwebdesign.com" "Mozilla/5.0 (compatible; Uptimebot/1.0; +http://www.uptime.com/uptimebot)"
157.55.39.17 - - [03/Jul/2017:05:33:45 -0700] "GET /_images/rookiesevergreen-website.jpg HTTP/1.1" 200 14562 "-" "Mozilla/5.0 (compatible; bingbot/2.0; +http://www.bing.com/bingbot.htm)"
92.255.99.128 - - [03/Jul/2017:06:11:29 -0700] "POST /javascript:fg_submit_form() HTTP/1.1" 404 - "-" "Mozilla/4.0 (compatible; MSIE 6.0; Windows NT 5.1; .NET CLR 1.1.4322)"
92.255.99.128 - - [03/Jul/2017:06:13:37 -0700] "POST /javascript:fg_submit_form() HTTP/1.1" 404 - "-" "Mozilla/4.0 (compatible; MSIE 6.0; Windows NT 5.1; .NET CLR 1.1.4322)"
216.244.66.198 - - [03/Jul/2017:06:16:22 -0700] "GET /offline-sites/colt-green/industrial.php HTTP/1.1" 200 3735 "-" "Mozilla/5.0 (compatible; DotBot/1.1; http://www.opensiteexplorer.org/dotbot, help@moz.com)"
148.251.226.74 - - [03/Jul/2017:06:24:20 -0700] "GET /offline-sites/sattvamassage/feed/ HTTP/1.1" 200 4592 "-" "AwarioRssBot/1.0 (+https://awario.com/bots.html; bots@awario.com)"
180.76.15.10 - - [03/Jul/2017:06:26:02 -0700] "GET /offline-sites/acts/worshipServices.htm HTTP/1.1" 200 3354 "-" "Mozilla/5.0 (compatible; Baiduspider/2.0; +http://www.baidu.com/search/spider.html)"
216.244.66.198 - - [03/Jul/2017:06:38:41 -0700] "GET /robots.txt HTTP/1.1" 200 56 "-" "Mozilla/5.0 (compatible; DotBot/1.1; http://www.opensiteexplorer.org/dotbot, help@moz.com)"
5.36.137.179 - - [03/Jul/2017:07:04:52 -0700] "GET /wp-login.php HTTP/1.1" 404 - "-" "Mozilla/5.0 (Windows NT 6.1; WOW64; rv:40.0) Gecko/20100101 Firefox/40.1"
5.36.137.179 - - [03/Jul/2017:07:04:52 -0700] "GET / HTTP/1.1" 200 30603 "-" "Mozilla/5.0 (Windows NT 6.1; WOW64; rv:40.0) Gecko/20100101 Firefox/40.1"
216.244.66.198 - - [03/Jul/2017:07:16:06 -0700] "GET /offline-sites/theburn2012/category_explanations.htm HTTP/1.1" 200 15210 "-" "Mozilla/5.0 (compatible; DotBot/1.1; http://www.opensiteexplorer.org/dotbot, help@moz.com)"
180.76.15.11 - - [03/Jul/2017:07:57:34 -0700] "GET /offline-sites/sattvamassage/wp-content/plugins/photo-gallery/js/bwg_gallery_box.js HTTP/1.1" 200 2212 "-" "Mozilla/5.0 (compatible; Baiduspider/2.0; +http://www.baidu.com/search/spider.html)"
35.184.58.54 - - [03/Jul/2017:08:03:50 -0700] "GET / HTTP/1.0" 200 30603 "http://evergreenwebdesign.com/" "Mozilla/5.0 (compatible; MSIE 9.0; Windows NT 6.1; Trident/5.0; Trident/5.0)"
35.184.58.54 - - [03/Jul/2017:08:03:52 -0700] "POST /javascript:fg_submit_form%28%29 HTTP/1.0" 404 - "http://evergreenwebdesign.com/" "Mozilla/5.0 (compatible; MSIE 9.0; Windows NT 6.1; Trident/5.0; Trident/5.0)"
148.251.226.74 - - [03/Jul/2017:08:24:28 -0700] "GET /offline-sites/sattvamassage/feed/ HTTP/1.1" 200 4592 "-" "AwarioRssBot/1.0 (+https://awario.com/bots.html; bots@awario.com)"
164.132.161.33 - - [03/Jul/2017:08:51:11 -0700] "GET /offline-sites/colt-green/credentials.php HTTP/1.1" 200 1941 "-" "Mozilla/5.0 (compatible; AhrefsBot/5.2; +http://ahrefs.com/robot/)"
12.151.244.131 - - [03/Jul/2017:09:19:25 -0700] "GET / HTTP/1.0" 200 30603 "http://evergreenwebdesign.com/" "Mozilla/5.0 (Windows NT 10.0; WOW64) AppleWebKit/537.36 (KHTML, like Gecko) Chrome/56.0.2924.87 YaBrowser/17.3.0.1785 Yowser/2.5 Safari/537.36"
12.151.244.131 - - [03/Jul/2017:09:19:26 -0700] "POST /javascript:fg_submit_form%28%29 HTTP/1.0" 404 - "http://evergreenwebdesign.com/" "Mozilla/5.0 (Windows NT 10.0; WOW64) AppleWebKit/537.36 (KHTML, like Gecko) Chrome/56.0.2924.87 YaBrowser/17.3.0.1785 Yowser/2.5 Safari/537.36"
180.76.15.146 - - [03/Jul/2017:09:31:48 -0700] "GET /offline-sites/acts/communityGroups.htm HTTP/1.1" 200 3984 "-" "Mozilla/5.0 (compatible; Baiduspider/2.0; +http://www.baidu.com/search/spider.html)"
66.249.79.87 - - [03/Jul/2017:09:31:51 -0700] "GET /offline-sites/fhl/images/publication01.jpg HTTP/1.1" 304 - "-" "Googlebot-Image/1.0"
148.251.226.74 - - [03/Jul/2017:10:24:36 -0700] "GET /offline-sites/sattvamassage/feed/ HTTP/1.1" 200 4592 "-" "AwarioRssBot/1.0 (+https://awario.com/bots.html; bots@awario.com)"
46.174.114.209 - - [03/Jul/2017:10:34:04 -0700] "GET / HTTP/1.1" 200 9072 "http://evergreenwebdesign.com/" "Mozilla/5.0 (Windows NT 6.3; WOW64) AppleWebKit/534.04.51 (KHTML, like Gecko) Chrome/57.5.9291.4929 Safari/534.44"
46.174.114.209 - - [03/Jul/2017:10:34:05 -0700] "GET /blog/ HTTP/1.1" 404 - "http://evergreenwebdesign.com/" "Mozilla/5.0 (Windows NT 6.3; WOW64) AppleWebKit/534.04.51 (KHTML, like Gecko) Chrome/57.5.9291.4929 Safari/534.44"
208.43.225.84 - - [03/Jul/2017:11:01:11 -0700] "GET /robots.txt HTTP/1.1" 200 56 "-" "Mozilla/5.0 (compatible; SiteExplorer/1.1b; +http://siteexplorer.info/Backlink-Checker-Spider/)"
208.43.225.84 - - [03/Jul/2017:11:01:15 -0700] "GET / HTTP/1.1" 200 9070 "-" "Mozilla/5.0 (compatible; SiteExplorer/1.1b; +http://siteexplorer.info/Backlink-Checker-Spider/)"
123.125.71.60 - - [03/Jul/2017:11:22:13 -0700] "GET / HTTP/1.1" 200 9070 "-" "Mozilla/5.0 (compatible; Baiduspider/2.0; +http://www.baidu.com/search/spider.html)"
148.251.226.74 - - [03/Jul/2017:12:24:46 -0700] "GET /offline-sites/sattvamassage/feed/ HTTP/1.1" 200 4592 "-" "AwarioRssBot/1.0 (+https://awario.com/bots.html; bots@awario.com)"
107.180.50.187 - - [03/Jul/2017:12:24:52 -0700] "POST /offline-sites/sattvamassage/wp-cron.php?doing_wp_cron=1499109892.5192689895629882812500 HTTP/1.1" 200 - "http://www.evergreenwebdesign.com/offline-sites/sattvamassage/wp-cron.php?doing_wp_cron=1499109892.5192689895629882812500" "WordPress/4.7.5; http://www.evergreenwebdesign.com/offline-sites/sattvamassage"
216.218.134.12 - - [03/Jul/2017:12:54:30 -0700] "GET / HTTP/1.0" 200 30603 "http://futanari.episodes.sexblog.pw" "Mozilla/5.0 (Windows NT 10.0; WOW64) AppleWebKit/537.36 (KHTML, like Gecko) Chrome/57.0.2987.133 Safari/537.36"
84.193.184.14 - - [03/Jul/2017:12:54:48 -0700] "GET /wp-login.php HTTP/1.1" 404 - "-" "Mozilla/5.0 (Windows NT 6.1; WOW64; rv:40.0) Gecko/20100101 Firefox/40.1"
84.193.184.14 - - [03/Jul/2017:12:54:48 -0700] "GET / HTTP/1.1" 200 30603 "-" "Mozilla/5.0 (Windows NT 6.1; WOW64; rv:40.0) Gecko/20100101 Firefox/40.1"
81.244.94.204 - - [03/Jul/2017:13:56:34 -0700] "GET /wp-login.php HTTP/1.1" 404 - "-" "Mozilla/5.0 (Windows NT 6.1; WOW64; rv:40.0) Gecko/20100101 Firefox/40.1"
81.244.94.204 - - [03/Jul/2017:13:56:34 -0700] "GET / HTTP/1.1" 200 30603 "-" "Mozilla/5.0 (Windows NT 6.1; WOW64; rv:40.0) Gecko/20100101 Firefox/40.1"
216.244.66.198 - - [03/Jul/2017:13:57:42 -0700] "GET /robots.txt HTTP/1.1" 200 56 "-" "Mozilla/5.0 (compatible; DotBot/1.1; http://www.opensiteexplorer.org/dotbot, help@moz.com)"
148.251.226.74 - - [03/Jul/2017:14:24:53 -0700] "GET /offline-sites/sattvamassage/feed/ HTTP/1.1" 200 4592 "-" "AwarioRssBot/1.0 (+https://awario.com/bots.html; bots@awario.com)"
77.75.79.119 - - [03/Jul/2017:14:29:50 -0700] "GET /robots.txt HTTP/1.1" 200 56 "-" "Mozilla/5.0 (compatible; SeznamBot/3.2; +http://napoveda.seznam.cz/en/seznambot-intro/)"
77.75.79.119 - - [03/Jul/2017:14:29:52 -0700] "GET /offline-sites/acts/calendar.htm HTTP/1.1" 304 - "-" "Mozilla/5.0 (compatible; SeznamBot/3.2; +http://napoveda.seznam.cz/en/seznambot-intro/)"
220.181.51.116 - - [03/Jul/2017:14:30:16 -0700] "GET /robots.txt HTTP/1.1" 200 56 "-" "Mozilla/5.0 (Windows NT 10.0; WOW64) AppleWebKit/537.36 (KHTML, like Gecko) Chrome/45.0.2454.93 Safari/537.36"
216.244.66.198 - - [03/Jul/2017:14:34:50 -0700] "GET /offline-sites/theburn2012/ter_bod/ HTTP/1.1" 200 1264 "-" "Mozilla/5.0 (compatible; DotBot/1.1; http://www.opensiteexplorer.org/dotbot, help@moz.com)"
41.215.172.69 - - [03/Jul/2017:15:03:36 -0700] "GET /wp-login.php HTTP/1.1" 404 - "-" "Mozilla/5.0 (Windows NT 6.1; WOW64; rv:40.0) Gecko/20100101 Firefox/40.1"
41.215.172.69 - - [03/Jul/2017:15:03:37 -0700] "GET / HTTP/1.1" 200 30603 "-" "Mozilla/5.0 (Windows NT 6.1; WOW64; rv:40.0) Gecko/20100101 Firefox/40.1"
77.75.78.166 - - [03/Jul/2017:15:13:11 -0700] "GET /robots.txt HTTP/1.1" 200 56 "-" "Mozilla/5.0 (compatible; SeznamBot/3.2; +http://napoveda.seznam.cz/en/seznambot-intro/)"
77.75.78.166 - - [03/Jul/2017:15:13:12 -0700] "GET / HTTP/1.1" 200 9072 "-" "Mozilla/5.0 (compatible; SeznamBot/3.2; +http://napoveda.seznam.cz/en/seznambot-intro/)"
54.85.236.227 - - [03/Jul/2017:15:16:26 -0700] "GET /robots.txt HTTP/1.0" 200 56 "-" "Opera Nutch Spider/Nutch-1.13"
54.85.236.227 - - [03/Jul/2017:15:16:26 -0700] "GET / HTTP/1.0" 200 9068 "-" "Opera Nutch Spider/Nutch-1.13"
66.249.79.87 - - [03/Jul/2017:15:19:56 -0700] "GET /Services.aspx HTTP/1.1" 404 - "-" "Mozilla/5.0 (compatible; Googlebot/2.1; +http://www.google.com/bot.html)"
180.76.15.27 - - [03/Jul/2017:15:31:25 -0700] "GET /robots.txt HTTP/1.1" 200 56 "-" "Mozilla/5.0 (Windows NT 5.1; rv:6.0.2) Gecko/20100101 Firefox/6.0.2"
95.187.53.221 - - [03/Jul/2017:15:39:38 -0700] "GET /wp-login.php HTTP/1.1" 404 - "-" "Mozilla/5.0 (Windows NT 6.1; WOW64; rv:40.0) Gecko/20100101 Firefox/40.1"
95.187.53.221 - - [03/Jul/2017:15:39:38 -0700] "GET / HTTP/1.1" 200 30603 "-" "Mozilla/5.0 (Windows NT 6.1; WOW64; rv:40.0) Gecko/20100101 Firefox/40.1"
148.251.226.74 - - [03/Jul/2017:16:25:01 -0700] "GET /offline-sites/sattvamassage/feed/ HTTP/1.1" 200 4592 "-" "AwarioRssBot/1.0 (+https://awario.com/bots.html; bots@awario.com)"
103.6.214.253 - - [03/Jul/2017:16:30:06 -0700] "GET /wp-login.php HTTP/1.1" 404 - "-" "Mozilla/5.0 (Windows NT 6.1; WOW64; rv:40.0) Gecko/20100101 Firefox/40.1"
103.6.214.253 - - [03/Jul/2017:16:30:06 -0700] "GET / HTTP/1.1" 200 30603 "-" "Mozilla/5.0 (Windows NT 6.1; WOW64; rv:40.0) Gecko/20100101 Firefox/40.1"
77.75.79.101 - - [03/Jul/2017:16:31:59 -0700] "GET /robots.txt HTTP/1.1" 200 56 "-" "Mozilla/5.0 (compatible; SeznamBot/3.2; +http://napoveda.seznam.cz/en/seznambot-intro/)"
77.75.79.101 - - [03/Jul/2017:16:32:01 -0700] "GET /offline-sites/acts/iTunes.htm HTTP/1.1" 304 - "-" "Mozilla/5.0 (compatible; SeznamBot/3.2; +http://napoveda.seznam.cz/en/seznambot-intro/)"
172.241.151.29 - - [03/Jul/2017:16:34:43 -0700] "HEAD / HTTP/1.1" 200 - "http://uptime-gamma.net/evergreenwebdesign.com" "Mozilla/5.0 (compatible; Uptimebot/1.0; +http://www.uptime.com/uptimebot)"
138.197.111.143 - - [03/Jul/2017:16:38:18 -0700] "GET / HTTP/1.1" 200 9070 "-" "Mozilla/5.0 (Windows NT 6.1; WOW64; rv:21.0) Gecko/20100101 Firefox/21.0"
138.197.111.143 - - [03/Jul/2017:16:38:18 -0700] "GET /_scripts/modernizr.js?1499125098 HTTP/1.1" 200 5779 "http://evergreenwebdesign.com/" "Mozilla/5.0 (Windows NT 6.1; WOW64; rv:21.0) Gecko/20100101 Firefox/21.0"
138.197.111.143 - - [03/Jul/2017:16:38:18 -0700] "GET /_scripts/fg_form_submitter.js HTTP/1.1" 200 442 "http://evergreenwebdesign.com/" "Mozilla/5.0 (Windows NT 6.1; WOW64; rv:21.0) Gecko/20100101 Firefox/21.0"
138.197.111.143 - - [03/Jul/2017:16:38:18 -0700] "GET /_scripts/fg_ajax.js HTTP/1.1" 200 799 "http://evergreenwebdesign.com/" "Mozilla/5.0 (Windows NT 6.1; WOW64; rv:21.0) Gecko/20100101 Firefox/21.0"
138.197.111.143 - - [03/Jul/2017:16:38:18 -0700] "GET /_scripts/fg_moveable_popup-breakpoint.js HTTP/1.1" 200 193 "http://evergreenwebdesign.com/" "Mozilla/5.0 (Windows NT 6.1; WOW64; rv:21.0) Gecko/20100101 Firefox/21.0"
